Archive member included to satisfy reference by file (symbol)

c:/development/quartus/nios2eds/bin/gnu/h-x86_64-mingw32/bin/../lib/gcc/nios2-elf/10.1.1/../../../../../H-x86_64-mingw32/nios2-elf/lib/mno-hw-mul\libstdc++.a(class_type_info.o)
                              obj/default/20-sim/common/xxinteg.o (vtable for __cxxabiv1::__class_type_info)
c:/development/quartus/nios2eds/bin/gnu/h-x86_64-mingw32/bin/../lib/gcc/nios2-elf/10.1.1/../../../../../H-x86_64-mingw32/nios2-elf/lib/mno-hw-mul\libstdc++.a(del_ops.o)
                              obj/default/20-sim/common/xxinteg.o (operator delete(void*, unsigned int))
c:/development/quartus/nios2eds/bin/gnu/h-x86_64-mingw32/bin/../lib/gcc/nios2-elf/10.1.1/../../../../../H-x86_64-mingw32/nios2-elf/lib/mno-hw-mul\libstdc++.a(del_opv.o)
                              obj/default/20-sim/pan/PositionControllerPan.o (operator delete[](void*))
c:/development/quartus/nios2eds/bin/gnu/h-x86_64-mingw32/bin/../lib/gcc/nios2-elf/10.1.1/../../../../../H-x86_64-mingw32/nios2-elf/lib/mno-hw-mul\libstdc++.a(eh_personality.o)
                              obj/default/20-sim/pan/PositionControllerPan.o (__gxx_personality_sj0)
c:/development/quartus/nios2eds/bin/gnu/h-x86_64-mingw32/bin/../lib/gcc/nios2-elf/10.1.1/../../../../../H-x86_64-mingw32/nios2-elf/lib/mno-hw-mul\libstdc++.a(eh_terminate.o)
                              c:/development/quartus/nios2eds/bin/gnu/h-x86_64-mingw32/bin/../lib/gcc/nios2-elf/10.1.1/../../../../../H-x86_64-mingw32/nios2-elf/lib/mno-hw-mul\libstdc++.a(eh_personality.o) (__cxxabiv1::__terminate(void (*)()))
c:/development/quartus/nios2eds/bin/gnu/h-x86_64-mingw32/bin/../lib/gcc/nios2-elf/10.1.1/../../../../../H-x86_64-mingw32/nios2-elf/lib/mno-hw-mul\libstdc++.a(eh_throw.o)
                              c:/development/quartus/nios2eds/bin/gnu/h-x86_64-mingw32/bin/../lib/gcc/nios2-elf/10.1.1/../../../../../H-x86_64-mingw32/nios2-elf/lib/mno-hw-mul\libstdc++.a(eh_personality.o) (__cxa_throw)
c:/development/quartus/nios2eds/bin/gnu/h-x86_64-mingw32/bin/../lib/gcc/nios2-elf/10.1.1/../../../../../H-x86_64-mingw32/nios2-elf/lib/mno-hw-mul\libstdc++.a(eh_unex_handler.o)
                              c:/development/quartus/nios2eds/bin/gnu/h-x86_64-mingw32/bin/../lib/gcc/nios2-elf/10.1.1/../../../../../H-x86_64-mingw32/nios2-elf/lib/mno-hw-mul\libstdc++.a(eh_terminate.o) (__cxxabiv1::__unexpected_handler)
c:/development/quartus/nios2eds/bin/gnu/h-x86_64-mingw32/bin/../lib/gcc/nios2-elf/10.1.1/../../../../../H-x86_64-mingw32/nios2-elf/lib/mno-hw-mul\libstdc++.a(function_type_info.o)
                              obj/default/main.o (vtable for __cxxabiv1::__function_type_info)
c:/development/quartus/nios2eds/bin/gnu/h-x86_64-mingw32/bin/../lib/gcc/nios2-elf/10.1.1/../../../../../H-x86_64-mingw32/nios2-elf/lib/mno-hw-mul\libstdc++.a(new_opv.o)
                              obj/default/20-sim/pan/PositionControllerPan.o (operator new[](unsigned int))
c:/development/quartus/nios2eds/bin/gnu/h-x86_64-mingw32/bin/../lib/gcc/nios2-elf/10.1.1/../../../../../H-x86_64-mingw32/nios2-elf/lib/mno-hw-mul\libstdc++.a(pointer_type_info.o)
                              obj/default/main.o (vtable for __cxxabiv1::__pointer_type_info)
c:/development/quartus/nios2eds/bin/gnu/h-x86_64-mingw32/bin/../lib/gcc/nios2-elf/10.1.1/../../../../../H-x86_64-mingw32/nios2-elf/lib/mno-hw-mul\libstdc++.a(si_class_type_info.o)
                              obj/default/20-sim/common/xxinteg.o (vtable for __cxxabiv1::__si_class_type_info)
c:/development/quartus/nios2eds/bin/gnu/h-x86_64-mingw32/bin/../lib/gcc/nios2-elf/10.1.1/../../../../../H-x86_64-mingw32/nios2-elf/lib/mno-hw-mul\libstdc++.a(tinfo.o)
                              c:/development/quartus/nios2eds/bin/gnu/h-x86_64-mingw32/bin/../lib/gcc/nios2-elf/10.1.1/../../../../../H-x86_64-mingw32/nios2-elf/lib/mno-hw-mul\libstdc++.a(class_type_info.o) (std::type_info::~type_info())
c:/development/quartus/nios2eds/bin/gnu/h-x86_64-mingw32/bin/../lib/gcc/nios2-elf/10.1.1/../../../../../H-x86_64-mingw32/nios2-elf/lib/mno-hw-mul\libstdc++.a(vmi_class_type_info.o)
                              obj/default/20-sim/pan/PositionControllerPan.o (vtable for __cxxabiv1::__vmi_class_type_info)
c:/development/quartus/nios2eds/bin/gnu/h-x86_64-mingw32/bin/../lib/gcc/nios2-elf/10.1.1/../../../../../H-x86_64-mingw32/nios2-elf/lib/mno-hw-mul\libstdc++.a(functional.o)
                              obj/default/serial/uart.o (std::__throw_bad_function_call())
c:/development/quartus/nios2eds/bin/gnu/h-x86_64-mingw32/bin/../lib/gcc/nios2-elf/10.1.1/../../../../../H-x86_64-mingw32/nios2-elf/lib/mno-hw-mul\libstdc++.a(del_op.o)
                              c:/development/quartus/nios2eds/bin/gnu/h-x86_64-mingw32/bin/../lib/gcc/nios2-elf/10.1.1/../../../../../H-x86_64-mingw32/nios2-elf/lib/mno-hw-mul\libstdc++.a(del_ops.o) (operator delete(void*))
[...]
Memory Configuration

Name             Origin             Length             Attributes
reset            0x0000000000010000 0x0000000000000020
onchip_mem       0x0000000000010020 0x0000000000009fe0
*default*        0x0000000000000000 0xffffffffffffffff

Linker script and memory map

LOAD c:/Users/gteho/Repositories/EMSYS-LAB/nios/software/jiwy_controller_20_sim_bsp//obj/HAL/src/crt0.o
LOAD obj/default/20-sim/common/xxinteg.o
LOAD obj/default/20-sim/pan/PositionControllerPan.o
LOAD obj/default/20-sim/tilt/PositionControllerTilt.o
LOAD obj/default/main.o
LOAD obj/default/motor_driver/encoder.o
LOAD obj/default/motor_driver/motor.o
LOAD obj/default/serial/uart.o
LOAD c:/development/quartus/nios2eds/bin/gnu/h-x86_64-mingw32/bin/../lib/gcc/nios2-elf/10.1.1/../../../../../H-x86_64-mingw32/nios2-elf/lib/mno-hw-mul\libstdc++.a
LOAD ../jiwy_controller_20_sim_bsp//newlib/nios2-elf/lib\libm.a
LOAD c:/development/quartus/nios2eds/bin/gnu/h-x86_64-mingw32/bin/../lib/gcc/nios2-elf/10.1.1/mno-hw-mul\libgcc.a
START GROUP
LOAD ../jiwy_controller_20_sim_bsp//newlib/nios2-elf/lib\libsmallc.a
LOAD c:/development/quartus/nios2eds/bin/gnu/h-x86_64-mingw32/bin/../lib/gcc/nios2-elf/10.1.1/mno-hw-mul\libgcc.a
LOAD c:/Users/gteho/Repositories/EMSYS-LAB/nios/software/jiwy_controller_20_sim_bsp/\libhal_bsp.a
LOAD ../jiwy_controller_20_sim_bsp//newlib/nios2-elf/lib\libm.a
END GROUP
LOAD c:/development/quartus/nios2eds/bin/gnu/h-x86_64-mingw32/bin/../lib/gcc/nios2-elf/10.1.1/mno-hw-mul\libgcc.a
                0x0000000000010000                __alt_mem_onchip_mem = 0x10000

.entry          0x0000000000010000       0x20
 *(.entry)
 .entry         0x0000000000010000       0x20 c:/Users/gteho/Repositories/EMSYS-LAB/nios/software/jiwy_controller_20_sim_bsp//obj/HAL/src/crt0.o
                0x0000000000010000                __reset

.exceptions     0x0000000000010020      0x160
                0x0000000000010020                PROVIDE (__ram_exceptions_start = ABSOLUTE (.))
                0x0000000000010020                . = ALIGN (0x20)
 *(.irq)
 *(.exceptions.entry.label)
 .exceptions.entry.label
                0x0000000000010020        0x0 c:/Users/gteho/Repositories/EMSYS-LAB/nios/software/jiwy_controller_20_sim_bsp/\libhal_bsp.a(alt_irq_entry.o)
                0x0000000000010020                alt_irq_entry
 .exceptions.entry.label
                0x0000000000010020        0x0 c:/Users/gteho/Repositories/EMSYS-LAB/nios/software/jiwy_controller_20_sim_bsp/\libhal_bsp.a(alt_exception_entry.o)
                0x0000000000010020                alt_exception
 *(.exceptions.entry.user)
 *(.exceptions.entry.ecc_fatal)
 *(.exceptions.entry)
 .exceptions.entry
                0x0000000000010020       0x54 c:/Users/gteho/Repositories/EMSYS-LAB/nios/software/jiwy_controller_20_sim_bsp/\libhal_bsp.a(alt_exception_entry.o)
 *(.exceptions.irqtest.user)
 *(.exceptions.irqtest)
 .exceptions.irqtest
                0x0000000000010074       0x10 c:/Users/gteho/Repositories/EMSYS-LAB/nios/software/jiwy_controller_20_sim_bsp/\libhal_bsp.a(alt_irq_entry.o)
 *(.exceptions.irqhandler.user)
 *(.exceptions.irqhandler)
 .exceptions.irqhandler
                0x0000000000010084        0x4 c:/Users/gteho/Repositories/EMSYS-LAB/nios/software/jiwy_controller_20_sim_bsp/\libhal_bsp.a(alt_irq_entry.o)
 *(.exceptions.irqreturn.user)
 *(.exceptions.irqreturn)
 .exceptions.irqreturn
                0x0000000000010088        0x4 c:/Users/gteho/Repositories/EMSYS-LAB/nios/software/jiwy_controller_20_sim_bsp/\libhal_bsp.a(alt_irq_entry.o)
 *(.exceptions.notirq.label)
 .exceptions.notirq.label
                0x000000000001008c        0x0 c:/Users/gteho/Repositories/EMSYS-LAB/nios/software/jiwy_controller_20_sim_bsp/\libhal_bsp.a(alt_irq_entry.o)
 *(.exceptions.notirq.user)
 *(.exceptions.notirq)
 .exceptions.notirq
                0x000000000001008c        0x8 c:/Users/gteho/Repositories/EMSYS-LAB/nios/software/jiwy_controller_20_sim_bsp/\libhal_bsp.a(alt_exception_entry.o)
 *(.exceptions.soft.user)
 *(.exceptions.soft)
 *(.exceptions.unknown.user)
 *(.exceptions.unknown)
 .exceptions.unknown
                0x0000000000010094       0x14 c:/Users/gteho/Repositories/EMSYS-LAB/nios/software/jiwy_controller_20_sim_bsp/\libhal_bsp.a(alt_exception_entry.o)
 *(.exceptions.exit.label)
 .exceptions.exit.label
                0x00000000000100a8        0x0 c:/Users/gteho/Repositories/EMSYS-LAB/nios/software/jiwy_controller_20_sim_bsp/\libhal_bsp.a(alt_irq_entry.o)
 .exceptions.exit.label
                0x00000000000100a8        0x0 c:/Users/gteho/Repositories/EMSYS-LAB/nios/software/jiwy_controller_20_sim_bsp/\libhal_bsp.a(alt_exception_entry.o)
 *(.exceptions.exit.user)
 *(.exceptions.exit)
 .exceptions.exit
                0x00000000000100a8       0x54 c:/Users/gteho/Repositories/EMSYS-LAB/nios/software/jiwy_controller_20_sim_bsp/\libhal_bsp.a(alt_exception_entry.o)
 *(.exceptions)
 .exceptions    0x00000000000100fc       0x60 c:/Users/gteho/Repositories/EMSYS-LAB/nios/software/jiwy_controller_20_sim_bsp/\libhal_bsp.a(alt_irq_handler.o)
                0x00000000000100fc                alt_irq_handler
 .exceptions    0x000000000001015c       0x24 c:/Users/gteho/Repositories/EMSYS-LAB/nios/software/jiwy_controller_20_sim_bsp/\libhal_bsp.a(alt_instruction_exception_entry.o)
                0x000000000001015c                alt_instruction_exception_entry
                0x0000000000010180                PROVIDE (__ram_exceptions_end = ABSOLUTE (.))
                0x0000000000010020                PROVIDE (__flash_exceptions_start = LOADADDR (.exceptions))

.text           0x0000000000010180     0x6ae4
                [!provide]                        PROVIDE (stext = ABSOLUTE (.))
 *(.interp)
 *(.hash)
 *(.dynsym)
 *(.dynstr)
 *(.gnu.version)
 *(.gnu.version_d)
 *(.gnu.version_r)
 *(.rel.init)
 *(.rela.init)
 *(.rel.text .rel.text.* .rel.gnu.linkonce.t.*)
 *(.rela.text .rela.text.* .rela.gnu.linkonce.t.*)
 *(.rel.fini)
 *(.rela.fini)
 *(.rel.rodata .rel.rodata.* .rel.gnu.linkonce.r.*)
 *(.rela.rodata .rela.rodata.* .rela.gnu.linkonce.r.*)
 *(.rel.data .rel.data.* .rel.gnu.linkonce.d.*)
 *(.rela.data .rela.data.* .rela.gnu.linkonce.d.*)
 *(.rel.tdata .rel.tdata.* .rel.gnu.linkonce.td.*)
 *(.rela.tdata .rela.tdata.* .rela.gnu.linkonce.td.*)
 *(.rel.tbss .rel.tbss.* .rel.gnu.linkonce.tb.*)
 *(.rela.tbss .rela.tbss.* .rela.gnu.linkonce.tb.*)
 *(.rel.ctors)
 *(.rela.ctors)
 *(.rel.dtors)
 *(.rela.dtors)
 *(.rel.got)
 *(.rela.got)
 *(.rel.sdata .rel.sdata.* .rel.gnu.linkonce.s.*)
 *(.rela.sdata .rela.sdata.* .rela.gnu.linkonce.s.*)
 *(.rel.sbss .rel.sbss.* .rel.gnu.linkonce.sb.*)
 *(.rela.sbss .rela.sbss.* .rela.gnu.linkonce.sb.*)
 *(.rel.sdata2 .rel.sdata2.* .rel.gnu.linkonce.s2.*)
 *(.rela.sdata2 .rela.sdata2.* .rela.gnu.linkonce.s2.*)
 *(.rel.sbss2 .rel.sbss2.* .rel.gnu.linkonce.sb2.*)
 *(.rela.sbss2 .rela.sbss2.* .rela.gnu.linkonce.sb2.*)
 *(.rel.bss .rel.bss.* .rel.gnu.linkonce.b.*)
 *(.rela.bss .rela.bss.* .rela.gnu.linkonce.b.*)
 *(.rel.plt)
 *(.rela.plt)
 *(.rel.dyn)
 *(.init)
 *(.plt)
 *(.text .stub .text.* .gnu.linkonce.t.*)
 .text          0x0000000000010180       0x3c c:/Users/gteho/Repositories/EMSYS-LAB/nios/software/jiwy_controller_20_sim_bsp//obj/HAL/src/crt0.o
                0x0000000000010180                _start
 .text          0x00000000000101bc       0x8c obj/default/20-sim/common/xxinteg.o
                0x00000000000101bc                Discrete::~Discrete()
                0x00000000000101bc                Discrete::~Discrete()
                0x00000000000101c0                Discrete::Initialize(Submodel20sim*)
                0x00000000000101d0                Discrete::Terminate()
                0x00000000000101d4                Discrete::Step()
                0x000000000001022c                Discrete::~Discrete()
                0x0000000000010234                Discrete::Discrete()
                0x0000000000010234                Discrete::Discrete()
 .text          0x0000000000010248      0xc74 obj/default/20-sim/pan/PositionControllerPan.o
                0x0000000000010248                PositionControllerPan::CalculateDynamic()
                0x0000000000010338                virtual thunk to PositionControllerPan::CalculateDynamic()
                0x0000000000010350                PositionControllerPan::CopyInputsToVariables(float*)
                0x0000000000010374                PositionControllerPan::CopyVariablesToOutputs(float*)
                0x0000000000010398                PositionControllerPan::Reset(float)
                0x00000000000104d8                PositionControllerPan::IsFinished()
                0x00000000000104e4                PositionControllerPan::Terminate(float*, float*)
                0x000000000001051c                PositionControllerPan::CalculateInitial()
                0x0000000000010520                PositionControllerPan::CalculateStatic()
                0x0000000000010524                PositionControllerPan::CalculateInput()
                0x0000000000010528                PositionControllerPan::CalculateOutput()
                0x000000000001054c                PositionControllerPan::CalculateFinal()
                0x0000000000010550                PositionControllerPan::SetFinishTime(float)
                0x0000000000010a6c                PositionControllerPan::PositionControllerPan()
                0x0000000000010a78                PositionControllerPan::PositionControllerPan()
                0x0000000000010c1c                PositionControllerPan::~PositionControllerPan()
                0x0000000000010c28                PositionControllerPan::~PositionControllerPan()
                0x0000000000010c34                virtual thunk to PositionControllerPan::~PositionControllerPan()
                0x0000000000010c4c                PositionControllerPan::~PositionControllerPan()
                0x0000000000010c78                virtual thunk to PositionControllerPan::~PositionControllerPan()
                0x0000000000010c90                PositionControllerPan::Initialize(float*, float*, float)
                0x0000000000010dc0                PositionControllerPan::Calculate(float*, float*)
 .text._ZN13Submodel20sim16CalculateDynamicEv
                0x0000000000010ebc        0x4 obj/default/20-sim/pan/PositionControllerPan.o
                0x0000000000010ebc                Submodel20sim::CalculateDynamic()
 .text._ZN13Submodel20simD2Ev
                0x0000000000010ec0        0x4 obj/default/20-sim/pan/PositionControllerPan.o
                0x0000000000010ec0                Submodel20sim::~Submodel20sim()
                0x0000000000010ec0                Submodel20sim::~Submodel20sim()
 .text._ZN13Submodel20simD0Ev
                0x0000000000010ec4        0x8 obj/default/20-sim/pan/PositionControllerPan.o
                0x0000000000010ec4                Submodel20sim::~Submodel20sim()
 .text          0x0000000000010ecc      0xc80 obj/default/20-sim/tilt/PositionControllerTilt.o
                0x0000000000010ecc                PositionControllerTilt::CalculateDynamic()
                0x0000000000010fd0                virtual thunk to PositionControllerTilt::CalculateDynamic()
                0x0000000000010fe8                PositionControllerTilt::CopyInputsToVariables(float*)
                0x0000000000011014                PositionControllerTilt::CopyVariablesToOutputs(float*)
                0x0000000000011030                PositionControllerTilt::Reset(float)
                0x0000000000011170                PositionControllerTilt::IsFinished()
                0x000000000001117c                PositionControllerTilt::Terminate(float*, float*)
                0x00000000000111b4                PositionControllerTilt::CalculateInitial()
                0x00000000000111b8                PositionControllerTilt::CalculateStatic()
                0x00000000000111bc                PositionControllerTilt::CalculateInput()
                0x00000000000111c0                PositionControllerTilt::CalculateOutput()
                0x00000000000111dc                PositionControllerTilt::CalculateFinal()
                0x00000000000111e0                PositionControllerTilt::SetFinishTime(float)
                0x00000000000116fc                PositionControllerTilt::PositionControllerTilt()
                0x0000000000011708                PositionControllerTilt::PositionControllerTilt()
                0x00000000000118ac                PositionControllerTilt::~PositionControllerTilt()
                0x00000000000118b8                PositionControllerTilt::~PositionControllerTilt()
                0x00000000000118c4                virtual thunk to PositionControllerTilt::~PositionControllerTilt()
                0x00000000000118dc                PositionControllerTilt::~PositionControllerTilt()
                0x0000000000011908                virtual thunk to PositionControllerTilt::~PositionControllerTilt()
                0x0000000000011920                PositionControllerTilt::Initialize(float*, float*, float)
                0x0000000000011a50                PositionControllerTilt::Calculate(float*, float*)
 .text          0x0000000000011b4c       0xa0 obj/default/main.o
                0x0000000000011b4c                handleUartMessage(Serial::rx_message&)
 .text._ZNSt17_Function_handlerIFvRN6Serial10rx_messageEEPS3_E10_M_managerERSt9_Any_dataRKS6_St18_Manager_operation
                0x0000000000011bec       0x38 obj/default/main.o
                0x0000000000011bec                std::_Function_handler<void (Serial::rx_message&), void (*)(Serial::rx_message&)>::_M_manager(std::_Any_data&, std::_Any_data const&, std::_Manager_operation)
 .text._ZNSt17_Function_handlerIFvRN6Serial10rx_messageEEPS3_E9_M_invokeERKSt9_Any_dataS2_
                0x0000000000011c24        0xc obj/default/main.o
                0x0000000000011c24                std::_Function_handler<void (Serial::rx_message&), void (*)(Serial::rx_message&)>::_M_invoke(std::_Any_data const&, Serial::rx_message&)
 .text._ZNSt14_Function_baseD2Ev
                0x0000000000011c30       0x64 obj/default/main.o
                0x0000000000011c30                std::_Function_base::~_Function_base()
                0x0000000000011c30                std::_Function_base::~_Function_base()
 .text.startup  0x0000000000011c94      0x238 obj/default/main.o
                0x0000000000011db0                main
 .text          0x0000000000011ecc       0x14 obj/default/motor_driver/encoder.o
                0x0000000000011ecc                Plant::Encoder::Encoder(unsigned long)
                0x0000000000011ecc                Plant::Encoder::Encoder(unsigned long)
                0x0000000000011ed4                Plant::Encoder::readData()
 .text          0x0000000000011ee0       0x58 obj/default/motor_driver/motor.o
                0x0000000000011ee0                Plant::Motor::setFrequency(unsigned long)
                0x0000000000011ef8                Plant::Motor::setSecondWord(unsigned long)
                0x0000000000011f10                Plant::Motor::stop()
                0x0000000000011f24                Plant::Motor::Motor(unsigned long, unsigned long)
                0x0000000000011f24                Plant::Motor::Motor(unsigned long, unsigned long)
 .text          0x0000000000011f38      0x254 obj/default/serial/uart.o
                0x0000000000011f38                Serial::UART::uart_0_isr(void*)
                0x0000000000011fd0                Serial::UART::UART(std::function<void (Serial::rx_message&)>)
                0x0000000000011fd0                Serial::UART::UART(std::function<void (Serial::rx_message&)>)
                0x000000000001212c                Serial::UART::convertToArray(Serial::tx_message)
                0x000000000001213c                Serial::UART::sendData(Serial::tx_message)
 .text.startup  0x000000000001218c        0xc obj/default/serial/uart.o
 .text.exit     0x0000000000012198        0xc obj/default/serial/uart.o
 .text          0x00000000000121a4        0x0 c:/development/quartus/nios2eds/bin/gnu/h-x86_64-mingw32/bin/../lib/gcc/nios2-elf/10.1.1/../../../../../H-x86_64-mingw32/nios2-elf/lib/mno-hw-mul\libstdc++.a(class_type_info.o)
 .text._ZNK10__cxxabiv117__class_type_info11__do_upcastEPKS0_PPv
                0x00000000000121a4       0x78 c:/development/quartus/nios2eds/bin/gnu/h-x86_64-mingw32/bin/../lib/gcc/nios2-elf/10.1.1/../../../../../H-x86_64-mingw32/nios2-elf/lib/mno-hw-mul\libstdc++.a(class_type_info.o)
                0x00000000000121a4                __cxxabiv1::__class_type_info::__do_upcast(__cxxabiv1::__class_type_info const*, void**) const
 .text._ZNK10__cxxabiv117__class_type_info20__do_find_public_srcEiPKvPKS0_S2_
                0x000000000001221c       0x18 c:/development/quartus/nios2eds/bin/gnu/h-x86_64-mingw32/bin/../lib/gcc/nios2-elf/10.1.1/../../../../../H-x86_64-mingw32/nios2-elf/lib/mno-hw-mul\libstdc++.a(class_type_info.o)
                0x000000000001221c                __cxxabiv1::__class_type_info::__do_find_public_src(int, void const*, __cxxabiv1::__class_type_info const*, void const*) const
 .text._ZN10__cxxabiv117__class_type_infoD2Ev
                0x0000000000012234       0x10 c:/development/quartus/nios2eds/bin/gnu/h-x86_64-mingw32/bin/../lib/gcc/nios2-elf/10.1.1/../../../../../H-x86_64-mingw32/nios2-elf/lib/mno-hw-mul\libstdc++.a(class_type_info.o)
                0x0000000000012234                __cxxabiv1::__class_type_info::~__class_type_info()
                0x0000000000012234                __cxxabiv1::__class_type_info::~__class_type_info()
 .text._ZN10__cxxabiv117__class_type_infoD0Ev
                0x0000000000012244       0x38 c:/development/quartus/nios2eds/bin/gnu/h-x86_64-mingw32/bin/../lib/gcc/nios2-elf/10.1.1/../../../../../H-x86_64-mingw32/nios2-elf/lib/mno-hw-mul\libstdc++.a(class_type_info.o)
                0x0000000000012244                __cxxabiv1::__class_type_info::~__class_type_info()
 .text._ZNK10__cxxabiv117__class_type_info11__do_upcastEPKS0_PKvRNS0_15__upcast_resultE
                0x000000000001227c       0x6c c:/development/quartus/nios2eds/bin/gnu/h-x86_64-mingw32/bin/../lib/gcc/nios2-elf/10.1.1/../../../../../H-x86_64-mingw32/nios2-elf/lib/mno-hw-mul\libstdc++.a(class_type_info.o)
                0x000000000001227c                __cxxabiv1::__class_type_info::__do_upcast(__cxxabiv1::__class_type_info const*, void const*, __cxxabiv1::__class_type_info::__upcast_result&) const
 .text._ZNK10__cxxabiv117__class_type_info10__do_catchEPKSt9type_infoPPvj
                0x00000000000122e8       0x9c c:/development/quartus/nios2eds/bin/gnu/h-x86_64-mingw32/bin/../lib/gcc/nios2-elf/10.1.1/../../../../../H-x86_64-mingw32/nios2-elf/lib/mno-hw-mul\libstdc++.a(class_type_info.o)
                0x00000000000122e8                __cxxabiv1::__class_type_info::__do_catch(std::type_info const*, void**, unsigned int) const
 .text._ZNK10__cxxabiv117__class_type_info12__do_dyncastEiNS0_10__sub_kindEPKS0_PKvS3_S5_RNS0_16__dyncast_resultE
                0x0000000000012384       0xc4 c:/development/quartus/nios2eds/bin/gnu/h-x86_64-mingw32/bin/../lib/gcc/nios2-elf/10.1.1/../../../../../H-x86_64-mingw32/nios2-elf/lib/mno-hw-mul\libstdc++.a(class_type_info.o)
                0x0000000000012384                __cxxabiv1::__class_type_info::__do_dyncast(int, __cxxabiv1::__class_type_info::__sub_kind, __cxxabiv1::__class_type_info const*, void const*, __cxxabiv1::__class_type_info const*, void const*, __cxxabiv1::__class_type_info::__dyncast_result&) const
 .text          0x0000000000012448        0x0 c:/development/quartus/nios2eds/bin/gnu/h-x86_64-mingw32/bin/../lib/gcc/nios2-elf/10.1.1/../../../../../H-x86_64-mingw32/nios2-elf/lib/mno-hw-mul\libstdc++.a(del_ops.o)
 .text._ZdlPvj  0x0000000000012448        0x4 c:/development/quartus/nios2eds/bin/gnu/h-x86_64-mingw32/bin/../lib/gcc/nios2-elf/10.1.1/../../../../../H-x86_64-mingw32/nios2-elf/lib/mno-hw-mul\libstdc++.a(del_ops.o)
                0x0000000000012448                operator delete(void*, unsigned int)
 .text          0x000000000001244c        0x0 c:/development/quartus/nios2eds/bin/gnu/h-x86_64-mingw32/bin/../lib/gcc/nios2-elf/10.1.1/../../../../../H-x86_64-mingw32/nios2-elf/lib/mno-hw-mul\libstdc++.a(del_opv.o)
 .text._ZdaPv   0x000000000001244c        0x4 c:/development/quartus/nios2eds/bin/gnu/h-x86_64-mingw32/bin/../lib/gcc/nios2-elf/10.1.1/../../../../../H-x86_64-mingw32/nios2-elf/lib/mno-hw-mul\libstdc++.a(del_opv.o)
                0x000000000001244c                operator delete[](void*)
 .text          0x0000000000012450        0x0 c:/development/quartus/nios2eds/bin/gnu/h-x86_64-mingw32/bin/../lib/gcc/nios2-elf/10.1.1/../../../../../H-x86_64-mingw32/nios2-elf/lib/mno-hw-mul\libstdc++.a(eh_personality.o)
 .text._ZL16get_adjusted_ptrPKSt9type_infoS1_PPv
                0x0000000000012450       0x90 c:/development/quartus/nios2eds/bin/gnu/h-x86_64-mingw32/bin/../lib/gcc/nios2-elf/10.1.1/../../../../../H-x86_64-mingw32/nios2-elf/lib/mno-hw-mul\libstdc++.a(eh_personality.o)
 .text._ZL28read_encoded_value_with_basehjPKhPj
                0x00000000000124e0      0x1e8 c:/development/quartus/nios2eds/bin/gnu/h-x86_64-mingw32/bin/../lib/gcc/nios2-elf/10.1.1/../../../../../H-x86_64-mingw32/nios2-elf/lib/mno-hw-mul\libstdc++.a(eh_personality.o)
 .text._ZL21base_of_encoded_valuehP15_Unwind_Context
                0x00000000000126c8       0x70 c:/development/quartus/nios2eds/bin/gnu/h-x86_64-mingw32/bin/../lib/gcc/nios2-elf/10.1.1/../../../../../H-x86_64-mingw32/nios2-elf/lib/mno-hw-mul\libstdc++.a(eh_personality.o)
 .text._ZL17parse_lsda_headerP15_Unwind_ContextPKhP16lsda_header_info
                0x0000000000012738      0x12c c:/development/quartus/nios2eds/bin/gnu/h-x86_64-mingw32/bin/../lib/gcc/nios2-elf/10.1.1/../../../../../H-x86_64-mingw32/nios2-elf/lib/mno-hw-mul\libstdc++.a(eh_personality.o)
 .text._ZL20check_exception_specP16lsda_header_infoPKSt9type_infoPvl
                0x0000000000012864      0x110 c:/development/quartus/nios2eds/bin/gnu/h-x86_64-mingw32/bin/../lib/gcc/nios2-elf/10.1.1/../../../../../H-x86_64-mingw32/nios2-elf/lib/mno-hw-mul\libstdc++.a(eh_personality.o)
 .text.__gxx_personality_sj0
                0x0000000000012974      0x698 c:/development/quartus/nios2eds/bin/gnu/h-x86_64-mingw32/bin/../lib/gcc/nios2-elf/10.1.1/../../../../../H-x86_64-mingw32/nios2-elf/lib/mno-hw-mul\libstdc++.a(eh_personality.o)
                0x0000000000012974                __gxx_personality_sj0
 .text.__cxa_call_unexpected
                0x000000000001300c      0x17c c:/development/quartus/nios2eds/bin/gnu/h-x86_64-mingw32/bin/../lib/gcc/nios2-elf/10.1.1/../../../../../H-x86_64-mingw32/nios2-elf/lib/mno-hw-mul\libstdc++.a(eh_personality.o)
                0x000000000001300c                __cxa_call_unexpected
 .text          0x0000000000013188        0x0 c:/development/quartus/nios2eds/bin/gnu/h-x86_64-mingw32/bin/../lib/gcc/nios2-elf/10.1.1/../../../../../H-x86_64-mingw32/nios2-elf/lib/mno-hw-mul\libstdc++.a(eh_terminate.o)
 .text._ZN10__cxxabiv111__terminateEPFvvE
                0x0000000000013188       0xc8 c:/development/quartus/nios2eds/bin/gnu/h-x86_64-mingw32/bin/../lib/gcc/nios2-elf/10.1.1/../../../../../H-x86_64-mingw32/nios2-elf/lib/mno-hw-mul\libstdc++.a(eh_terminate.o)
                0x0000000000013188                __cxxabiv1::__terminate(void (*)())
 .text._ZSt9terminatev
                0x0000000000013250       0x14 c:/development/quartus/nios2eds/bin/gnu/h-x86_64-mingw32/bin/../lib/gcc/nios2-elf/10.1.1/../../../../../H-x86_64-mingw32/nios2-elf/lib/mno-hw-mul\libstdc++.a(eh_terminate.o)
                0x0000000000013250                std::terminate()
 .text._ZN10__cxxabiv112__unexpectedEPFvvE
                0x0000000000013264       0x10 c:/development/quartus/nios2eds/bin/gnu/h-x86_64-mingw32/bin/../lib/gcc/nios2-elf/10.1.1/../../../../../H-x86_64-mingw32/nios2-elf/lib/mno-hw-mul\libstdc++.a(eh_terminate.o)
                0x0000000000013264                __cxxabiv1::__unexpected(void (*)())
 .text._ZSt10unexpectedv
                0x0000000000013274       0x14 c:/development/quartus/nios2eds/bin/gnu/h-x86_64-mingw32/bin/../lib/gcc/nios2-elf/10.1.1/../../../../../H-x86_64-mingw32/nios2-elf/lib/mno-hw-mul\libstdc++.a(eh_terminate.o)
                0x0000000000013274                std::unexpected()
 .text._ZSt13set_terminatePFvvE
                0x0000000000013288       0x24 c:/development/quartus/nios2eds/bin/gnu/h-x86_64-mingw32/bin/../lib/gcc/nios2-elf/10.1.1/../../../../../H-x86_64-mingw32/nios2-elf/lib/mno-hw-mul\libstdc++.a(eh_terminate.o)
                0x0000000000013288                std::set_terminate(void (*)())
 .text._ZSt13get_terminatev
                0x00000000000132ac        0xc c:/development/quartus/nios2eds/bin/gnu/h-x86_64-mingw32/bin/../lib/gcc/nios2-elf/10.1.1/../../../../../H-x86_64-mingw32/nios2-elf/lib/mno-hw-mul\libstdc++.a(eh_terminate.o)
                0x00000000000132ac                std::get_terminate()
 .text._ZSt14set_unexpectedPFvvE
                0x00000000000132b8       0x24 c:/development/quartus/nios2eds/bin/gnu/h-x86_64-mingw32/bin/../lib/gcc/nios2-elf/10.1.1/../../../../../H-x86_64-mingw32/nios2-elf/lib/mno-hw-mul\libstdc++.a(eh_terminate.o)
                0x00000000000132b8                std::set_unexpected(void (*)())
 .text._ZSt14get_unexpectedv
                0x00000000000132dc        0xc c:/development/quartus/nios2eds/bin/gnu/h-x86_64-mingw32/bin/../lib/gcc/nios2-elf/10.1.1/../../../../../H-x86_64-mingw32/nios2-elf/lib/mno-hw-mul\libstdc++.a(eh_terminate.o)
                0x00000000000132dc                std::get_unexpected()
 .text          0x00000000000132e8        0x0 c:/development/quartus/nios2eds/bin/gnu/h-x86_64-mingw32/bin/../lib/gcc/nios2-elf/10.1.1/../../../../../H-x86_64-mingw32/nios2-elf/lib/mno-hw-mul\libstdc++.a(eh_throw.o)
 .text._ZL23__gxx_exception_cleanup19_Unwind_Reason_CodeP17_Unwind_Exception
                0x00000000000132e8       0x68 c:/development/quartus/nios2eds/bin/gnu/h-x86_64-mingw32/bin/../lib/gcc/nios2-elf/10.1.1/../../../../../H-x86_64-mingw32/nios2-elf/lib/mno-hw-mul\libstdc++.a(eh_throw.o)
 .text.__cxa_init_primary_exception
                0x0000000000013350       0x64 c:/development/quartus/nios2eds/bin/gnu/h-x86_64-mingw32/bin/../lib/gcc/nios2-elf/10.1.1/../../../../../H-x86_64-mingw32/nios2-elf/lib/mno-hw-mul\libstdc++.a(eh_throw.o)
                0x0000000000013350                __cxa_init_primary_exception
 .text.__cxa_throw
                0x00000000000133b4       0x60 c:/development/quartus/nios2eds/bin/gnu/h-x86_64-mingw32/bin/../lib/gcc/nios2-elf/10.1.1/../../../../../H-x86_64-mingw32/nios2-elf/lib/mno-hw-mul\libstdc++.a(eh_throw.o)
                0x00000000000133b4                __cxa_throw
 .text.__cxa_rethrow
                0x0000000000013414       0x84 c:/development/quartus/nios2eds/bin/gnu/h-x86_64-mingw32/bin/../lib/gcc/nios2-elf/10.1.1/../../../../../H-x86_64-mingw32/nios2-elf/lib/mno-hw-mul\libstdc++.a(eh_throw.o)
                0x0000000000013414                __cxa_rethrow
 .text          0x0000000000013498        0x0 c:/development/quartus/nios2eds/bin/gnu/h-x86_64-mingw32/bin/../lib/gcc/nios2-elf/10.1.1/../../../../../H-x86_64-mingw32/nios2-elf/lib/mno-hw-mul\libstdc++.a(eh_unex_handler.o)
 .text          0x0000000000013498        0x0 c:/development/quartus/nios2eds/bin/gnu/h-x86_64-mingw32/bin/../lib/gcc/nios2-elf/10.1.1/../../../../../H-x86_64-mingw32/nios2-elf/lib/mno-hw-mul\libstdc++.a(function_type_info.o)
 .text._ZNK10__cxxabiv120__function_type_info15__is_function_pEv
                0x0000000000013498        0x8 c:/development/quartus/nios2eds/bin/gnu/h-x86_64-mingw32/bin/../lib/gcc/nios2-elf/10.1.1/../../../../../H-x86_64-mingw32/nios2-elf/lib/mno-hw-mul\libstdc++.a(function_type_info.o)
                0x0000000000013498                __cxxabiv1::__function_type_info::__is_function_p() const
 .text._ZN10__cxxabiv120__function_type_infoD2Ev
                0x00000000000134a0       0x10 c:/development/quartus/nios2eds/bin/gnu/h-x86_64-mingw32/bin/../lib/gcc/nios2-elf/10.1.1/../../../../../H-x86_64-mingw32/nios2-elf/lib/mno-hw-mul\libstdc++.a(function_type_info.o)
                0x00000000000134a0                __cxxabiv1::__function_type_info::~__function_type_info()
                0x00000000000134a0                __cxxabiv1::__function_type_info::~__function_type_info()
 .text._ZN10__cxxabiv120__function_type_infoD0Ev
                0x00000000000134b0       0x38 c:/development/quartus/nios2eds/bin/gnu/h-x86_64-mingw32/bin/../lib/gcc/nios2-elf/10.1.1/../../../../../H-x86_64-mingw32/nios2-elf/lib/mno-hw-mul\libstdc++.a(function_type_info.o)
                0x00000000000134b0                __cxxabiv1::__function_type_info::~__function_type_info()
 .text          0x00000000000134e8        0x0 c:/development/quartus/nios2eds/bin/gnu/h-x86_64-mingw32/bin/../lib/gcc/nios2-elf/10.1.1/../../../../../H-x86_64-mingw32/nios2-elf/lib/mno-hw-mul\libstdc++.a(new_opv.o)
 .text._Znaj    0x00000000000134e8        0x4 c:/development/quartus/nios2eds/bin/gnu/h-x86_64-mingw32/bin/../lib/gcc/nios2-elf/10.1.1/../../../../../H-x86_64-mingw32/nios2-elf/lib/mno-hw-mul\libstdc++.a(new_opv.o)
                0x00000000000134e8                operator new[](unsigned int)
 .text          0x00000000000134ec        0x0 c:/development/quartus/nios2eds/bin/gnu/h-x86_64-mingw32/bin/../lib/gcc/nios2-elf/10.1.1/../../../../../H-x86_64-mingw32/nios2-elf/lib/mno-hw-mul\libstdc++.a(pointer_type_info.o)
 .text._ZNK10__cxxabiv119__pointer_type_info14__is_pointer_pEv
                0x00000000000134ec        0x8 c:/development/quartus/nios2eds/bin/gnu/h-x86_64-mingw32/bin/../lib/gcc/nios2-elf/10.1.1/../../../../../H-x86_64-mingw32/nios2-elf/lib/mno-hw-mul\libstdc++.a(pointer_type_info.o)
                0x00000000000134ec                __cxxabiv1::__pointer_type_info::__is_pointer_p() const
 .text._ZN10__cxxabiv119__pointer_type_infoD2Ev
                0x00000000000134f4       0x10 c:/development/quartus/nios2eds/bin/gnu/h-x86_64-mingw32/bin/../lib/gcc/nios2-elf/10.1.1/../../../../../H-x86_64-mingw32/nios2-elf/lib/mno-hw-mul\libstdc++.a(pointer_type_info.o)
                0x00000000000134f4                __cxxabiv1::__pointer_type_info::~__pointer_type_info()
                0x00000000000134f4                __cxxabiv1::__pointer_type_info::~__pointer_type_info()
 .text._ZN10__cxxabiv119__pointer_type_infoD0Ev
                0x0000000000013504       0x38 c:/development/quartus/nios2eds/bin/gnu/h-x86_64-mingw32/bin/../lib/gcc/nios2-elf/10.1.1/../../../../../H-x86_64-mingw32/nios2-elf/lib/mno-hw-mul\libstdc++.a(pointer_type_info.o)
                0x0000000000013504                __cxxabiv1::__pointer_type_info::~__pointer_type_info()
 .text._ZNK10__cxxabiv119__pointer_type_info15__pointer_catchEPKNS_17__pbase_type_infoEPPvj
                0x000000000001353c       0xa4 c:/development/quartus/nios2eds/bin/gnu/h-x86_64-mingw32/bin/../lib/gcc/nios2-elf/10.1.1/../../../../../H-x86_64-mingw32/nios2-elf/lib/mno-hw-mul\libstdc++.a(pointer_type_info.o)
                0x000000000001353c                __cxxabiv1::__pointer_type_info::__pointer_catch(__cxxabiv1::__pbase_type_info const*, void**, unsigned int) const
 .text          0x00000000000135e0        0x0 c:/development/quartus/nios2eds/bin/gnu/h-x86_64-mingw32/bin/../lib/gcc/nios2-elf/10.1.1/../../../../../H-x86_64-mingw32/nios2-elf/lib/mno-hw-mul\libstdc++.a(si_class_type_info.o)
 .text._ZN10__cxxabiv120__si_class_type_infoD2Ev
                0x00000000000135e0       0x10 c:/development/quartus/nios2eds/bin/gnu/h-x86_64-mingw32/bin/../lib/gcc/nios2-elf/10.1.1/../../../../../H-x86_64-mingw32/nios2-elf/lib/mno-hw-mul\libstdc++.a(si_class_type_info.o)
                0x00000000000135e0                __cxxabiv1::__si_class_type_info::~__si_class_type_info()
                0x00000000000135e0                __cxxabiv1::__si_class_type_info::~__si_class_type_info()
 .text._ZN10__cxxabiv120__si_class_type_infoD0Ev
                0x00000000000135f0       0x38 c:/development/quartus/nios2eds/bin/gnu/h-x86_64-mingw32/bin/../lib/gcc/nios2-elf/10.1.1/../../../../../H-x86_64-mingw32/nios2-elf/lib/mno-hw-mul\libstdc++.a(si_class_type_info.o)
                0x00000000000135f0                __cxxabiv1::__si_class_type_info::~__si_class_type_info()
 .text._ZNK10__cxxabiv120__si_class_type_info12__do_dyncastEiNS_17__class_type_info10__sub_kindEPKS1_PKvS4_S6_RNS1_16__dyncast_resultE
                0x0000000000013628      0x160 c:/development/quartus/nios2eds/bin/gnu/h-x86_64-mingw32/bin/../lib/gcc/nios2-elf/10.1.1/../../../../../H-x86_64-mingw32/nios2-elf/lib/mno-hw-mul\libstdc++.a(si_class_type_info.o)
                0x0000000000013628                __cxxabiv1::__si_class_type_info::__do_dyncast(int, __cxxabiv1::__class_type_info::__sub_kind, __cxxabiv1::__class_type_info const*, void const*, __cxxabiv1::__class_type_info const*, void const*, __cxxabiv1::__class_type_info::__dyncast_result&) const
 .text._ZNK10__cxxabiv120__si_class_type_info20__do_find_public_srcEiPKvPKNS_17__class_type_infoES2_
                0x0000000000013788       0x9c c:/development/quartus/nios2eds/bin/gnu/h-x86_64-mingw32/bin/../lib/gcc/nios2-elf/10.1.1/../../../../../H-x86_64-mingw32/nios2-elf/lib/mno-hw-mul\libstdc++.a(si_class_type_info.o)
                0x0000000000013788                __cxxabiv1::__si_class_type_info::__do_find_public_src(int, void const*, __cxxabiv1::__class_type_info const*, void const*) const
 .text._ZNK10__cxxabiv120__si_class_type_info11__do_upcastEPKNS_17__class_type_infoEPKvRNS1_15__upcast_resultE
                0x0000000000013824       0x84 c:/development/quartus/nios2eds/bin/gnu/h-x86_64-mingw32/bin/../lib/gcc/nios2-elf/10.1.1/../../../../../H-x86_64-mingw32/nios2-elf/lib/mno-hw-mul\libstdc++.a(si_class_type_info.o)
                0x0000000000013824                __cxxabiv1::__si_class_type_info::__do_upcast(__cxxabiv1::__class_type_info const*, void const*, __cxxabiv1::__class_type_info::__upcast_result&) const
 .text          0x00000000000138a8        0x0 c:/development/quartus/nios2eds/bin/gnu/h-x86_64-mingw32/bin/../lib/gcc/nios2-elf/10.1.1/../../../../../H-x86_64-mingw32/nios2-elf/lib/mno-hw-mul\libstdc++.a(tinfo.o)
 .text._ZNSt9type_infoD2Ev
                0x00000000000138a8        0x4 c:/development/quartus/nios2eds/bin/gnu/h-x86_64-mingw32/bin/../lib/gcc/nios2-elf/10.1.1/../../../../../H-x86_64-mingw32/nios2-elf/lib/mno-hw-mul\libstdc++.a(tinfo.o)
                0x00000000000138a8                std::type_info::~type_info()
                0x00000000000138a8                std::type_info::~type_info()
 .text._ZNKSt9type_info14__is_pointer_pEv
                0x00000000000138ac        0x8 c:/development/quartus/nios2eds/bin/gnu/h-x86_64-mingw32/bin/../lib/gcc/nios2-elf/10.1.1/../../../../../H-x86_64-mingw32/nios2-elf/lib/mno-hw-mul\libstdc++.a(tinfo.o)
                0x00000000000138ac                std::type_info::__is_pointer_p() const
                0x00000000000138ac                std::type_info::__is_function_p() const
 .text._ZNKSt9type_info11__do_upcastEPKN10__cxxabiv117__class_type_infoEPPv
                0x00000000000138b4        0x8 c:/development/quartus/nios2eds/bin/gnu/h-x86_64-mingw32/bin/../lib/gcc/nios2-elf/10.1.1/../../../../../H-x86_64-mingw32/nios2-elf/lib/mno-hw-mul\libstdc++.a(tinfo.o)
                0x00000000000138b4                std::type_info::__do_upcast(__cxxabiv1::__class_type_info const*, void**) const
 .text._ZNSt9type_infoD0Ev
                0x00000000000138bc        0x8 c:/development/quartus/nios2eds/bin/gnu/h-x86_64-mingw32/bin/../lib/gcc/nios2-elf/10.1.1/../../../../../H-x86_64-mingw32/nios2-elf/lib/mno-hw-mul\libstdc++.a(tinfo.o)
                0x00000000000138bc                std::type_info::~type_info()
 .text._ZNKSt9type_info10__do_catchEPKS_PPvj
                0x00000000000138c4       0x44 c:/development/quartus/nios2eds/bin/gnu/h-x86_64-mingw32/bin/../lib/gcc/nios2-elf/10.1.1/../../../../../H-x86_64-mingw32/nios2-elf/lib/mno-hw-mul\libstdc++.a(tinfo.o)
                0x00000000000138c4                std::type_info::__do_catch(std::type_info const*, void**, unsigned int) const
 .text          0x0000000000013908        0x0 c:/development/quartus/nios2eds/bin/gnu/h-x86_64-mingw32/bin/../lib/gcc/nios2-elf/10.1.1/../../../../../H-x86_64-mingw32/nios2-elf/lib/mno-hw-mul\libstdc++.a(vmi_class_type_info.o)
 .text._ZN10__cxxabiv121__vmi_class_type_infoD2Ev
                0x0000000000013908       0x10 c:/development/quartus/nios2eds/bin/gnu/h-x86_64-mingw32/bin/../lib/gcc/nios2-elf/10.1.1/../../../../../H-x86_64-mingw32/nios2-elf/lib/mno-hw-mul\libstdc++.a(vmi_class_type_info.o)
                0x0000000000013908                __cxxabiv1::__vmi_class_type_info::~__vmi_class_type_info()
                0x0000000000013908                __cxxabiv1::__vmi_class_type_info::~__vmi_class_type_info()
 .text._ZN10__cxxabiv121__vmi_class_type_infoD0Ev
                0x0000000000013918       0x38 c:/development/quartus/nios2eds/bin/gnu/h-x86_64-mingw32/bin/../lib/gcc/nios2-elf/10.1.1/../../../../../H-x86_64-mingw32/nios2-elf/lib/mno-hw-mul\libstdc++.a(vmi_class_type_info.o)
                0x0000000000013918                __cxxabiv1::__vmi_class_type_info::~__vmi_class_type_info()
 .text._ZNK10__cxxabiv121__vmi_class_type_info20__do_find_public_srcEiPKvPKNS_17__class_type_infoES2_
                0x0000000000013950      0x128 c:/development/quartus/nios2eds/bin/gnu/h-x86_64-mingw32/bin/../lib/gcc/nios2-elf/10.1.1/../../../../../H-x86_64-mingw32/nios2-elf/lib/mno-hw-mul\libstdc++.a(vmi_class_type_info.o)
                0x0000000000013950                __cxxabiv1::__vmi_class_type_info::__do_find_public_src(int, void const*, __cxxabiv1::__class_type_info const*, void const*) const
 .text._ZNK10__cxxabiv121__vmi_class_type_info12__do_dyncastEiNS_17__class_type_info10__sub_kindEPKS1_PKvS4_S6_RNS1_16__dyncast_resultE
                0x0000000000013a78      0x61c c:/development/quartus/nios2eds/bin/gnu/h-x86_64-mingw32/bin/../lib/gcc/nios2-elf/10.1.1/../../../../../H-x86_64-mingw32/nios2-elf/lib/mno-hw-mul\libstdc++.a(vmi_class_type_info.o)
                0x0000000000013a78                __cxxabiv1::__vmi_class_type_info::__do_dyncast(int, __cxxabiv1::__class_type_info::__sub_kind, __cxxabiv1::__class_type_info const*, void const*, __cxxabiv1::__class_type_info const*, void const*, __cxxabiv1::__class_type_info::__dyncast_result&) const
 .text._ZNK10__cxxabiv121__vmi_class_type_info11__do_upcastEPKNS_17__class_type_infoEPKvRNS1_15__upcast_resultE
                0x0000000000014094      0x264 c:/development/quartus/nios2eds/bin/gnu/h-x86_64-mingw32/bin/../lib/gcc/nios2-elf/10.1.1/../../../../../H-x86_64-mingw32/nios2-elf/lib/mno-hw-mul\libstdc++.a(vmi_class_type_info.o)
                0x0000000000014094                __cxxabiv1::__vmi_class_type_info::__do_upcast(__cxxabiv1::__class_type_info const*, void const*, __cxxabiv1::__class_type_info::__upcast_result&) const
 .text          0x00000000000142f8        0x0 c:/development/quartus/nios2eds/bin/gnu/h-x86_64-mingw32/bin/../lib/gcc/nios2-elf/10.1.1/../../../../../H-x86_64-mingw32/nios2-elf/lib/mno-hw-mul\libstdc++.a(functional.o)
 .text._ZNKSt17bad_function_call4whatEv
                0x00000000000142f8        0xc c:/development/quartus/nios2eds/bin/gnu/h-x86_64-mingw32/bin/../lib/gcc/nios2-elf/10.1.1/../../../../../H-x86_64-mingw32/nios2-elf/lib/mno-hw-mul\libstdc++.a(functional.o)
                0x00000000000142f8                std::bad_function_call::what() const
 .text._ZNSt17bad_function_callD2Ev
                0x0000000000014304       0x10 c:/development/quartus/nios2eds/bin/gnu/h-x86_64-mingw32/bin/../lib/gcc/nios2-elf/10.1.1/../../../../../H-x86_64-mingw32/nios2-elf/lib/mno-hw-mul\libstdc++.a(functional.o)
                0x0000000000014304                std::bad_function_call::~bad_function_call()
                0x0000000000014304                std::bad_function_call::~bad_function_call()
 .text._ZNSt17bad_function_callD0Ev
                0x0000000000014314       0x34 c:/development/quartus/nios2eds/bin/gnu/h-x86_64-mingw32/bin/../lib/gcc/nios2-elf/10.1.1/../../../../../H-x86_64-mingw32/nios2-elf/lib/mno-hw-mul\libstdc++.a(functional.o)
                0x0000000000014314                std::bad_function_call::~bad_function_call()
 .text.unlikely._ZSt25__throw_bad_function_callv
                0x0000000000014348       0x34 c:/development/quartus/nios2eds/bin/gnu/h-x86_64-mingw32/bin/../lib/gcc/nios2-elf/10.1.1/../../../../../H-x86_64-mingw32/nios2-elf/lib/mno-hw-mul\libstdc++.a(functional.o)
                0x0000000000014348                std::__throw_bad_function_call()
 .text          0x000000000001437c        0x0 c:/development/quartus/nios2eds/bin/gnu/h-x86_64-mingw32/bin/../lib/gcc/nios2-elf/10.1.1/../../../../../H-x86_64-mingw32/nios2-elf/lib/mno-hw-mul\libstdc++.a(del_op.o)
 .text._ZdlPv   0x000000000001437c        0x4 c:/development/quartus/nios2eds/bin/gnu/h-x86_64-mingw32/bin/../lib/gcc/nios2-elf/10.1.1/../../../../../H-x86_64-mingw32/nios2-elf/lib/mno-hw-mul\libstdc++.a(del_op.o)
                0x000000000001437c                operator delete(void*)
 .text          0x0000000000014380        0x0 c:/development/quartus/nios2eds/bin/gnu/h-x86_64-mingw32/bin/../lib/gcc/nios2-elf/10.1.1/../../../../../H-x86_64-mingw32/nios2-elf/lib/mno-hw-mul\libstdc++.a(eh_alloc.o)
 .text._ZN12_GLOBAL__N_14pool4freeEPv.constprop.0
                0x0000000000014380       0xcc c:/development/quartus/nios2eds/bin/gnu/h-x86_64-mingw32/bin/../lib/gcc/nios2-elf/10.1.1/../../../../../H-x86_64-mingw32/nios2-elf/lib/mno-hw-mul\libstdc++.a(eh_alloc.o)
 .text._ZN12_GLOBAL__N_14pool8allocateEj.constprop.0
                0x000000000001444c       0x90 c:/development/quartus/nios2eds/bin/gnu/h-x86_64-mingw32/bin/../lib/gcc/nios2-elf/10.1.1/../../../../../H-x86_64-mingw32/nios2-elf/lib/mno-hw-mul\libstdc++.a(eh_alloc.o)
 .text._ZN9__gnu_cxx9__freeresEv
                0x00000000000144dc       0x30 c:/development/quartus/nios2eds/bin/gnu/h-x86_64-mingw32/bin/../lib/gcc/nios2-elf/10.1.1/../../../../../H-x86_64-mingw32/nios2-elf/lib/mno-hw-mul\libstdc++.a(eh_alloc.o)
                0x00000000000144dc                __gnu_cxx::__freeres()
 .text.__cxa_allocate_exception
                0x000000000001450c       0x58 c:/development/quartus/nios2eds/bin/gnu/h-x86_64-mingw32/bin/../lib/gcc/nios2-elf/10.1.1/../../../../../H-x86_64-mingw32/nios2-elf/lib/mno-hw-mul\libstdc++.a(eh_alloc.o)
                0x000000000001450c                __cxa_allocate_exception
 .text.__cxa_free_exception
                0x0000000000014564       0x28 c:/development/quartus/nios2eds/bin/gnu/h-x86_64-mingw32/bin/../lib/gcc/nios2-elf/10.1.1/../../../../../H-x86_64-mingw32/nios2-elf/lib/mno-hw-mul\libstdc++.a(eh_alloc.o)
                0x0000000000014564                __cxa_free_exception
 .text.__cxa_allocate_dependent_exception
                0x000000000001458c       0x44 c:/development/quartus/nios2eds/bin/gnu/h-x86_64-mingw32/bin/../lib/gcc/nios2-elf/10.1.1/../../../../../H-x86_64-mingw32/nios2-elf/lib/mno-hw-mul\libstdc++.a(eh_alloc.o)
                0x000000000001458c                __cxa_allocate_dependent_exception
 .text.__cxa_free_dependent_exception
                0x00000000000145d0       0x2c c:/development/quartus/nios2eds/bin/gnu/h-x86_64-mingw32/bin/../lib/gcc/nios2-elf/10.1.1/../../../../../H-x86_64-mingw32/nios2-elf/lib/mno-hw-mul\libstdc++.a(eh_alloc.o)
                0x00000000000145d0                __cxa_free_dependent_exception
 .text.startup._GLOBAL__sub_I__ZN9__gnu_cxx9__freeresEv
                0x00000000000145fc       0x64 c:/development/quartus/nios2eds/bin/gnu/h-x86_64-mingw32/bin/../lib/gcc/nios2-elf/10.1.1/../../../../../H-x86_64-mingw32/nios2-elf/lib/mno-hw-mul\libstdc++.a(eh_alloc.o)
 .text          0x0000000000014660        0x0 c:/development/quartus/nios2eds/bin/gnu/h-x86_64-mingw32/bin/../lib/gcc/nios2-elf/10.1.1/../../../../../H-x86_64-mingw32/nios2-elf/lib/mno-hw-mul\libstdc++.a(eh_call.o)
 .text.__cxa_call_terminate
                0x0000000000014660       0x58 c:/development/quartus/nios2eds/bin/gnu/h-x86_64-mingw32/bin/../lib/gcc/nios2-elf/10.1.1/../../../../../H-x86_64-mingw32/nios2-elf/lib/mno-hw-mul\libstdc++.a(eh_call.o)
                0x0000000000014660                __cxa_call_terminate
 .text          0x00000000000146b8        0x0 c:/development/quartus/nios2eds/bin/gnu/h-x86_64-mingw32/bin/../lib/gcc/nios2-elf/10.1.1/../../../../../H-x86_64-mingw32/nios2-elf/lib/mno-hw-mul\libstdc++.a(eh_catch.o)
 .text.__cxa_get_exception_ptr
                0x00000000000146b8        0x8 c:/development/quartus/nios2eds/bin/gnu/h-x86_64-mingw32/bin/../lib/gcc/nios2-elf/10.1.1/../../../../../H-x86_64-mingw32/nios2-elf/lib/mno-hw-mul\libstdc++.a(eh_catch.o)
                0x00000000000146b8                __cxa_get_exception_ptr
 .text.__cxa_begin_catch
                0x00000000000146c0       0xb8 c:/development/quartus/nios2eds/bin/gnu/h-x86_64-mingw32/bin/../lib/gcc/nios2-elf/10.1.1/../../../../../H-x86_64-mingw32/nios2-elf/lib/mno-hw-mul\libstdc++.a(eh_catch.o)
                0x00000000000146c0                __cxa_begin_catch
 .text.__cxa_end_catch
                0x0000000000014778       0xb4 c:/development/quartus/nios2eds/bin/gnu/h-x86_64-mingw32/bin/../lib/gcc/nios2-elf/10.1.1/../../../../../H-x86_64-mingw32/nios2-elf/lib/mno-hw-mul\libstdc++.a(eh_catch.o)
                0x0000000000014778                __cxa_end_catch
 .text._ZSt18uncaught_exceptionv
                0x000000000001482c       0x20 c:/development/quartus/nios2eds/bin/gnu/h-x86_64-mingw32/bin/../lib/gcc/nios2-elf/10.1.1/../../../../../H-x86_64-mingw32/nios2-elf/lib/mno-hw-mul\libstdc++.a(eh_catch.o)
                0x000000000001482c                std::uncaught_exception()
 .text._ZSt19uncaught_exceptionsv
                0x000000000001484c       0x1c c:/development/quartus/nios2eds/bin/gnu/h-x86_64-mingw32/bin/../lib/gcc/nios2-elf/10.1.1/../../../../../H-x86_64-mingw32/nios2-elf/lib/mno-hw-mul\libstdc++.a(eh_catch.o)
                0x000000000001484c                std::uncaught_exceptions()
 .text          0x0000000000014868        0x0 c:/development/quartus/nios2eds/bin/gnu/h-x86_64-mingw32/bin/../lib/gcc/nios2-elf/10.1.1/../../../../../H-x86_64-mingw32/nios2-elf/lib/mno-hw-mul\libstdc++.a(eh_exception.o)
 .text._ZNSt9exceptionD2Ev
                0x0000000000014868        0x4 c:/development/quartus/nios2eds/bin/gnu/h-x86_64-mingw32/bin/../lib/gcc/nios2-elf/10.1.1/../../../../../H-x86_64-mingw32/nios2-elf/lib/mno-hw-mul\libstdc++.a(eh_exception.o)
                0x0000000000014868                std::exception::~exception()
                0x0000000000014868                std::exception::~exception()
 .text._ZNSt13bad_exceptionD2Ev
                0x000000000001486c        0x4 c:/development/quartus/nios2eds/bin/gnu/h-x86_64-mingw32/bin/../lib/gcc/nios2-elf/10.1.1/../../../../../H-x86_64-mingw32/nios2-elf/lib/mno-hw-mul\libstdc++.a(eh_exception.o)
                0x000000000001486c                std::bad_exception::~bad_exception()
                0x000000000001486c                std::bad_exception::~bad_exception()
 .text._ZNKSt9exception4whatEv
                0x0000000000014870        0xc c:/development/quartus/nios2eds/bin/gnu/h-x86_64-mingw32/bin/../lib/gcc/nios2-elf/10.1.1/../../../../../H-x86_64-mingw32/nios2-elf/lib/mno-hw-mul\libstdc++.a(eh_exception.o)
                0x0000000000014870                std::exception::what() const
                0x0000000000014870                transaction clone for std::exception::what() const
 .text._ZNKSt13bad_exception4whatEv
                0x000000000001487c        0xc c:/development/quartus/nios2eds/bin/gnu/h-x86_64-mingw32/bin/../lib/gcc/nios2-elf/10.1.1/../../../../../H-x86_64-mingw32/nios2-elf/lib/mno-hw-mul\libstdc++.a(eh_exception.o)
                0x000000000001487c                std::bad_exception::what() const
                0x000000000001487c                transaction clone for std::bad_exception::what() const
 .text._ZNSt9exceptionD0Ev
                0x0000000000014888        0x8 c:/development/quartus/nios2eds/bin/gnu/h-x86_64-mingw32/bin/../lib/gcc/nios2-elf/10.1.1/../../../../../H-x86_64-mingw32/nios2-elf/lib/mno-hw-mul\libstdc++.a(eh_exception.o)
                0x0000000000014888                std::exception::~exception()
 .text._ZNSt13bad_exceptionD0Ev
                0x0000000000014890        0x8 c:/development/quartus/nios2eds/bin/gnu/h-x86_64-mingw32/bin/../lib/gcc/nios2-elf/10.1.1/../../../../../H-x86_64-mingw32/nios2-elf/lib/mno-hw-mul\libstdc++.a(eh_exception.o)
                0x0000000000014890                std::bad_exception::~bad_exception()
 .text._ZN10__cxxabiv115__forced_unwindD2Ev
                0x0000000000014898        0x4 c:/development/quartus/nios2eds/bin/gnu/h-x86_64-mingw32/bin/../lib/gcc/nios2-elf/10.1.1/../../../../../H-x86_64-mingw32/nios2-elf/lib/mno-hw-mul\libstdc++.a(eh_exception.o)
                0x0000000000014898                __cxxabiv1::__forced_unwind::~__forced_unwind()
                0x0000000000014898                __cxxabiv1::__forced_unwind::~__forced_unwind()
 .text._ZN10__cxxabiv115__forced_unwindD0Ev
                0x000000000001489c        0x8 c:/development/quartus/nios2eds/bin/gnu/h-x86_64-mingw32/bin/../lib/gcc/nios2-elf/10.1.1/../../../../../H-x86_64-mingw32/nios2-elf/lib/mno-hw-mul\libstdc++.a(eh_exception.o)
                0x000000000001489c                __cxxabiv1::__forced_unwind::~__forced_unwind()
 .text._ZN10__cxxabiv119__foreign_exceptionD2Ev
                0x00000000000148a4        0x4 c:/development/quartus/nios2eds/bin/gnu/h-x86_64-mingw32/bin/../lib/gcc/nios2-elf/10.1.1/../../../../../H-x86_64-mingw32/nios2-elf/lib/mno-hw-mul\libstdc++.a(eh_exception.o)
                0x00000000000148a4                __cxxabiv1::__foreign_exception::~__foreign_exception()
                0x00000000000148a4                __cxxabiv1::__foreign_exception::~__foreign_exception()
 .text._ZN10__cxxabiv119__foreign_exceptionD0Ev
                0x00000000000148a8        0x8 c:/development/quartus/nios2eds/bin/gnu/h-x86_64-mingw32/bin/../lib/gcc/nios2-elf/10.1.1/../../../../../H-x86_64-mingw32/nios2-elf/lib/mno-hw-mul\libstdc++.a(eh_exception.o)
                0x00000000000148a8                __cxxabiv1::__foreign_exception::~__foreign_exception()
 .text._ZGTtNKSt9exceptionD1Ev
                0x00000000000148b0        0x4 c:/development/quartus/nios2eds/bin/gnu/h-x86_64-mingw32/bin/../lib/gcc/nios2-elf/10.1.1/../../../../../H-x86_64-mingw32/nios2-elf/lib/mno-hw-mul\libstdc++.a(eh_exception.o)
                0x00000000000148b0                transaction clone for std::exception::~exception() const
 .text._ZGTtNKSt13bad_exceptionD1Ev
                0x00000000000148b4        0x4 c:/development/quartus/nios2eds/bin/gnu/h-x86_64-mingw32/bin/../lib/gcc/nios2-elf/10.1.1/../../../../../H-x86_64-mingw32/nios2-elf/lib/mno-hw-mul\libstdc++.a(eh_exception.o)
                0x00000000000148b4                transaction clone for std::bad_exception::~bad_exception() const
 .text          0x00000000000148b8        0x0 c:/development/quartus/nios2eds/bin/gnu/h-x86_64-mingw32/bin/../lib/gcc/nios2-elf/10.1.1/../../../../../H-x86_64-mingw32/nios2-elf/lib/mno-hw-mul\libstdc++.a(eh_globals.o)
 .text.__cxa_get_globals_fast
                0x00000000000148b8        0xc c:/development/quartus/nios2eds/bin/gnu/h-x86_64-mingw32/bin/../lib/gcc/nios2-elf/10.1.1/../../../../../H-x86_64-mingw32/nios2-elf/lib/mno-hw-mul\libstdc++.a(eh_globals.o)
                0x00000000000148b8                __cxa_get_globals_fast
 .text.__cxa_get_globals
                0x00000000000148c4        0xc c:/development/quartus/nios2eds/bin/gnu/h-x86_64-mingw32/bin/../lib/gcc/nios2-elf/10.1.1/../../../../../H-x86_64-mingw32/nios2-elf/lib/mno-hw-mul\libstdc++.a(eh_globals.o)
                0x00000000000148c4                __cxa_get_globals
 .text          0x00000000000148d0        0x0 c:/development/quartus/nios2eds/bin/gnu/h-x86_64-mingw32/bin/../lib/gcc/nios2-elf/10.1.1/../../../../../H-x86_64-mingw32/nios2-elf/lib/mno-hw-mul\libstdc++.a(eh_term_handler.o)
 .text          0x00000000000148d0        0x0 c:/development/quartus/nios2eds/bin/gnu/h-x86_64-mingw32/bin/../lib/gcc/nios2-elf/10.1.1/../../../../../H-x86_64-mingw32/nios2-elf/lib/mno-hw-mul\libstdc++.a(fundamental_type_info.o)
 .text._ZN10__cxxabiv123__fundamental_type_infoD2Ev
                0x00000000000148d0       0x10 c:/development/quartus/nios2eds/bin/gnu/h-x86_64-mingw32/bin/../lib/gcc/nios2-elf/10.1.1/../../../../../H-x86_64-mingw32/nios2-elf/lib/mno-hw-mul\libstdc++.a(fundamental_type_info.o)
                0x00000000000148d0                __cxxabiv1::__fundamental_type_info::~__fundamental_type_info()
                0x00000000000148d0                __cxxabiv1::__fundamental_type_info::~__fundamental_type_info()
 .text._ZN10__cxxabiv123__fundamental_type_infoD0Ev
                0x00000000000148e0       0x38 c:/development/quartus/nios2eds/bin/gnu/h-x86_64-mingw32/bin/../lib/gcc/nios2-elf/10.1.1/../../../../../H-x86_64-mingw32/nios2-elf/lib/mno-hw-mul\libstdc++.a(fundamental_type_info.o)
                0x00000000000148e0                __cxxabiv1::__fundamental_type_info::~__fundamental_type_info()
 .text          0x0000000000014918        0x0 c:/development/quartus/nios2eds/bin/gnu/h-x86_64-mingw32/bin/../lib/gcc/nios2-elf/10.1.1/../../../../../H-x86_64-mingw32/nios2-elf/lib/mno-hw-mul\libstdc++.a(new_op.o)
 .text._Znwj    0x0000000000014918       0x70 c:/development/quartus/nios2eds/bin/gnu/h-x86_64-mingw32/bin/../lib/gcc/nios2-elf/10.1.1/../../../../../H-x86_64-mingw32/nios2-elf/lib/mno-hw-mul\libstdc++.a(new_op.o)
                0x0000000000014918                operator new(unsigned int)
 .text          0x0000000000014988        0x0 c:/development/quartus/nios2eds/bin/gnu/h-x86_64-mingw32/bin/../lib/gcc/nios2-elf/10.1.1/../../../../../H-x86_64-mingw32/nios2-elf/lib/mno-hw-mul\libstdc++.a(pbase_type_info.o)
 .text._ZNK10__cxxabiv117__pbase_type_info15__pointer_catchEPKS0_PPvj
                0x0000000000014988       0x18 c:/development/quartus/nios2eds/bin/gnu/h-x86_64-mingw32/bin/../lib/gcc/nios2-elf/10.1.1/../../../../../H-x86_64-mingw32/nios2-elf/lib/mno-hw-mul\libstdc++.a(pbase_type_info.o)
                0x0000000000014988                __cxxabiv1::__pbase_type_info::__pointer_catch(__cxxabiv1::__pbase_type_info const*, void**, unsigned int) const
 .text._ZN10__cxxabiv117__pbase_type_infoD2Ev
                0x00000000000149a0       0x10 c:/development/quartus/nios2eds/bin/gnu/h-x86_64-mingw32/bin/../lib/gcc/nios2-elf/10.1.1/../../../../../H-x86_64-mingw32/nios2-elf/lib/mno-hw-mul\libstdc++.a(pbase_type_info.o)
                0x00000000000149a0                __cxxabiv1::__pbase_type_info::~__pbase_type_info()
                0x00000000000149a0                __cxxabiv1::__pbase_type_info::~__pbase_type_info()
 .text._ZN10__cxxabiv117__pbase_type_infoD0Ev
                0x00000000000149b0       0x38 c:/development/quartus/nios2eds/bin/gnu/h-x86_64-mingw32/bin/../lib/gcc/nios2-elf/10.1.1/../../../../../H-x86_64-mingw32/nios2-elf/lib/mno-hw-mul\libstdc++.a(pbase_type_info.o)
                0x00000000000149b0                __cxxabiv1::__pbase_type_info::~__pbase_type_info()
 .text._ZNK10__cxxabiv117__pbase_type_info10__do_catchEPKSt9type_infoPPvj
                0x00000000000149e8      0x25c c:/development/quartus/nios2eds/bin/gnu/h-x86_64-mingw32/bin/../lib/gcc/nios2-elf/10.1.1/../../../../../H-x86_64-mingw32/nios2-elf/lib/mno-hw-mul\libstdc++.a(pbase_type_info.o)
                0x00000000000149e8                __cxxabiv1::__pbase_type_info::__do_catch(std::type_info const*, void**, unsigned int) const
 .text          0x0000000000014c44        0x0 c:/development/quartus/nios2eds/bin/gnu/h-x86_64-mingw32/bin/../lib/gcc/nios2-elf/10.1.1/../../../../../H-x86_64-mingw32/nios2-elf/lib/mno-hw-mul\libstdc++.a(pmem_type_info.o)
 .text._ZN10__cxxabiv129__pointer_to_member_type_infoD2Ev
                0x0000000000014c44       0x10 c:/development/quartus/nios2eds/bin/gnu/h-x86_64-mingw32/bin/../lib/gcc/nios2-elf/10.1.1/../../../../../H-x86_64-mingw32/nios2-elf/lib/mno-hw-mul\libstdc++.a(pmem_type_info.o)
                0x0000000000014c44                __cxxabiv1::__pointer_to_member_type_info::~__pointer_to_member_type_info()
                0x0000000000014c44                __cxxabiv1::__pointer_to_member_type_info::~__pointer_to_member_type_info()
 .text._ZN10__cxxabiv129__pointer_to_member_type_infoD0Ev
                0x0000000000014c54       0x38 c:/development/quartus/nios2eds/bin/gnu/h-x86_64-mingw32/bin/../lib/gcc/nios2-elf/10.1.1/../../../../../H-x86_64-mingw32/nios2-elf/lib/mno-hw-mul\libstdc++.a(pmem_type_info.o)
                0x0000000000014c54                __cxxabiv1::__pointer_to_member_type_info::~__pointer_to_member_type_info()
 .text._ZNK10__cxxabiv129__pointer_to_member_type_info15__pointer_catchEPKNS_17__pbase_type_infoEPPvj
                0x0000000000014c8c       0x98 c:/development/quartus/nios2eds/bin/gnu/h-x86_64-mingw32/bin/../lib/gcc/nios2-elf/10.1.1/../../../../../H-x86_64-mingw32/nios2-elf/lib/mno-hw-mul\libstdc++.a(pmem_type_info.o)
                0x0000000000014c8c                __cxxabiv1::__pointer_to_member_type_info::__pointer_catch(__cxxabiv1::__pbase_type_info const*, void**, unsigned int) const
 .text          0x0000000000014d24        0x0 c:/development/quartus/nios2eds/bin/gnu/h-x86_64-mingw32/bin/../lib/gcc/nios2-elf/10.1.1/../../../../../H-x86_64-mingw32/nios2-elf/lib/mno-hw-mul\libstdc++.a(pure.o)
 .text.__cxa_pure_virtual
                0x0000000000014d24        0xc c:/development/quartus/nios2eds/bin/gnu/h-x86_64-mingw32/bin/../lib/gcc/nios2-elf/10.1.1/../../../../../H-x86_64-mingw32/nios2-elf/lib/mno-hw-mul\libstdc++.a(pure.o)
                0x0000000000014d24                __cxa_pure_virtual
 .text.__cxa_deleted_virtual
                0x0000000000014d30        0xc c:/development/quartus/nios2eds/bin/gnu/h-x86_64-mingw32/bin/../lib/gcc/nios2-elf/10.1.1/../../../../../H-x86_64-mingw32/nios2-elf/lib/mno-hw-mul\libstdc++.a(pure.o)
                0x0000000000014d30                __cxa_deleted_virtual
 .text          0x0000000000014d3c        0x0 c:/development/quartus/nios2eds/bin/gnu/h-x86_64-mingw32/bin/../lib/gcc/nios2-elf/10.1.1/../../../../../H-x86_64-mingw32/nios2-elf/lib/mno-hw-mul\libstdc++.a(bad_alloc.o)
 .text._ZNKSt9bad_alloc4whatEv
                0x0000000000014d3c        0xc c:/development/quartus/nios2eds/bin/gnu/h-x86_64-mingw32/bin/../lib/gcc/nios2-elf/10.1.1/../../../../../H-x86_64-mingw32/nios2-elf/lib/mno-hw-mul\libstdc++.a(bad_alloc.o)
                0x0000000000014d3c                std::bad_alloc::what() const
 .text._ZNSt9bad_allocD2Ev
                0x0000000000014d48       0x10 c:/development/quartus/nios2eds/bin/gnu/h-x86_64-mingw32/bin/../lib/gcc/nios2-elf/10.1.1/../../../../../H-x86_64-mingw32/nios2-elf/lib/mno-hw-mul\libstdc++.a(bad_alloc.o)
                0x0000000000014d48                std::bad_alloc::~bad_alloc()
                0x0000000000014d48                std::bad_alloc::~bad_alloc()
 .text._ZNSt9bad_allocD0Ev
                0x0000000000014d58       0x38 c:/development/quartus/nios2eds/bin/gnu/h-x86_64-mingw32/bin/../lib/gcc/nios2-elf/10.1.1/../../../../../H-x86_64-mingw32/nios2-elf/lib/mno-hw-mul\libstdc++.a(bad_alloc.o)
                0x0000000000014d58                std::bad_alloc::~bad_alloc()
 .text          0x0000000000014d90        0x0 c:/development/quartus/nios2eds/bin/gnu/h-x86_64-mingw32/bin/../lib/gcc/nios2-elf/10.1.1/../../../../../H-x86_64-mingw32/nios2-elf/lib/mno-hw-mul\libstdc++.a(eh_aux_runtime.o)
 .text.unlikely.__cxa_bad_cast
                0x0000000000014d90       0x34 c:/development/quartus/nios2eds/bin/gnu/h-x86_64-mingw32/bin/../lib/gcc/nios2-elf/10.1.1/../../../../../H-x86_64-mingw32/nios2-elf/lib/mno-hw-mul\libstdc++.a(eh_aux_runtime.o)
                0x0000000000014d90                __cxa_bad_cast
 .text.unlikely.__cxa_bad_typeid
                0x0000000000014dc4       0x34 c:/development/quartus/nios2eds/bin/gnu/h-x86_64-mingw32/bin/../lib/gcc/nios2-elf/10.1.1/../../../../../H-x86_64-mingw32/nios2-elf/lib/mno-hw-mul\libstdc++.a(eh_aux_runtime.o)
                0x0000000000014dc4                __cxa_bad_typeid
 .text.unlikely.__cxa_throw_bad_array_new_length
                0x0000000000014df8       0x34 c:/development/quartus/nios2eds/bin/gnu/h-x86_64-mingw32/bin/../lib/gcc/nios2-elf/10.1.1/../../../../../H-x86_64-mingw32/nios2-elf/lib/mno-hw-mul\libstdc++.a(eh_aux_runtime.o)
                0x0000000000014df8                __cxa_throw_bad_array_new_length
 .text          0x0000000000014e2c        0x0 c:/development/quartus/nios2eds/bin/gnu/h-x86_64-mingw32/bin/../lib/gcc/nios2-elf/10.1.1/../../../../../H-x86_64-mingw32/nios2-elf/lib/mno-hw-mul\libstdc++.a(new_handler.o)
 .text._ZSt15set_new_handlerPFvvE
                0x0000000000014e2c       0x14 c:/development/quartus/nios2eds/bin/gnu/h-x86_64-mingw32/bin/../lib/gcc/nios2-elf/10.1.1/../../../../../H-x86_64-mingw32/nios2-elf/lib/mno-hw-mul\libstdc++.a(new_handler.o)
                0x0000000000014e2c                std::set_new_handler(void (*)())
 .text._ZSt15get_new_handlerv
                0x0000000000014e40        0xc c:/development/quartus/nios2eds/bin/gnu/h-x86_64-mingw32/bin/../lib/gcc/nios2-elf/10.1.1/../../../../../H-x86_64-mingw32/nios2-elf/lib/mno-hw-mul\libstdc++.a(new_handler.o)
                0x0000000000014e40                std::get_new_handler()
 .text          0x0000000000014e4c        0x0 c:/development/quartus/nios2eds/bin/gnu/h-x86_64-mingw32/bin/../lib/gcc/nios2-elf/10.1.1/../../../../../H-x86_64-mingw32/nios2-elf/lib/mno-hw-mul\libstdc++.a(bad_array_new.o)
 .text._ZNKSt20bad_array_new_length4whatEv
                0x0000000000014e4c        0xc c:/development/quartus/nios2eds/bin/gnu/h-x86_64-mingw32/bin/../lib/gcc/nios2-elf/10.1.1/../../../../../H-x86_64-mingw32/nios2-elf/lib/mno-hw-mul\libstdc++.a(bad_array_new.o)
                0x0000000000014e4c                std::bad_array_new_length::what() const
 .text._ZNSt20bad_array_new_lengthD2Ev
                0x0000000000014e58       0x10 c:/development/quartus/nios2eds/bin/gnu/h-x86_64-mingw32/bin/../lib/gcc/nios2-elf/10.1.1/../../../../../H-x86_64-mingw32/nios2-elf/lib/mno-hw-mul\libstdc++.a(bad_array_new.o)
                0x0000000000014e58                std::bad_array_new_length::~bad_array_new_length()
                0x0000000000014e58                std::bad_array_new_length::~bad_array_new_length()
 .text._ZNSt20bad_array_new_lengthD0Ev
                0x0000000000014e68       0x38 c:/development/quartus/nios2eds/bin/gnu/h-x86_64-mingw32/bin/../lib/gcc/nios2-elf/10.1.1/../../../../../H-x86_64-mingw32/nios2-elf/lib/mno-hw-mul\libstdc++.a(bad_array_new.o)
                0x0000000000014e68                std::bad_array_new_length::~bad_array_new_length()
 .text          0x0000000000014ea0        0x0 c:/development/quartus/nios2eds/bin/gnu/h-x86_64-mingw32/bin/../lib/gcc/nios2-elf/10.1.1/../../../../../H-x86_64-mingw32/nios2-elf/lib/mno-hw-mul\libstdc++.a(bad_cast.o)
 .text._ZNKSt8bad_cast4whatEv
                0x0000000000014ea0        0xc c:/development/quartus/nios2eds/bin/gnu/h-x86_64-mingw32/bin/../lib/gcc/nios2-elf/10.1.1/../../../../../H-x86_64-mingw32/nios2-elf/lib/mno-hw-mul\libstdc++.a(bad_cast.o)
                0x0000000000014ea0                std::bad_cast::what() const
 .text._ZNSt8bad_castD2Ev
                0x0000000000014eac       0x10 c:/development/quartus/nios2eds/bin/gnu/h-x86_64-mingw32/bin/../lib/gcc/nios2-elf/10.1.1/../../../../../H-x86_64-mingw32/nios2-elf/lib/mno-hw-mul\libstdc++.a(bad_cast.o)
                0x0000000000014eac                std::bad_cast::~bad_cast()
                0x0000000000014eac                std::bad_cast::~bad_cast()
 .text._ZNSt8bad_castD0Ev
                0x0000000000014ebc       0x38 c:/development/quartus/nios2eds/bin/gnu/h-x86_64-mingw32/bin/../lib/gcc/nios2-elf/10.1.1/../../../../../H-x86_64-mingw32/nios2-elf/lib/mno-hw-mul\libstdc++.a(bad_cast.o)
                0x0000000000014ebc                std::bad_cast::~bad_cast()
 .text          0x0000000000014ef4        0x0 c:/development/quartus/nios2eds/bin/gnu/h-x86_64-mingw32/bin/../lib/gcc/nios2-elf/10.1.1/../../../../../H-x86_64-mingw32/nios2-elf/lib/mno-hw-mul\libstdc++.a(bad_typeid.o)
 .text._ZNKSt10bad_typeid4whatEv
                0x0000000000014ef4        0xc c:/development/quartus/nios2eds/bin/gnu/h-x86_64-mingw32/bin/../lib/gcc/nios2-elf/10.1.1/../../../../../H-x86_64-mingw32/nios2-elf/lib/mno-hw-mul\libstdc++.a(bad_typeid.o)
                0x0000000000014ef4                std::bad_typeid::what() const
 .text._ZNSt10bad_typeidD2Ev
                0x0000000000014f00       0x10 c:/development/quartus/nios2eds/bin/gnu/h-x86_64-mingw32/bin/../lib/gcc/nios2-elf/10.1.1/../../../../../H-x86_64-mingw32/nios2-elf/lib/mno-hw-mul\libstdc++.a(bad_typeid.o)
                0x0000000000014f00                std::bad_typeid::~bad_typeid()
                0x0000000000014f00                std::bad_typeid::~bad_typeid()
 .text._ZNSt10bad_typeidD0Ev
                0x0000000000014f10       0x38 c:/development/quartus/nios2eds/bin/gnu/h-x86_64-mingw32/bin/../lib/gcc/nios2-elf/10.1.1/../../../../../H-x86_64-mingw32/nios2-elf/lib/mno-hw-mul\libstdc++.a(bad_typeid.o)
                0x0000000000014f10                std::bad_typeid::~bad_typeid()
 .text          0x0000000000014f48      0x524 c:/development/quartus/nios2eds/bin/gnu/h-x86_64-mingw32/bin/../lib/gcc/nios2-elf/10.1.1/mno-hw-mul\libgcc.a(unwind-sjlj.o)
                0x0000000000015160                _Unwind_SjLj_Register
                0x0000000000015178                _Unwind_SjLj_Unregister
                0x0000000000015188                _Unwind_GetGR
                0x00000000000151a0                _Unwind_GetCFA
                0x00000000000151b8                _Unwind_SetGR
                0x00000000000151d0                _Unwind_GetIP
                0x00000000000151e0                _Unwind_GetIPInfo
                0x0000000000015200                _Unwind_SetIP
                0x0000000000015210                _Unwind_GetLanguageSpecificData
                0x000000000001521c                _Unwind_GetRegionStart
                0x0000000000015224                _Unwind_FindEnclosingFunction
                0x000000000001522c                _Unwind_GetDataRelBase
                0x0000000000015234                _Unwind_GetTextRelBase
                0x000000000001523c                _Unwind_SjLj_RaiseException
                0x0000000000015304                _Unwind_SjLj_ForcedUnwind
                0x0000000000015348                _Unwind_SjLj_Resume
                0x000000000001538c                _Unwind_SjLj_Resume_or_Rethrow
                0x00000000000153cc                _Unwind_DeleteException
                0x00000000000153e4                _Unwind_Backtrace
 .text          0x000000000001546c        0x0 ../jiwy_controller_20_sim_bsp//newlib/nios2-elf/lib\libsmallc.a(lib_a-abort.o)
 .text.unlikely.abort
                0x000000000001546c       0x18 ../jiwy_controller_20_sim_bsp//newlib/nios2-elf/lib\libsmallc.a(lib_a-abort.o)
                0x000000000001546c                abort
 .text          0x0000000000015484        0x0 ../jiwy_controller_20_sim_bsp//newlib/nios2-elf/lib\libsmallc.a(lib_a-malloc.o)
 .text.malloc   0x0000000000015484        0xc ../jiwy_controller_20_sim_bsp//newlib/nios2-elf/lib\libsmallc.a(lib_a-malloc.o)
                0x0000000000015484                malloc
 .text.free     0x0000000000015490        0xc ../jiwy_controller_20_sim_bsp//newlib/nios2-elf/lib\libsmallc.a(lib_a-malloc.o)
                0x0000000000015490                free
 .text          0x000000000001549c        0x0 ../jiwy_controller_20_sim_bsp//newlib/nios2-elf/lib\libsmallc.a(lib_a-memcpy.o)
 .text.memcpy   0x000000000001549c       0x28 ../jiwy_controller_20_sim_bsp//newlib/nios2-elf/lib\libsmallc.a(lib_a-memcpy.o)
                0x000000000001549c                memcpy
 .text          0x00000000000154c4        0x0 ../jiwy_controller_20_sim_bsp//newlib/nios2-elf/lib\libsmallc.a(lib_a-memset.o)
 .text.memset   0x00000000000154c4       0x20 ../jiwy_controller_20_sim_bsp//newlib/nios2-elf/lib\libsmallc.a(lib_a-memset.o)
                0x00000000000154c4                memset
 .text          0x00000000000154e4        0x0 ../jiwy_controller_20_sim_bsp//newlib/nios2-elf/lib\libsmallc.a(lib_a-nano-freer.o)
 .text._free_r  0x00000000000154e4       0xf8 ../jiwy_controller_20_sim_bsp//newlib/nios2-elf/lib\libsmallc.a(lib_a-nano-freer.o)
                0x00000000000154e4                _free_r
 .text          0x00000000000155dc        0x0 ../jiwy_controller_20_sim_bsp//newlib/nios2-elf/lib\libsmallc.a(lib_a-nano-mallocr.o)
 .text._malloc_r
                0x00000000000155dc      0x150 ../jiwy_controller_20_sim_bsp//newlib/nios2-elf/lib\libsmallc.a(lib_a-nano-mallocr.o)
                0x00000000000155dc                _malloc_r
 .text          0x000000000001572c        0x0 ../jiwy_controller_20_sim_bsp//newlib/nios2-elf/lib\libsmallc.a(lib_a-puts.o)
 .text._puts_r  0x000000000001572c       0x80 ../jiwy_controller_20_sim_bsp//newlib/nios2-elf/lib\libsmallc.a(lib_a-puts.o)
                0x000000000001572c                _puts_r
 .text.puts     0x00000000000157ac        0xc ../jiwy_controller_20_sim_bsp//newlib/nios2-elf/lib\libsmallc.a(lib_a-puts.o)
                0x00000000000157ac                puts
 .text          0x00000000000157b8        0x0 ../jiwy_controller_20_sim_bsp//newlib/nios2-elf/lib\libsmallc.a(lib_a-sbrkr.o)
 .text._sbrk_r  0x00000000000157b8       0x40 ../jiwy_controller_20_sim_bsp//newlib/nios2-elf/lib\libsmallc.a(lib_a-sbrkr.o)
                0x00000000000157b8                _sbrk_r
 .text          0x00000000000157f8        0x0 ../jiwy_controller_20_sim_bsp//newlib/nios2-elf/lib\libsmallc.a(lib_a-signal.o)
 .text._init_signal_r
                0x00000000000157f8       0x5c ../jiwy_controller_20_sim_bsp//newlib/nios2-elf/lib\libsmallc.a(lib_a-signal.o)
                0x00000000000157f8                _init_signal_r
 .text._signal_r
                0x0000000000015854       0x78 ../jiwy_controller_20_sim_bsp//newlib/nios2-elf/lib\libsmallc.a(lib_a-signal.o)
                0x0000000000015854                _signal_r
 .text._raise_r
                0x00000000000158cc       0xb4 ../jiwy_controller_20_sim_bsp//newlib/nios2-elf/lib\libsmallc.a(lib_a-signal.o)
                0x00000000000158cc                _raise_r
 .text.__sigtramp_r
                0x0000000000015980       0xa0 ../jiwy_controller_20_sim_bsp//newlib/nios2-elf/lib\libsmallc.a(lib_a-signal.o)
                0x0000000000015980                __sigtramp_r
 .text.raise    0x0000000000015a20        0xc ../jiwy_controller_20_sim_bsp//newlib/nios2-elf/lib\libsmallc.a(lib_a-signal.o)
                0x0000000000015a20                raise
 .text.signal   0x0000000000015a2c       0x10 ../jiwy_controller_20_sim_bsp//newlib/nios2-elf/lib\libsmallc.a(lib_a-signal.o)
                0x0000000000015a2c                signal
 .text._init_signal
                0x0000000000015a3c        0x8 ../jiwy_controller_20_sim_bsp//newlib/nios2-elf/lib\libsmallc.a(lib_a-signal.o)
                0x0000000000015a3c                _init_signal
 .text.__sigtramp
                0x0000000000015a44        0xc ../jiwy_controller_20_sim_bsp//newlib/nios2-elf/lib\libsmallc.a(lib_a-signal.o)
                0x0000000000015a44                __sigtramp
 .text          0x0000000000015a50        0x0 ../jiwy_controller_20_sim_bsp//newlib/nios2-elf/lib\libsmallc.a(lib_a-signalr.o)
 .text._kill_r  0x0000000000015a50       0x44 ../jiwy_controller_20_sim_bsp//newlib/nios2-elf/lib\libsmallc.a(lib_a-signalr.o)
                0x0000000000015a50                _kill_r
 .text._getpid_r
                0x0000000000015a94        0x4 ../jiwy_controller_20_sim_bsp//newlib/nios2-elf/lib\libsmallc.a(lib_a-signalr.o)
                0x0000000000015a94                _getpid_r
 .text          0x0000000000015a98        0x0 ../jiwy_controller_20_sim_bsp//newlib/nios2-elf/lib\libsmallc.a(lib_a-strcmp.o)
 .text.strcmp   0x0000000000015a98       0x44 ../jiwy_controller_20_sim_bsp//newlib/nios2-elf/lib\libsmallc.a(lib_a-strcmp.o)
                0x0000000000015a98                strcmp
 .text          0x0000000000015adc        0x0 ../jiwy_controller_20_sim_bsp//newlib/nios2-elf/lib\libsmallc.a(lib_a-strlen.o)
 .text.strlen   0x0000000000015adc       0x1c ../jiwy_controller_20_sim_bsp//newlib/nios2-elf/lib\libsmallc.a(lib_a-strlen.o)
                0x0000000000015adc                strlen
 .text          0x0000000000015af8        0x0 ../jiwy_controller_20_sim_bsp//newlib/nios2-elf/lib\libsmallc.a(lib_a-fvwrite_small_dev.o)
 .text.__sfvwrite_small_dev
                0x0000000000015af8       0xa8 ../jiwy_controller_20_sim_bsp//newlib/nios2-elf/lib\libsmallc.a(lib_a-fvwrite_small_dev.o)
                0x0000000000015af8                __sfvwrite_small_dev
 .text          0x0000000000015ba0        0x0 ../jiwy_controller_20_sim_bsp//newlib/nios2-elf/lib\libsmallc.a(lib_a-impure.o)
 .text          0x0000000000015ba0        0x0 ../jiwy_controller_20_sim_bsp//newlib/nios2-elf/lib\libsmallc.a(lib_a-int_errno.o)
 .text          0x0000000000015ba0        0x0 ../jiwy_controller_20_sim_bsp//newlib/nios2-elf/lib\libsmallc.a(lib_a-writer.o)
 .text._write_r
                0x0000000000015ba0       0x48 ../jiwy_controller_20_sim_bsp//newlib/nios2-elf/lib\libsmallc.a(lib_a-writer.o)
                0x0000000000015ba0                _write_r
 .text          0x0000000000015be8       0x14 c:/Users/gteho/Repositories/EMSYS-LAB/nios/software/jiwy_controller_20_sim_bsp/\libhal_bsp.a(alt_exit.o)
                0x0000000000015be8                _exit
 .text          0x0000000000015bfc        0x8 c:/Users/gteho/Repositories/EMSYS-LAB/nios/software/jiwy_controller_20_sim_bsp/\libhal_bsp.a(alt_getpid.o)
                0x0000000000015bfc                getpid
 .text          0x0000000000015c04       0x8c c:/Users/gteho/Repositories/EMSYS-LAB/nios/software/jiwy_controller_20_sim_bsp/\libhal_bsp.a(alt_iic.o)
                0x0000000000015c04                alt_ic_isr_register
                0x0000000000015c08                alt_ic_irq_enable
                0x0000000000015c40                alt_ic_irq_disable
                0x0000000000015c78                alt_ic_irq_enabled
 .text          0x0000000000015c90       0x68 c:/Users/gteho/Repositories/EMSYS-LAB/nios/software/jiwy_controller_20_sim_bsp/\libhal_bsp.a(alt_iic_isr_register.o)
                0x0000000000015c90                alt_iic_isr_register
 .text          0x0000000000015cf8        0x0 c:/Users/gteho/Repositories/EMSYS-LAB/nios/software/jiwy_controller_20_sim_bsp/\libhal_bsp.a(alt_irq_entry.o)
 .text          0x0000000000015cf8        0x0 c:/Users/gteho/Repositories/EMSYS-LAB/nios/software/jiwy_controller_20_sim_bsp/\libhal_bsp.a(alt_irq_handler.o)
 .text          0x0000000000015cf8        0x0 c:/Users/gteho/Repositories/EMSYS-LAB/nios/software/jiwy_controller_20_sim_bsp/\libhal_bsp.a(alt_irq_vars.o)
 .text          0x0000000000015cf8       0xf4 c:/Users/gteho/Repositories/EMSYS-LAB/nios/software/jiwy_controller_20_sim_bsp/\libhal_bsp.a(alt_kill.o)
                0x0000000000015cf8                kill
 .text          0x0000000000015dec       0x84 c:/Users/gteho/Repositories/EMSYS-LAB/nios/software/jiwy_controller_20_sim_bsp/\libhal_bsp.a(alt_load.o)
                0x0000000000015dec                alt_load
 .text          0x0000000000015e70       0x60 c:/Users/gteho/Repositories/EMSYS-LAB/nios/software/jiwy_controller_20_sim_bsp/\libhal_bsp.a(alt_main.o)
                0x0000000000015e70                alt_main
 .text          0x0000000000015ed0        0x8 c:/Users/gteho/Repositories/EMSYS-LAB/nios/software/jiwy_controller_20_sim_bsp/\libhal_bsp.a(alt_malloc_lock.o)
                0x0000000000015ed0                __malloc_lock
                0x0000000000015ed4                __malloc_unlock
 .text          0x0000000000015ed8       0x4c c:/Users/gteho/Repositories/EMSYS-LAB/nios/software/jiwy_controller_20_sim_bsp/\libhal_bsp.a(alt_sbrk.o)
                0x0000000000015ed8                sbrk
 .text          0x0000000000015f24       0xa4 c:/Users/gteho/Repositories/EMSYS-LAB/nios/software/jiwy_controller_20_sim_bsp/\libhal_bsp.a(alt_write.o)
                0x0000000000015f38                write
 .text          0x0000000000015fc8       0x68 c:/Users/gteho/Repositories/EMSYS-LAB/nios/software/jiwy_controller_20_sim_bsp/\libhal_bsp.a(alt_sys_init.o)
                0x0000000000015fc8                alt_irq_init
                0x0000000000015fe8                alt_sys_init
 .text          0x0000000000016030       0x20 c:/Users/gteho/Repositories/EMSYS-LAB/nios/software/jiwy_controller_20_sim_bsp/\libhal_bsp.a(altera_avalon_jtag_uart_fd.o)
                0x0000000000016030                altera_avalon_jtag_uart_read_fd
                0x0000000000016040                altera_avalon_jtag_uart_write_fd
 .text          0x0000000000016050       0x58 c:/Users/gteho/Repositories/EMSYS-LAB/nios/software/jiwy_controller_20_sim_bsp/\libhal_bsp.a(altera_avalon_jtag_uart_read.o)
                0x0000000000016050                altera_avalon_jtag_uart_read
 .text          0x00000000000160a8       0x30 c:/Users/gteho/Repositories/EMSYS-LAB/nios/software/jiwy_controller_20_sim_bsp/\libhal_bsp.a(altera_avalon_jtag_uart_write.o)
                0x00000000000160a8                altera_avalon_jtag_uart_write
 .text          0x00000000000160d8       0x84 c:/Users/gteho/Repositories/EMSYS-LAB/nios/software/jiwy_controller_20_sim_bsp/\libhal_bsp.a(altera_avalon_timer_sc.o)
                0x0000000000016114                alt_avalon_timer_sc_init
 .text          0x000000000001615c       0x20 c:/Users/gteho/Repositories/EMSYS-LAB/nios/software/jiwy_controller_20_sim_bsp/\libhal_bsp.a(altera_avalon_uart_fd.o)
                0x000000000001615c                altera_avalon_uart_read_fd
                0x000000000001616c                altera_avalon_uart_write_fd
 .text          0x000000000001617c       0x78 c:/Users/gteho/Repositories/EMSYS-LAB/nios/software/jiwy_controller_20_sim_bsp/\libhal_bsp.a(altera_avalon_uart_read.o)
                0x000000000001617c                altera_avalon_uart_read
 .text          0x00000000000161f4       0x84 c:/Users/gteho/Repositories/EMSYS-LAB/nios/software/jiwy_controller_20_sim_bsp/\libhal_bsp.a(altera_avalon_uart_write.o)
                0x00000000000161f4                altera_avalon_uart_write
 .text          0x0000000000016278       0xb4 c:/Users/gteho/Repositories/EMSYS-LAB/nios/software/jiwy_controller_20_sim_bsp/\libhal_bsp.a(alt_close.o)
                0x0000000000016278                close
 .text          0x000000000001632c        0x4 c:/Users/gteho/Repositories/EMSYS-LAB/nios/software/jiwy_controller_20_sim_bsp/\libhal_bsp.a(alt_dcache_flush_all.o)
                0x000000000001632c                alt_dcache_flush_all
 .text          0x0000000000016330        0x8 c:/Users/gteho/Repositories/EMSYS-LAB/nios/software/jiwy_controller_20_sim_bsp/\libhal_bsp.a(alt_dev.o)
 .text          0x0000000000016338       0x6c c:/Users/gteho/Repositories/EMSYS-LAB/nios/software/jiwy_controller_20_sim_bsp/\libhal_bsp.a(alt_dev_llist_insert.o)
                0x0000000000016338                alt_dev_llist_insert
 .text          0x00000000000163a4       0x48 c:/Users/gteho/Repositories/EMSYS-LAB/nios/software/jiwy_controller_20_sim_bsp/\libhal_bsp.a(alt_do_ctors.o)
                0x00000000000163a4                _do_ctors
 .text          0x00000000000163ec       0x48 c:/Users/gteho/Repositories/EMSYS-LAB/nios/software/jiwy_controller_20_sim_bsp/\libhal_bsp.a(alt_do_dtors.o)
                0x00000000000163ec                _do_dtors
 .text          0x0000000000016434        0x0 c:/Users/gteho/Repositories/EMSYS-LAB/nios/software/jiwy_controller_20_sim_bsp/\libhal_bsp.a(alt_errno.o)
 .text          0x0000000000016434        0x0 c:/Users/gteho/Repositories/EMSYS-LAB/nios/software/jiwy_controller_20_sim_bsp/\libhal_bsp.a(alt_exception_entry.o)
 .text          0x0000000000016434        0x4 c:/Users/gteho/Repositories/EMSYS-LAB/nios/software/jiwy_controller_20_sim_bsp/\libhal_bsp.a(alt_icache_flush_all.o)
                0x0000000000016434                alt_icache_flush_all
 .text          0x0000000000016438       0x70 c:/Users/gteho/Repositories/EMSYS-LAB/nios/software/jiwy_controller_20_sim_bsp/\libhal_bsp.a(alt_instruction_exception_entry.o)
                0x0000000000016438                alt_exception_cause_generated_bad_addr
 .text          0x00000000000164a8       0xdc c:/Users/gteho/Repositories/EMSYS-LAB/nios/software/jiwy_controller_20_sim_bsp/\libhal_bsp.a(alt_io_redirect.o)
                0x0000000000016520                alt_io_redirect
 .text          0x0000000000016584      0x15c c:/Users/gteho/Repositories/EMSYS-LAB/nios/software/jiwy_controller_20_sim_bsp/\libhal_bsp.a(alt_open.o)
                0x0000000000016584                open
 .text          0x00000000000166e0       0x2c c:/Users/gteho/Repositories/EMSYS-LAB/nios/software/jiwy_controller_20_sim_bsp/\libhal_bsp.a(alt_release_fd.o)
                0x00000000000166e0                alt_release_fd
 .text          0x000000000001670c       0xe8 c:/Users/gteho/Repositories/EMSYS-LAB/nios/software/jiwy_controller_20_sim_bsp/\libhal_bsp.a(alt_tick.o)
                0x000000000001670c                alt_alarm_stop
                0x000000000001673c                alt_tick
 .text          0x00000000000167f4        0x8 c:/Users/gteho/Repositories/EMSYS-LAB/nios/software/jiwy_controller_20_sim_bsp/\libhal_bsp.a(altera_nios2_gen2_irq.o)
                0x00000000000167f4                altera_nios2_gen2_irq_init
 .text          0x00000000000167fc       0x70 c:/Users/gteho/Repositories/EMSYS-LAB/nios/software/jiwy_controller_20_sim_bsp/\libhal_bsp.a(alt_find_dev.o)
                0x00000000000167fc                alt_find_dev
 .text          0x000000000001686c       0x9c c:/Users/gteho/Repositories/EMSYS-LAB/nios/software/jiwy_controller_20_sim_bsp/\libhal_bsp.a(alt_find_file.o)
                0x000000000001686c                alt_find_file
 .text          0x0000000000016908       0x54 c:/Users/gteho/Repositories/EMSYS-LAB/nios/software/jiwy_controller_20_sim_bsp/\libhal_bsp.a(alt_get_fd.o)
                0x0000000000016908                alt_get_fd
 .text          0x000000000001695c        0x0 ../jiwy_controller_20_sim_bsp//newlib/nios2-elf/lib\libsmallc.a(lib_a-atexit.o)
 .text.atexit   0x000000000001695c       0x14 ../jiwy_controller_20_sim_bsp//newlib/nios2-elf/lib\libsmallc.a(lib_a-atexit.o)
                0x000000000001695c                atexit
 .text          0x0000000000016970        0x0 ../jiwy_controller_20_sim_bsp//newlib/nios2-elf/lib\libsmallc.a(lib_a-exit.o)
 .text.exit     0x0000000000016970       0x20 ../jiwy_controller_20_sim_bsp//newlib/nios2-elf/lib\libsmallc.a(lib_a-exit.o)
                0x0000000000016970                exit
 .text          0x0000000000016990        0x0 ../jiwy_controller_20_sim_bsp//newlib/nios2-elf/lib\libsmallc.a(lib_a-memcmp.o)
 .text.memcmp   0x0000000000016990       0x30 ../jiwy_controller_20_sim_bsp//newlib/nios2-elf/lib\libsmallc.a(lib_a-memcmp.o)
                0x0000000000016990                memcmp
 .text          0x00000000000169c0        0x0 ../jiwy_controller_20_sim_bsp//newlib/nios2-elf/lib\libsmallc.a(lib_a-__atexit.o)
 .text.__register_exitproc
                0x00000000000169c0      0x110 ../jiwy_controller_20_sim_bsp//newlib/nios2-elf/lib\libsmallc.a(lib_a-__atexit.o)
                0x00000000000169c0                __register_exitproc
 .text          0x0000000000016ad0        0x0 ../jiwy_controller_20_sim_bsp//newlib/nios2-elf/lib\libsmallc.a(lib_a-__call_atexit.o)
 .text.__call_exitprocs
                0x0000000000016ad0      0x128 ../jiwy_controller_20_sim_bsp//newlib/nios2-elf/lib\libsmallc.a(lib_a-__call_atexit.o)
                0x0000000000016ad0                __call_exitprocs
 *(.gnu.warning.*)
 *(.fini)
                [!provide]                        PROVIDE (__etext = ABSOLUTE (.))
                [!provide]                        PROVIDE (_etext = ABSOLUTE (.))
                [!provide]                        PROVIDE (etext = ABSOLUTE (.))
 *(.eh_frame_hdr)
                0x0000000000016bf8                . = ALIGN (0x4)
                [!provide]                        PROVIDE (__preinit_array_start = ABSOLUTE (.))
 *(.preinit_array)
                [!provide]                        PROVIDE (__preinit_array_end = ABSOLUTE (.))
                [!provide]                        PROVIDE (__init_array_start = ABSOLUTE (.))
 *(.init_array)
                [!provide]                        PROVIDE (__init_array_end = ABSOLUTE (.))
                [!provide]                        PROVIDE (__fini_array_start = ABSOLUTE (.))
 *(.fini_array)
                [!provide]                        PROVIDE (__fini_array_end = ABSOLUTE (.))
 *(.eh_frame)
 *(.gcc_except_table .gcc_except_table.*)
 .gcc_except_table
                0x0000000000016bf8        0x6 obj/default/20-sim/pan/PositionControllerPan.o
 .gcc_except_table
                0x0000000000016bfe        0x6 obj/default/20-sim/tilt/PositionControllerTilt.o
 .gcc_except_table._ZNSt14_Function_baseD2Ev
                0x0000000000016c04        0x4 obj/default/main.o
 .gcc_except_table
                0x0000000000016c08        0xc obj/default/main.o
 .gcc_except_table
                0x0000000000016c14        0x6 obj/default/serial/uart.o
 *fill*         0x0000000000016c1a        0x2 3a880100
 .gcc_except_table.__gxx_personality_sj0
                0x0000000000016c1c       0x10 c:/development/quartus/nios2eds/bin/gnu/h-x86_64-mingw32/bin/../lib/gcc/nios2-elf/10.1.1/../../../../../H-x86_64-mingw32/nios2-elf/lib/mno-hw-mul\libstdc++.a(eh_personality.o)
 .gcc_except_table.__cxa_call_unexpected
                0x0000000000016c2c       0x10 c:/development/quartus/nios2eds/bin/gnu/h-x86_64-mingw32/bin/../lib/gcc/nios2-elf/10.1.1/../../../../../H-x86_64-mingw32/nios2-elf/lib/mno-hw-mul\libstdc++.a(eh_personality.o)
 .gcc_except_table._ZN10__cxxabiv111__terminateEPFvvE
                0x0000000000016c3c       0x15 c:/development/quartus/nios2eds/bin/gnu/h-x86_64-mingw32/bin/../lib/gcc/nios2-elf/10.1.1/../../../../../H-x86_64-mingw32/nios2-elf/lib/mno-hw-mul\libstdc++.a(eh_terminate.o)
 *(.dynamic)
                0x0000000000016c51                PROVIDE (__CTOR_LIST__ = ABSOLUTE (.))
 *(.ctors)
 *fill*         0x0000000000016c51        0x3 3a880100
 .ctors         0x0000000000016c54        0x4 obj/default/main.o
 .ctors         0x0000000000016c58        0x4 obj/default/serial/uart.o
 .ctors         0x0000000000016c5c        0x4 c:/development/quartus/nios2eds/bin/gnu/h-x86_64-mingw32/bin/../lib/gcc/nios2-elf/10.1.1/../../../../../H-x86_64-mingw32/nios2-elf/lib/mno-hw-mul\libstdc++.a(eh_alloc.o)
 *(SORT_BY_NAME(.ctors.*))
                0x0000000000016c60                PROVIDE (__CTOR_END__ = ABSOLUTE (.))
                0x0000000000016c60                PROVIDE (__DTOR_LIST__ = ABSOLUTE (.))
 *(.dtors)
 .dtors         0x0000000000016c60        0x4 obj/default/serial/uart.o
 *(SORT_BY_NAME(.dtors.*))
                0x0000000000016c64                PROVIDE (__DTOR_END__ = ABSOLUTE (.))
 *(.jcr)
                0x0000000000016c64                . = ALIGN (0x4)

.rodata         0x0000000000016c64      0xa10
                0x0000000000016c64                PROVIDE (__ram_rodata_start = ABSOLUTE (.))
                0x0000000000016c64                . = ALIGN (0x4)
 *(.rodata .rodata.* .gnu.linkonce.r.*)
 .rodata._ZTS17IntegrationMethod
                0x0000000000016c64       0x14 obj/default/20-sim/common/xxinteg.o
                0x0000000000016c64                typeinfo name for IntegrationMethod
 .rodata._ZTS8Discrete
                0x0000000000016c78        0xa obj/default/20-sim/common/xxinteg.o
                0x0000000000016c78                typeinfo name for Discrete
 *fill*         0x0000000000016c82        0x2 
 .rodata._ZTI8Discrete
                0x0000000000016c84        0xc obj/default/20-sim/common/xxinteg.o
                0x0000000000016c84                typeinfo for Discrete
 .rodata._ZTV8Discrete
                0x0000000000016c90       0x1c obj/default/20-sim/common/xxinteg.o
                0x0000000000016c90                vtable for Discrete
 .rodata._ZTS13Submodel20sim
                0x0000000000016cac       0x10 obj/default/20-sim/pan/PositionControllerPan.o
                0x0000000000016cac                typeinfo name for Submodel20sim
 .rodata._ZTS21PositionControllerPan
                0x0000000000016cbc       0x18 obj/default/20-sim/pan/PositionControllerPan.o
                0x0000000000016cbc                typeinfo name for PositionControllerPan
 .rodata._ZTI21PositionControllerPan
                0x0000000000016cd4       0x18 obj/default/20-sim/pan/PositionControllerPan.o
                0x0000000000016cd4                typeinfo for PositionControllerPan
 .rodata._ZTV13Submodel20sim
                0x0000000000016cec       0x14 obj/default/20-sim/pan/PositionControllerPan.o
                0x0000000000016cec                vtable for Submodel20sim
 .rodata._ZTV21PositionControllerPan
                0x0000000000016d00       0x34 obj/default/20-sim/pan/PositionControllerPan.o
                0x0000000000016d00                vtable for PositionControllerPan
 .rodata._ZTS22PositionControllerTilt
                0x0000000000016d34       0x19 obj/default/20-sim/tilt/PositionControllerTilt.o
                0x0000000000016d34                typeinfo name for PositionControllerTilt
 *fill*         0x0000000000016d4d        0x3 
 .rodata._ZTI22PositionControllerTilt
                0x0000000000016d50       0x18 obj/default/20-sim/tilt/PositionControllerTilt.o
                0x0000000000016d50                typeinfo for PositionControllerTilt
 .rodata._ZTV22PositionControllerTilt
                0x0000000000016d68       0x34 obj/default/20-sim/tilt/PositionControllerTilt.o
                0x0000000000016d68                vtable for PositionControllerTilt
 .rodata.str1.4
                0x0000000000016d9c       0x20 obj/default/main.o
 .rodata._ZTSFvRN6Serial10rx_messageEE
                0x0000000000016dbc       0x1a obj/default/main.o
                0x0000000000016dbc                typeinfo name for void (Serial::rx_message&)
 *fill*         0x0000000000016dd6        0x2 
 .rodata._ZTSPFvRN6Serial10rx_messageEE
                0x0000000000016dd8       0x1b obj/default/main.o
                0x0000000000016dd8                typeinfo name for void (*)(Serial::rx_message&)
 *fill*         0x0000000000016df3        0x1 
 .rodata._ZTIPFvRN6Serial10rx_messageEE
                0x0000000000016df4       0x10 obj/default/main.o
                0x0000000000016df4                typeinfo for void (*)(Serial::rx_message&)
 .rodata._ZTSN10__cxxabiv117__class_type_infoE
                0x0000000000016e04       0x22 c:/development/quartus/nios2eds/bin/gnu/h-x86_64-mingw32/bin/../lib/gcc/nios2-elf/10.1.1/../../../../../H-x86_64-mingw32/nios2-elf/lib/mno-hw-mul\libstdc++.a(class_type_info.o)
                0x0000000000016e04                typeinfo name for __cxxabiv1::__class_type_info
 *fill*         0x0000000000016e26        0x2 
 .rodata._ZTIN10__cxxabiv117__class_type_infoE
                0x0000000000016e28        0xc c:/development/quartus/nios2eds/bin/gnu/h-x86_64-mingw32/bin/../lib/gcc/nios2-elf/10.1.1/../../../../../H-x86_64-mingw32/nios2-elf/lib/mno-hw-mul\libstdc++.a(class_type_info.o)
                0x0000000000016e28                typeinfo for __cxxabiv1::__class_type_info
 .rodata._ZTVN10__cxxabiv117__class_type_infoE
                0x0000000000016e34       0x2c c:/development/quartus/nios2eds/bin/gnu/h-x86_64-mingw32/bin/../lib/gcc/nios2-elf/10.1.1/../../../../../H-x86_64-mingw32/nios2-elf/lib/mno-hw-mul\libstdc++.a(class_type_info.o)
                0x0000000000016e34                vtable for __cxxabiv1::__class_type_info
 .rodata._ZTSN10__cxxabiv120__function_type_infoE
                0x0000000000016e60       0x25 c:/development/quartus/nios2eds/bin/gnu/h-x86_64-mingw32/bin/../lib/gcc/nios2-elf/10.1.1/../../../../../H-x86_64-mingw32/nios2-elf/lib/mno-hw-mul\libstdc++.a(function_type_info.o)
                0x0000000000016e60                typeinfo name for __cxxabiv1::__function_type_info
 *fill*         0x0000000000016e85        0x3 
 .rodata._ZTIN10__cxxabiv120__function_type_infoE
                0x0000000000016e88        0xc c:/development/quartus/nios2eds/bin/gnu/h-x86_64-mingw32/bin/../lib/gcc/nios2-elf/10.1.1/../../../../../H-x86_64-mingw32/nios2-elf/lib/mno-hw-mul\libstdc++.a(function_type_info.o)
                0x0000000000016e88                typeinfo for __cxxabiv1::__function_type_info
 .rodata._ZTVN10__cxxabiv120__function_type_infoE
                0x0000000000016e94       0x20 c:/development/quartus/nios2eds/bin/gnu/h-x86_64-mingw32/bin/../lib/gcc/nios2-elf/10.1.1/../../../../../H-x86_64-mingw32/nios2-elf/lib/mno-hw-mul\libstdc++.a(function_type_info.o)
                0x0000000000016e94                vtable for __cxxabiv1::__function_type_info
 .rodata._ZTSN10__cxxabiv119__pointer_type_infoE
                0x0000000000016eb4       0x24 c:/development/quartus/nios2eds/bin/gnu/h-x86_64-mingw32/bin/../lib/gcc/nios2-elf/10.1.1/../../../../../H-x86_64-mingw32/nios2-elf/lib/mno-hw-mul\libstdc++.a(pointer_type_info.o)
                0x0000000000016eb4                typeinfo name for __cxxabiv1::__pointer_type_info
 .rodata._ZTIN10__cxxabiv119__pointer_type_infoE
                0x0000000000016ed8        0xc c:/development/quartus/nios2eds/bin/gnu/h-x86_64-mingw32/bin/../lib/gcc/nios2-elf/10.1.1/../../../../../H-x86_64-mingw32/nios2-elf/lib/mno-hw-mul\libstdc++.a(pointer_type_info.o)
                0x0000000000016ed8                typeinfo for __cxxabiv1::__pointer_type_info
 .rodata._ZTVN10__cxxabiv119__pointer_type_infoE
                0x0000000000016ee4       0x24 c:/development/quartus/nios2eds/bin/gnu/h-x86_64-mingw32/bin/../lib/gcc/nios2-elf/10.1.1/../../../../../H-x86_64-mingw32/nios2-elf/lib/mno-hw-mul\libstdc++.a(pointer_type_info.o)