Archive member included to satisfy reference by file (symbol)

c:/development/quartus/nios2eds/bin/gnu/h-x86_64-mingw32/bin/../lib/gcc/nios2-elf/10.1.1/../../../../../H-x86_64-mingw32/nios2-elf/lib/mno-hw-mul\libstdc++.a(class_type_info.o)
                              obj/default/20-sim/common/xxinteg.o (vtable for __cxxabiv1::__class_type_info)
c:/development/quartus/nios2eds/bin/gnu/h-x86_64-mingw32/bin/../lib/gcc/nios2-elf/10.1.1/../../../../../H-x86_64-mingw32/nios2-elf/lib/mno-hw-mul\libstdc++.a(del_ops.o)
                              obj/default/20-sim/common/xxinteg.o (operator delete(void*, unsigned int))
c:/development/quartus/nios2eds/bin/gnu/h-x86_64-mingw32/bin/../lib/gcc/nios2-elf/10.1.1/../../../../../H-x86_64-mingw32/nios2-elf/lib/mno-hw-mul\libstdc++.a(del_opv.o)
                              obj/default/20-sim/pan/PositionControllerPan.o (operator delete[](void*))
c:/development/quartus/nios2eds/bin/gnu/h-x86_64-mingw32/bin/../lib/gcc/nios2-elf/10.1.1/../../../../../H-x86_64-mingw32/nios2-elf/lib/mno-hw-mul\libstdc++.a(eh_personality.o)
                              obj/default/20-sim/pan/PositionControllerPan.o (__gxx_personality_sj0)
c:/development/quartus/nios2eds/bin/gnu/h-x86_64-mingw32/bin/../lib/gcc/nios2-elf/10.1.1/../../../../../H-x86_64-mingw32/nios2-elf/lib/mno-hw-mul\libstdc++.a(eh_terminate.o)
                              c:/development/quartus/nios2eds/bin/gnu/h-x86_64-mingw32/bin/../lib/gcc/nios2-elf/10.1.1/../../../../../H-x86_64-mingw32/nios2-elf/lib/mno-hw-mul\libstdc++.a(eh_personality.o) (__cxxabiv1::__terminate(void (*)()))
c:/development/quartus/nios2eds/bin/gnu/h-x86_64-mingw32/bin/../lib/gcc/nios2-elf/10.1.1/../../../../../H-x86_64-mingw32/nios2-elf/lib/mno-hw-mul\libstdc++.a(eh_throw.o)
                              c:/development/quartus/nios2eds/bin/gnu/h-x86_64-mingw32/bin/../lib/gcc/nios2-elf/10.1.1/../../../../../H-x86_64-mingw32/nios2-elf/lib/mno-hw-mul\libstdc++.a(eh_personality.o) (__cxa_throw)
c:/development/quartus/nios2eds/bin/gnu/h-x86_64-mingw32/bin/../lib/gcc/nios2-elf/10.1.1/../../../../../H-x86_64-mingw32/nios2-elf/lib/mno-hw-mul\libstdc++.a(eh_unex_handler.o)
                              c:/development/quartus/nios2eds/bin/gnu/h-x86_64-mingw32/bin/../lib/gcc/nios2-elf/10.1.1/../../../../../H-x86_64-mingw32/nios2-elf/lib/mno-hw-mul\libstdc++.a(eh_terminate.o) (__cxxabiv1::__unexpected_handler)
c:/development/quartus/nios2eds/bin/gnu/h-x86_64-mingw32/bin/../lib/gcc/nios2-elf/10.1.1/../../../../../H-x86_64-mingw32/nios2-elf/lib/mno-hw-mul\libstdc++.a(function_type_info.o)
                              obj/default/main.o (vtable for __cxxabiv1::__function_type_info)
c:/development/quartus/nios2eds/bin/gnu/h-x86_64-mingw32/bin/../lib/gcc/nios2-elf/10.1.1/../../../../../H-x86_64-mingw32/nios2-elf/lib/mno-hw-mul\libstdc++.a(new_opv.o)
                              obj/default/20-sim/pan/PositionControllerPan.o (operator new[](unsigned int))
c:/development/quartus/nios2eds/bin/gnu/h-x86_64-mingw32/bin/../lib/gcc/nios2-elf/10.1.1/../../../../../H-x86_64-mingw32/nios2-elf/lib/mno-hw-mul\libstdc++.a(pointer_type_info.o)
                              obj/default/main.o (vtable for __cxxabiv1::__pointer_type_info)
c:/development/quartus/nios2eds/bin/gnu/h-x86_64-mingw32/bin/../lib/gcc/nios2-elf/10.1.1/../../../../../H-x86_64-mingw32/nios2-elf/lib/mno-hw-mul\libstdc++.a(si_class_type_info.o)
                              obj/default/20-sim/common/xxinteg.o (vtable for __cxxabiv1::__si_class_type_info)
c:/development/quartus/nios2eds/bin/gnu/h-x86_64-mingw32/bin/../lib/gcc/nios2-elf/10.1.1/../../../../../H-x86_64-mingw32/nios2-elf/lib/mno-hw-mul\libstdc++.a(tinfo.o)
                              c:/development/quartus/nios2eds/bin/gnu/h-x86_64-mingw32/bin/../lib/gcc/nios2-elf/10.1.1/../../../../../H-x86_64-mingw32/nios2-elf/lib/mno-hw-mul\libstdc++.a(class_type_info.o) (std::type_info::~type_info())
c:/development/quartus/nios2eds/bin/gnu/h-x86_64-mingw32/bin/../lib/gcc/nios2-elf/10.1.1/../../../../../H-x86_64-mingw32/nios2-elf/lib/mno-hw-mul\libstdc++.a(vmi_class_type_info.o)
                              obj/default/20-sim/pan/PositionControllerPan.o (vtable for __cxxabiv1::__vmi_class_type_info)
c:/development/quartus/nios2eds/bin/gnu/h-x86_64-mingw32/bin/../lib/gcc/nios2-elf/10.1.1/../../../../../H-x86_64-mingw32/nios2-elf/lib/mno-hw-mul\libstdc++.a(functional.o)
                              obj/default/serial/uart.o (std::__throw_bad_function_call())
c:/development/quartus/nios2eds/bin/gnu/h-x86_64-mingw32/bin/../lib/gcc/nios2-elf/10.1.1/../../../../../H-x86_64-mingw32/nios2-elf/lib/mno-hw-mul\libstdc++.a(del_op.o)
                              c:/development/quartus/nios2eds/bin/gnu/h-x86_64-mingw32/bin/../lib/gcc/nios2-elf/10.1.1/../../../../../H-x86_64-mingw32/nios2-elf/lib/mno-hw-mul\libstdc++.a(del_ops.o) (operator delete(void*))
[...]
Memory Configuration

Name             Origin             Length             Attributes
reset            0x0000000000010000 0x0000000000000020
onchip_mem       0x0000000000010020 0x000000000000b3e0
*default*        0x0000000000000000 0xffffffffffffffff

Linker script and memory map

LOAD c:/Users/gteho/Repositories/EMSYS-LAB/nios/software/jiwy_demonstrator_bsp//obj/HAL/src/crt0.o
LOAD obj/default/20-sim/common/xxinteg.o
LOAD obj/default/20-sim/pan/PositionControllerPan.o
LOAD obj/default/20-sim/tilt/PositionControllerTilt.o
LOAD obj/default/main.o
LOAD obj/default/motor_driver/motor.o
LOAD obj/default/serial/uart.o
LOAD obj/default/timer/timer.o
LOAD c:/development/quartus/nios2eds/bin/gnu/h-x86_64-mingw32/bin/../lib/gcc/nios2-elf/10.1.1/../../../../../H-x86_64-mingw32/nios2-elf/lib/mno-hw-mul\libstdc++.a
LOAD ../jiwy_demonstrator_bsp//newlib/nios2-elf/lib\libm.a
LOAD c:/development/quartus/nios2eds/bin/gnu/h-x86_64-mingw32/bin/../lib/gcc/nios2-elf/10.1.1/mno-hw-mul\libgcc.a
START GROUP
LOAD ../jiwy_demonstrator_bsp//newlib/nios2-elf/lib\libsmallc.a
LOAD c:/development/quartus/nios2eds/bin/gnu/h-x86_64-mingw32/bin/../lib/gcc/nios2-elf/10.1.1/mno-hw-mul\libgcc.a
LOAD c:/Users/gteho/Repositories/EMSYS-LAB/nios/software/jiwy_demonstrator_bsp/\libhal_bsp.a
LOAD ../jiwy_demonstrator_bsp//newlib/nios2-elf/lib\libm.a
END GROUP
LOAD c:/development/quartus/nios2eds/bin/gnu/h-x86_64-mingw32/bin/../lib/gcc/nios2-elf/10.1.1/mno-hw-mul\libgcc.a
                0x0000000000010000                __alt_mem_onchip_mem = 0x10000

.entry          0x0000000000010000       0x20
 *(.entry)
 .entry         0x0000000000010000       0x20 c:/Users/gteho/Repositories/EMSYS-LAB/nios/software/jiwy_demonstrator_bsp//obj/HAL/src/crt0.o
                0x0000000000010000                __reset

.exceptions     0x0000000000010020      0x160
                0x0000000000010020                PROVIDE (__ram_exceptions_start = ABSOLUTE (.))
                0x0000000000010020                . = ALIGN (0x20)
 *(.irq)
 *(.exceptions.entry.label)
 .exceptions.entry.label
                0x0000000000010020        0x0 c:/Users/gteho/Repositories/EMSYS-LAB/nios/software/jiwy_demonstrator_bsp/\libhal_bsp.a(alt_irq_entry.o)
                0x0000000000010020                alt_irq_entry
 .exceptions.entry.label
                0x0000000000010020        0x0 c:/Users/gteho/Repositories/EMSYS-LAB/nios/software/jiwy_demonstrator_bsp/\libhal_bsp.a(alt_exception_entry.o)
                0x0000000000010020                alt_exception
 *(.exceptions.entry.user)
 *(.exceptions.entry.ecc_fatal)
 *(.exceptions.entry)
 .exceptions.entry
                0x0000000000010020       0x54 c:/Users/gteho/Repositories/EMSYS-LAB/nios/software/jiwy_demonstrator_bsp/\libhal_bsp.a(alt_exception_entry.o)
 *(.exceptions.irqtest.user)
 *(.exceptions.irqtest)
 .exceptions.irqtest
                0x0000000000010074       0x10 c:/Users/gteho/Repositories/EMSYS-LAB/nios/software/jiwy_demonstrator_bsp/\libhal_bsp.a(alt_irq_entry.o)
 *(.exceptions.irqhandler.user)
 *(.exceptions.irqhandler)
 .exceptions.irqhandler
                0x0000000000010084        0x4 c:/Users/gteho/Repositories/EMSYS-LAB/nios/software/jiwy_demonstrator_bsp/\libhal_bsp.a(alt_irq_entry.o)
 *(.exceptions.irqreturn.user)
 *(.exceptions.irqreturn)
 .exceptions.irqreturn
                0x0000000000010088        0x4 c:/Users/gteho/Repositories/EMSYS-LAB/nios/software/jiwy_demonstrator_bsp/\libhal_bsp.a(alt_irq_entry.o)
 *(.exceptions.notirq.label)
 .exceptions.notirq.label
                0x000000000001008c        0x0 c:/Users/gteho/Repositories/EMSYS-LAB/nios/software/jiwy_demonstrator_bsp/\libhal_bsp.a(alt_irq_entry.o)
 *(.exceptions.notirq.user)
 *(.exceptions.notirq)
 .exceptions.notirq
                0x000000000001008c        0x8 c:/Users/gteho/Repositories/EMSYS-LAB/nios/software/jiwy_demonstrator_bsp/\libhal_bsp.a(alt_exception_entry.o)
 *(.exceptions.soft.user)
 *(.exceptions.soft)
 *(.exceptions.unknown.user)
 *(.exceptions.unknown)
 .exceptions.unknown
                0x0000000000010094       0x14 c:/Users/gteho/Repositories/EMSYS-LAB/nios/software/jiwy_demonstrator_bsp/\libhal_bsp.a(alt_exception_entry.o)
 *(.exceptions.exit.label)
 .exceptions.exit.label
                0x00000000000100a8        0x0 c:/Users/gteho/Repositories/EMSYS-LAB/nios/software/jiwy_demonstrator_bsp/\libhal_bsp.a(alt_irq_entry.o)
 .exceptions.exit.label
                0x00000000000100a8        0x0 c:/Users/gteho/Repositories/EMSYS-LAB/nios/software/jiwy_demonstrator_bsp/\libhal_bsp.a(alt_exception_entry.o)
 *(.exceptions.exit.user)
 *(.exceptions.exit)
 .exceptions.exit
                0x00000000000100a8       0x54 c:/Users/gteho/Repositories/EMSYS-LAB/nios/software/jiwy_demonstrator_bsp/\libhal_bsp.a(alt_exception_entry.o)
 *(.exceptions)
 .exceptions    0x00000000000100fc       0x60 c:/Users/gteho/Repositories/EMSYS-LAB/nios/software/jiwy_demonstrator_bsp/\libhal_bsp.a(alt_irq_handler.o)
                0x00000000000100fc                alt_irq_handler
 .exceptions    0x000000000001015c       0x24 c:/Users/gteho/Repositories/EMSYS-LAB/nios/software/jiwy_demonstrator_bsp/\libhal_bsp.a(alt_instruction_exception_entry.o)
                0x000000000001015c                alt_instruction_exception_entry
                0x0000000000010180                PROVIDE (__ram_exceptions_end = ABSOLUTE (.))
                0x0000000000010020                PROVIDE (__flash_exceptions_start = LOADADDR (.exceptions))

.text           0x0000000000010180     0x8744
                [!provide]                        PROVIDE (stext = ABSOLUTE (.))
 *(.interp)
 *(.hash)
 *(.dynsym)
 *(.dynstr)
 *(.gnu.version)
 *(.gnu.version_d)
 *(.gnu.version_r)
 *(.rel.init)
 *(.rela.init)
 *(.rel.text .rel.text.* .rel.gnu.linkonce.t.*)
 *(.rela.text .rela.text.* .rela.gnu.linkonce.t.*)
 *(.rel.fini)
 *(.rela.fini)
 *(.rel.rodata .rel.rodata.* .rel.gnu.linkonce.r.*)
 *(.rela.rodata .rela.rodata.* .rela.gnu.linkonce.r.*)
 *(.rel.data .rel.data.* .rel.gnu.linkonce.d.*)
 *(.rela.data .rela.data.* .rela.gnu.linkonce.d.*)
 *(.rel.tdata .rel.tdata.* .rel.gnu.linkonce.td.*)
 *(.rela.tdata .rela.tdata.* .rela.gnu.linkonce.td.*)
 *(.rel.tbss .rel.tbss.* .rel.gnu.linkonce.tb.*)
 *(.rela.tbss .rela.tbss.* .rela.gnu.linkonce.tb.*)
 *(.rel.ctors)
 *(.rela.ctors)
 *(.rel.dtors)
 *(.rela.dtors)
 *(.rel.got)
 *(.rela.got)
 *(.rel.sdata .rel.sdata.* .rel.gnu.linkonce.s.*)
 *(.rela.sdata .rela.sdata.* .rela.gnu.linkonce.s.*)
 *(.rel.sbss .rel.sbss.* .rel.gnu.linkonce.sb.*)
 *(.rela.sbss .rela.sbss.* .rela.gnu.linkonce.sb.*)
 *(.rel.sdata2 .rel.sdata2.* .rel.gnu.linkonce.s2.*)
 *(.rela.sdata2 .rela.sdata2.* .rela.gnu.linkonce.s2.*)
 *(.rel.sbss2 .rel.sbss2.* .rel.gnu.linkonce.sb2.*)
 *(.rela.sbss2 .rela.sbss2.* .rela.gnu.linkonce.sb2.*)
 *(.rel.bss .rel.bss.* .rel.gnu.linkonce.b.*)
 *(.rela.bss .rela.bss.* .rela.gnu.linkonce.b.*)
 *(.rel.plt)
 *(.rela.plt)
 *(.rel.dyn)
 *(.init)
 *(.plt)
 *(.text .stub .text.* .gnu.linkonce.t.*)
 .text          0x0000000000010180       0x3c c:/Users/gteho/Repositories/EMSYS-LAB/nios/software/jiwy_demonstrator_bsp//obj/HAL/src/crt0.o
                0x0000000000010180                _start
 .text          0x00000000000101bc       0x98 obj/default/20-sim/common/xxinteg.o
                0x00000000000101bc                Discrete::~Discrete()
                0x00000000000101bc                Discrete::~Discrete()
                0x00000000000101c0                Discrete::Initialize(Submodel20sim*)
                0x00000000000101d0                Discrete::Terminate()
                0x00000000000101d4                Discrete::~Discrete()
                0x00000000000101dc                Discrete::Step()
                0x0000000000010240                Discrete::Discrete()
                0x0000000000010240                Discrete::Discrete()
 .text._ZN13Submodel20sim16CalculateDynamicEv
                0x0000000000010254        0x4 obj/default/20-sim/common/xxinteg.o
                0x0000000000010254                Submodel20sim::CalculateDynamic()
 .text          0x0000000000010258      0xc00 obj/default/20-sim/pan/PositionControllerPan.o
                0x0000000000010258                PositionControllerPan::CalculateDynamic()
                0x0000000000010350                virtual thunk to PositionControllerPan::CalculateDynamic()
                0x0000000000010368                PositionControllerPan::CopyInputsToVariables(float*)
                0x000000000001038c                PositionControllerPan::CopyVariablesToOutputs(float*)
                0x00000000000103b0                PositionControllerPan::Reset(float)
                0x0000000000010500                PositionControllerPan::IsFinished()
                0x000000000001050c                PositionControllerPan::Terminate(float*, float*)
                0x0000000000010540                PositionControllerPan::CalculateInitial()
                0x0000000000010544                PositionControllerPan::CalculateStatic()
                0x0000000000010548                PositionControllerPan::CalculateInput()
                0x000000000001054c                PositionControllerPan::CalculateOutput()
                0x0000000000010570                PositionControllerPan::CalculateFinal()
                0x0000000000010574                PositionControllerPan::SetFinishTime(float)
                0x00000000000105ac                PositionControllerPan::PositionControllerPan()
                0x0000000000010840                PositionControllerPan::PositionControllerPan()
                0x00000000000109d0                PositionControllerPan::~PositionControllerPan()
                0x0000000000010ad8                PositionControllerPan::~PositionControllerPan()
                0x0000000000010b80                virtual thunk to PositionControllerPan::~PositionControllerPan()
                0x0000000000010b98                PositionControllerPan::~PositionControllerPan()
                0x0000000000010bc4                virtual thunk to PositionControllerPan::~PositionControllerPan()
                0x0000000000010bfc                PositionControllerPan::Initialize(float*, float*, float)
                0x0000000000010d40                PositionControllerPan::Calculate(float*, float*)
 .text          0x0000000000010e58      0xbfc obj/default/20-sim/tilt/PositionControllerTilt.o
                0x0000000000010e58                PositionControllerTilt::CalculateDynamic()
                0x0000000000010f64                virtual thunk to PositionControllerTilt::CalculateDynamic()
                0x0000000000010f7c                PositionControllerTilt::CopyInputsToVariables(float*)
                0x0000000000010fa8                PositionControllerTilt::CopyVariablesToOutputs(float*)
                0x0000000000010fc4                PositionControllerTilt::Reset(float)
                0x0000000000011114                PositionControllerTilt::IsFinished()
                0x0000000000011120                PositionControllerTilt::Terminate(float*, float*)
                0x0000000000011154                PositionControllerTilt::CalculateInitial()
                0x0000000000011158                PositionControllerTilt::CalculateStatic()
                0x000000000001115c                PositionControllerTilt::CalculateInput()
                0x0000000000011160                PositionControllerTilt::CalculateOutput()
                0x000000000001117c                PositionControllerTilt::CalculateFinal()
                0x0000000000011180                PositionControllerTilt::SetFinishTime(float)
                0x00000000000111b8                PositionControllerTilt::PositionControllerTilt()
                0x000000000001144c                PositionControllerTilt::PositionControllerTilt()
                0x00000000000115dc                PositionControllerTilt::~PositionControllerTilt()
                0x00000000000116e4                PositionControllerTilt::~PositionControllerTilt()
                0x000000000001178c                virtual thunk to PositionControllerTilt::~PositionControllerTilt()
                0x00000000000117a4                PositionControllerTilt::~PositionControllerTilt()
                0x00000000000117d0                virtual thunk to PositionControllerTilt::~PositionControllerTilt()
                0x0000000000011808                PositionControllerTilt::Initialize(float*, float*, float)
                0x0000000000011944                PositionControllerTilt::Calculate(float*, float*)
 .text          0x0000000000011a54      0x2c8 obj/default/main.o
                0x0000000000011a54                handleTimerEvent()
                0x0000000000011c0c                handleUartEvent(Serial::message&)
 .text._ZNSt17_Function_handlerIFvRN6Serial7messageEEPS3_E9_M_invokeERKSt9_Any_dataS2_
                0x0000000000011d1c        0xc obj/default/main.o
                0x0000000000011d1c                std::_Function_handler<void (Serial::message&), void (*)(Serial::message&)>::_M_invoke(std::_Any_data const&, Serial::message&)
 .text._ZNSt17_Function_handlerIFvvEPS0_E9_M_invokeERKSt9_Any_data
                0x0000000000011d28        0x8 obj/default/main.o
                0x0000000000011d28                std::_Function_handler<void (), void (*)()>::_M_invoke(std::_Any_data const&)
 .text._ZNSt17_Function_handlerIFvvEPS0_E10_M_managerERSt9_Any_dataRKS3_St18_Manager_operation
                0x0000000000011d30       0x48 obj/default/main.o
                0x0000000000011d30                std::_Function_handler<void (), void (*)()>::_M_manager(std::_Any_data&, std::_Any_data const&, std::_Manager_operation)
 .text._ZNSt17_Function_handlerIFvRN6Serial7messageEEPS3_E10_M_managerERSt9_Any_dataRKS6_St18_Manager_operation
                0x0000000000011d78       0x48 obj/default/main.o
                0x0000000000011d78                std::_Function_handler<void (Serial::message&), void (*)(Serial::message&)>::_M_manager(std::_Any_data&, std::_Any_data const&, std::_Manager_operation)
 .text._ZNSt14_Function_baseD2Ev
                0x0000000000011dc0       0x64 obj/default/main.o
                0x0000000000011dc0                std::_Function_base::~_Function_base()
                0x0000000000011dc0                std::_Function_base::~_Function_base()
 .text.startup  0x0000000000011e24      0x29c obj/default/main.o
                0x0000000000011e24                main
 .text.exit     0x00000000000120c0       0x2c obj/default/main.o
 .text          0x00000000000120ec      0x3cc obj/default/motor_driver/motor.o
                0x00000000000120ec                Plant::Motor::Motor(unsigned long, unsigned long, unsigned long, unsigned long, unsigned long)
                0x00000000000120ec                Plant::Motor::Motor(unsigned long, unsigned long, unsigned long, unsigned long, unsigned long)
                0x00000000000121cc                Plant::Motor::setSpeedAndDirection(signed char)
                0x0000000000012300                Plant::Motor::setDutyCycle(unsigned char)
                0x0000000000012388                Plant::Motor::setDirection(Plant::Motor::Direction)
                0x00000000000123b8                Plant::Motor::enable()
                0x00000000000123e4                Plant::Motor::disable()
                0x0000000000012408                Plant::Motor::getAngle()
                0x0000000000012428                Plant::Motor::readData()
                0x0000000000012434                Plant::Motor::isAtInitialPosition()
 .text          0x00000000000124b8      0x28c obj/default/serial/uart.o
                0x00000000000124b8                Serial::UART::uart_0_isr(void*)
                0x0000000000012560                Serial::UART::UART(std::function<void (Serial::message&)>)
                0x0000000000012560                Serial::UART::UART(std::function<void (Serial::message&)>)
                0x00000000000126c4                Serial::UART::sendData(Serial::message)
                0x000000000001270c                Serial::UART::convertToArray(Serial::message)
 .text.startup  0x0000000000012744        0xc obj/default/serial/uart.o
 .text.exit     0x0000000000012750        0xc obj/default/serial/uart.o
 .text          0x000000000001275c      0x188 obj/default/timer/timer.o
                0x000000000001275c                Timer::timer_0_isr(void*)
                0x000000000001278c                Timer::Timer(std::function<void ()>)
                0x000000000001278c                Timer::Timer(std::function<void ()>)
                0x00000000000128a8                Timer::enable()
 .text.startup  0x00000000000128e4        0xc obj/default/timer/timer.o
 .text.exit     0x00000000000128f0        0xc obj/default/timer/timer.o
 .text          0x00000000000128fc        0x0 c:/development/quartus/nios2eds/bin/gnu/h-x86_64-mingw32/bin/../lib/gcc/nios2-elf/10.1.1/../../../../../H-x86_64-mingw32/nios2-elf/lib/mno-hw-mul\libstdc++.a(class_type_info.o)
 .text._ZNK10__cxxabiv117__class_type_info11__do_upcastEPKS0_PPv
                0x00000000000128fc       0x78 c:/development/quartus/nios2eds/bin/gnu/h-x86_64-mingw32/bin/../lib/gcc/nios2-elf/10.1.1/../../../../../H-x86_64-mingw32/nios2-elf/lib/mno-hw-mul\libstdc++.a(class_type_info.o)
                0x00000000000128fc                __cxxabiv1::__class_type_info::__do_upcast(__cxxabiv1::__class_type_info const*, void**) const
 .text._ZNK10__cxxabiv117__class_type_info20__do_find_public_srcEiPKvPKS0_S2_
                0x0000000000012974       0x18 c:/development/quartus/nios2eds/bin/gnu/h-x86_64-mingw32/bin/../lib/gcc/nios2-elf/10.1.1/../../../../../H-x86_64-mingw32/nios2-elf/lib/mno-hw-mul\libstdc++.a(class_type_info.o)
                0x0000000000012974                __cxxabiv1::__class_type_info::__do_find_public_src(int, void const*, __cxxabiv1::__class_type_info const*, void const*) const
 .text._ZN10__cxxabiv117__class_type_infoD2Ev
                0x000000000001298c       0x10 c:/development/quartus/nios2eds/bin/gnu/h-x86_64-mingw32/bin/../lib/gcc/nios2-elf/10.1.1/../../../../../H-x86_64-mingw32/nios2-elf/lib/mno-hw-mul\libstdc++.a(class_type_info.o)
                0x000000000001298c                __cxxabiv1::__class_type_info::~__class_type_info()
                0x000000000001298c                __cxxabiv1::__class_type_info::~__class_type_info()
 .text._ZN10__cxxabiv117__class_type_infoD0Ev
                0x000000000001299c       0x38 c:/development/quartus/nios2eds/bin/gnu/h-x86_64-mingw32/bin/../lib/gcc/nios2-elf/10.1.1/../../../../../H-x86_64-mingw32/nios2-elf/lib/mno-hw-mul\libstdc++.a(class_type_info.o)
                0x000000000001299c                __cxxabiv1::__class_type_info::~__class_type_info()
 .text._ZNK10__cxxabiv117__class_type_info11__do_upcastEPKS0_PKvRNS0_15__upcast_resultE
                0x00000000000129d4       0x6c c:/development/quartus/nios2eds/bin/gnu/h-x86_64-mingw32/bin/../lib/gcc/nios2-elf/10.1.1/../../../../../H-x86_64-mingw32/nios2-elf/lib/mno-hw-mul\libstdc++.a(class_type_info.o)
                0x00000000000129d4                __cxxabiv1::__class_type_info::__do_upcast(__cxxabiv1::__class_type_info const*, void const*, __cxxabiv1::__class_type_info::__upcast_result&) const
 .text._ZNK10__cxxabiv117__class_type_info10__do_catchEPKSt9type_infoPPvj
                0x0000000000012a40       0x9c c:/development/quartus/nios2eds/bin/gnu/h-x86_64-mingw32/bin/../lib/gcc/nios2-elf/10.1.1/../../../../../H-x86_64-mingw32/nios2-elf/lib/mno-hw-mul\libstdc++.a(class_type_info.o)
                0x0000000000012a40                __cxxabiv1::__class_type_info::__do_catch(std::type_info const*, void**, unsigned int) const
 .text._ZNK10__cxxabiv117__class_type_info12__do_dyncastEiNS0_10__sub_kindEPKS0_PKvS3_S5_RNS0_16__dyncast_resultE
                0x0000000000012adc       0xc4 c:/development/quartus/nios2eds/bin/gnu/h-x86_64-mingw32/bin/../lib/gcc/nios2-elf/10.1.1/../../../../../H-x86_64-mingw32/nios2-elf/lib/mno-hw-mul\libstdc++.a(class_type_info.o)
                0x0000000000012adc                __cxxabiv1::__class_type_info::__do_dyncast(int, __cxxabiv1::__class_type_info::__sub_kind, __cxxabiv1::__class_type_info const*, void const*, __cxxabiv1::__class_type_info const*, void const*, __cxxabiv1::__class_type_info::__dyncast_result&) const
 .text          0x0000000000012ba0        0x0 c:/development/quartus/nios2eds/bin/gnu/h-x86_64-mingw32/bin/../lib/gcc/nios2-elf/10.1.1/../../../../../H-x86_64-mingw32/nios2-elf/lib/mno-hw-mul\libstdc++.a(del_ops.o)
 .text._ZdlPvj  0x0000000000012ba0        0x4 c:/development/quartus/nios2eds/bin/gnu/h-x86_64-mingw32/bin/../lib/gcc/nios2-elf/10.1.1/../../../../../H-x86_64-mingw32/nios2-elf/lib/mno-hw-mul\libstdc++.a(del_ops.o)
                0x0000000000012ba0                operator delete(void*, unsigned int)
 .text          0x0000000000012ba4        0x0 c:/development/quartus/nios2eds/bin/gnu/h-x86_64-mingw32/bin/../lib/gcc/nios2-elf/10.1.1/../../../../../H-x86_64-mingw32/nios2-elf/lib/mno-hw-mul\libstdc++.a(del_opv.o)
 .text._ZdaPv   0x0000000000012ba4        0x4 c:/development/quartus/nios2eds/bin/gnu/h-x86_64-mingw32/bin/../lib/gcc/nios2-elf/10.1.1/../../../../../H-x86_64-mingw32/nios2-elf/lib/mno-hw-mul\libstdc++.a(del_opv.o)
                0x0000000000012ba4                operator delete[](void*)
 .text          0x0000000000012ba8        0x0 c:/development/quartus/nios2eds/bin/gnu/h-x86_64-mingw32/bin/../lib/gcc/nios2-elf/10.1.1/../../../../../H-x86_64-mingw32/nios2-elf/lib/mno-hw-mul\libstdc++.a(eh_personality.o)
 .text._ZL16get_adjusted_ptrPKSt9type_infoS1_PPv
                0x0000000000012ba8       0x90 c:/development/quartus/nios2eds/bin/gnu/h-x86_64-mingw32/bin/../lib/gcc/nios2-elf/10.1.1/../../../../../H-x86_64-mingw32/nios2-elf/lib/mno-hw-mul\libstdc++.a(eh_personality.o)
 .text._ZL28read_encoded_value_with_basehjPKhPj
                0x0000000000012c38      0x1e8 c:/development/quartus/nios2eds/bin/gnu/h-x86_64-mingw32/bin/../lib/gcc/nios2-elf/10.1.1/../../../../../H-x86_64-mingw32/nios2-elf/lib/mno-hw-mul\libstdc++.a(eh_personality.o)
 .text._ZL21base_of_encoded_valuehP15_Unwind_Context
                0x0000000000012e20       0x70 c:/development/quartus/nios2eds/bin/gnu/h-x86_64-mingw32/bin/../lib/gcc/nios2-elf/10.1.1/../../../../../H-x86_64-mingw32/nios2-elf/lib/mno-hw-mul\libstdc++.a(eh_personality.o)
 .text._ZL17parse_lsda_headerP15_Unwind_ContextPKhP16lsda_header_info
                0x0000000000012e90      0x12c c:/development/quartus/nios2eds/bin/gnu/h-x86_64-mingw32/bin/../lib/gcc/nios2-elf/10.1.1/../../../../../H-x86_64-mingw32/nios2-elf/lib/mno-hw-mul\libstdc++.a(eh_personality.o)
 .text._ZL20check_exception_specP16lsda_header_infoPKSt9type_infoPvl
                0x0000000000012fbc      0x110 c:/development/quartus/nios2eds/bin/gnu/h-x86_64-mingw32/bin/../lib/gcc/nios2-elf/10.1.1/../../../../../H-x86_64-mingw32/nios2-elf/lib/mno-hw-mul\libstdc++.a(eh_personality.o)
 .text.__gxx_personality_sj0
                0x00000000000130cc      0x698 c:/development/quartus/nios2eds/bin/gnu/h-x86_64-mingw32/bin/../lib/gcc/nios2-elf/10.1.1/../../../../../H-x86_64-mingw32/nios2-elf/lib/mno-hw-mul\libstdc++.a(eh_personality.o)
                0x00000000000130cc                __gxx_personality_sj0
 .text.__cxa_call_unexpected
                0x0000000000013764      0x17c c:/development/quartus/nios2eds/bin/gnu/h-x86_64-mingw32/bin/../lib/gcc/nios2-elf/10.1.1/../../../../../H-x86_64-mingw32/nios2-elf/lib/mno-hw-mul\libstdc++.a(eh_personality.o)
                0x0000000000013764                __cxa_call_unexpected
 .text          0x00000000000138e0        0x0 c:/development/quartus/nios2eds/bin/gnu/h-x86_64-mingw32/bin/../lib/gcc/nios2-elf/10.1.1/../../../../../H-x86_64-mingw32/nios2-elf/lib/mno-hw-mul\libstdc++.a(eh_terminate.o)
 .text._ZN10__cxxabiv111__terminateEPFvvE
                0x00000000000138e0       0xc8 c:/development/quartus/nios2eds/bin/gnu/h-x86_64-mingw32/bin/../lib/gcc/nios2-elf/10.1.1/../../../../../H-x86_64-mingw32/nios2-elf/lib/mno-hw-mul\libstdc++.a(eh_terminate.o)
                0x00000000000138e0                __cxxabiv1::__terminate(void (*)())
 .text._ZSt9terminatev
                0x00000000000139a8       0x14 c:/development/quartus/nios2eds/bin/gnu/h-x86_64-mingw32/bin/../lib/gcc/nios2-elf/10.1.1/../../../../../H-x86_64-mingw32/nios2-elf/lib/mno-hw-mul\libstdc++.a(eh_terminate.o)
                0x00000000000139a8                std::terminate()
 .text._ZN10__cxxabiv112__unexpectedEPFvvE
                0x00000000000139bc       0x10 c:/development/quartus/nios2eds/bin/gnu/h-x86_64-mingw32/bin/../lib/gcc/nios2-elf/10.1.1/../../../../../H-x86_64-mingw32/nios2-elf/lib/mno-hw-mul\libstdc++.a(eh_terminate.o)
                0x00000000000139bc                __cxxabiv1::__unexpected(void (*)())
 .text._ZSt10unexpectedv
                0x00000000000139cc       0x14 c:/development/quartus/nios2eds/bin/gnu/h-x86_64-mingw32/bin/../lib/gcc/nios2-elf/10.1.1/../../../../../H-x86_64-mingw32/nios2-elf/lib/mno-hw-mul\libstdc++.a(eh_terminate.o)
                0x00000000000139cc                std::unexpected()
 .text._ZSt13set_terminatePFvvE
                0x00000000000139e0       0x24 c:/development/quartus/nios2eds/bin/gnu/h-x86_64-mingw32/bin/../lib/gcc/nios2-elf/10.1.1/../../../../../H-x86_64-mingw32/nios2-elf/lib/mno-hw-mul\libstdc++.a(eh_terminate.o)
                0x00000000000139e0                std::set_terminate(void (*)())
 .text._ZSt13get_terminatev
                0x0000000000013a04        0xc c:/development/quartus/nios2eds/bin/gnu/h-x86_64-mingw32/bin/../lib/gcc/nios2-elf/10.1.1/../../../../../H-x86_64-mingw32/nios2-elf/lib/mno-hw-mul\libstdc++.a(eh_terminate.o)
                0x0000000000013a04                std::get_terminate()
 .text._ZSt14set_unexpectedPFvvE
                0x0000000000013a10       0x24 c:/development/quartus/nios2eds/bin/gnu/h-x86_64-mingw32/bin/../lib/gcc/nios2-elf/10.1.1/../../../../../H-x86_64-mingw32/nios2-elf/lib/mno-hw-mul\libstdc++.a(eh_terminate.o)
                0x0000000000013a10                std::set_unexpected(void (*)())
 .text._ZSt14get_unexpectedv
                0x0000000000013a34        0xc c:/development/quartus/nios2eds/bin/gnu/h-x86_64-mingw32/bin/../lib/gcc/nios2-elf/10.1.1/../../../../../H-x86_64-mingw32/nios2-elf/lib/mno-hw-mul\libstdc++.a(eh_terminate.o)
                0x0000000000013a34                std::get_unexpected()
 .text          0x0000000000013a40        0x0 c:/development/quartus/nios2eds/bin/gnu/h-x86_64-mingw32/bin/../lib/gcc/nios2-elf/10.1.1/../../../../../H-x86_64-mingw32/nios2-elf/lib/mno-hw-mul\libstdc++.a(eh_throw.o)
 .text._ZL23__gxx_exception_cleanup19_Unwind_Reason_CodeP17_Unwind_Exception
                0x0000000000013a40       0x68 c:/development/quartus/nios2eds/bin/gnu/h-x86_64-mingw32/bin/../lib/gcc/nios2-elf/10.1.1/../../../../../H-x86_64-mingw32/nios2-elf/lib/mno-hw-mul\libstdc++.a(eh_throw.o)
 .text.__cxa_init_primary_exception
                0x0000000000013aa8       0x64 c:/development/quartus/nios2eds/bin/gnu/h-x86_64-mingw32/bin/../lib/gcc/nios2-elf/10.1.1/../../../../../H-x86_64-mingw32/nios2-elf/lib/mno-hw-mul\libstdc++.a(eh_throw.o)
                0x0000000000013aa8                __cxa_init_primary_exception
 .text.__cxa_throw
                0x0000000000013b0c       0x60 c:/development/quartus/nios2eds/bin/gnu/h-x86_64-mingw32/bin/../lib/gcc/nios2-elf/10.1.1/../../../../../H-x86_64-mingw32/nios2-elf/lib/mno-hw-mul\libstdc++.a(eh_throw.o)
                0x0000000000013b0c                __cxa_throw
 .text.__cxa_rethrow
                0x0000000000013b6c       0x84 c:/development/quartus/nios2eds/bin/gnu/h-x86_64-mingw32/bin/../lib/gcc/nios2-elf/10.1.1/../../../../../H-x86_64-mingw32/nios2-elf/lib/mno-hw-mul\libstdc++.a(eh_throw.o)
                0x0000000000013b6c                __cxa_rethrow
 .text          0x0000000000013bf0        0x0 c:/development/quartus/nios2eds/bin/gnu/h-x86_64-mingw32/bin/../lib/gcc/nios2-elf/10.1.1/../../../../../H-x86_64-mingw32/nios2-elf/lib/mno-hw-mul\libstdc++.a(eh_unex_handler.o)
 .text          0x0000000000013bf0        0x0 c:/development/quartus/nios2eds/bin/gnu/h-x86_64-mingw32/bin/../lib/gcc/nios2-elf/10.1.1/../../../../../H-x86_64-mingw32/nios2-elf/lib/mno-hw-mul\libstdc++.a(function_type_info.o)
 .text._ZNK10__cxxabiv120__function_type_info15__is_function_pEv
                0x0000000000013bf0        0x8 c:/development/quartus/nios2eds/bin/gnu/h-x86_64-mingw32/bin/../lib/gcc/nios2-elf/10.1.1/../../../../../H-x86_64-mingw32/nios2-elf/lib/mno-hw-mul\libstdc++.a(function_type_info.o)
                0x0000000000013bf0                __cxxabiv1::__function_type_info::__is_function_p() const
 .text._ZN10__cxxabiv120__function_type_infoD2Ev
                0x0000000000013bf8       0x10 c:/development/quartus/nios2eds/bin/gnu/h-x86_64-mingw32/bin/../lib/gcc/nios2-elf/10.1.1/../../../../../H-x86_64-mingw32/nios2-elf/lib/mno-hw-mul\libstdc++.a(function_type_info.o)
                0x0000000000013bf8                __cxxabiv1::__function_type_info::~__function_type_info()
                0x0000000000013bf8                __cxxabiv1::__function_type_info::~__function_type_info()
 .text._ZN10__cxxabiv120__function_type_infoD0Ev
                0x0000000000013c08       0x38 c:/development/quartus/nios2eds/bin/gnu/h-x86_64-mingw32/bin/../lib/gcc/nios2-elf/10.1.1/../../../../../H-x86_64-mingw32/nios2-elf/lib/mno-hw-mul\libstdc++.a(function_type_info.o)
                0x0000000000013c08                __cxxabiv1::__function_type_info::~__function_type_info()
 .text          0x0000000000013c40        0x0 c:/development/quartus/nios2eds/bin/gnu/h-x86_64-mingw32/bin/../lib/gcc/nios2-elf/10.1.1/../../../../../H-x86_64-mingw32/nios2-elf/lib/mno-hw-mul\libstdc++.a(new_opv.o)
 .text._Znaj    0x0000000000013c40        0x4 c:/development/quartus/nios2eds/bin/gnu/h-x86_64-mingw32/bin/../lib/gcc/nios2-elf/10.1.1/../../../../../H-x86_64-mingw32/nios2-elf/lib/mno-hw-mul\libstdc++.a(new_opv.o)
                0x0000000000013c40                operator new[](unsigned int)
 .text          0x0000000000013c44        0x0 c:/development/quartus/nios2eds/bin/gnu/h-x86_64-mingw32/bin/../lib/gcc/nios2-elf/10.1.1/../../../../../H-x86_64-mingw32/nios2-elf/lib/mno-hw-mul\libstdc++.a(pointer_type_info.o)
 .text._ZNK10__cxxabiv119__pointer_type_info14__is_pointer_pEv
                0x0000000000013c44        0x8 c:/development/quartus/nios2eds/bin/gnu/h-x86_64-mingw32/bin/../lib/gcc/nios2-elf/10.1.1/../../../../../H-x86_64-mingw32/nios2-elf/lib/mno-hw-mul\libstdc++.a(pointer_type_info.o)
                0x0000000000013c44                __cxxabiv1::__pointer_type_info::__is_pointer_p() const
 .text._ZN10__cxxabiv119__pointer_type_infoD2Ev
                0x0000000000013c4c       0x10 c:/development/quartus/nios2eds/bin/gnu/h-x86_64-mingw32/bin/../lib/gcc/nios2-elf/10.1.1/../../../../../H-x86_64-mingw32/nios2-elf/lib/mno-hw-mul\libstdc++.a(pointer_type_info.o)
                0x0000000000013c4c                __cxxabiv1::__pointer_type_info::~__pointer_type_info()
                0x0000000000013c4c                __cxxabiv1::__pointer_type_info::~__pointer_type_info()
 .text._ZN10__cxxabiv119__pointer_type_infoD0Ev
                0x0000000000013c5c       0x38 c:/development/quartus/nios2eds/bin/gnu/h-x86_64-mingw32/bin/../lib/gcc/nios2-elf/10.1.1/../../../../../H-x86_64-mingw32/nios2-elf/lib/mno-hw-mul\libstdc++.a(pointer_type_info.o)
                0x0000000000013c5c                __cxxabiv1::__pointer_type_info::~__pointer_type_info()
 .text._ZNK10__cxxabiv119__pointer_type_info15__pointer_catchEPKNS_17__pbase_type_infoEPPvj
                0x0000000000013c94       0xa4 c:/development/quartus/nios2eds/bin/gnu/h-x86_64-mingw32/bin/../lib/gcc/nios2-elf/10.1.1/../../../../../H-x86_64-mingw32/nios2-elf/lib/mno-hw-mul\libstdc++.a(pointer_type_info.o)
                0x0000000000013c94                __cxxabiv1::__pointer_type_info::__pointer_catch(__cxxabiv1::__pbase_type_info const*, void**, unsigned int) const
 .text          0x0000000000013d38        0x0 c:/development/quartus/nios2eds/bin/gnu/h-x86_64-mingw32/bin/../lib/gcc/nios2-elf/10.1.1/../../../../../H-x86_64-mingw32/nios2-elf/lib/mno-hw-mul\libstdc++.a(si_class_type_info.o)
 .text._ZN10__cxxabiv120__si_class_type_infoD2Ev
                0x0000000000013d38       0x10 c:/development/quartus/nios2eds/bin/gnu/h-x86_64-mingw32/bin/../lib/gcc/nios2-elf/10.1.1/../../../../../H-x86_64-mingw32/nios2-elf/lib/mno-hw-mul\libstdc++.a(si_class_type_info.o)
                0x0000000000013d38                __cxxabiv1::__si_class_type_info::~__si_class_type_info()
                0x0000000000013d38                __cxxabiv1::__si_class_type_info::~__si_class_type_info()
 .text._ZN10__cxxabiv120__si_class_type_infoD0Ev
                0x0000000000013d48       0x38 c:/development/quartus/nios2eds/bin/gnu/h-x86_64-mingw32/bin/../lib/gcc/nios2-elf/10.1.1/../../../../../H-x86_64-mingw32/nios2-elf/lib/mno-hw-mul\libstdc++.a(si_class_type_info.o)
                0x0000000000013d48                __cxxabiv1::__si_class_type_info::~__si_class_type_info()
 .text._ZNK10__cxxabiv120__si_class_type_info12__do_dyncastEiNS_17__class_type_info10__sub_kindEPKS1_PKvS4_S6_RNS1_16__dyncast_resultE
                0x0000000000013d80      0x160 c:/development/quartus/nios2eds/bin/gnu/h-x86_64-mingw32/bin/../lib/gcc/nios2-elf/10.1.1/../../../../../H-x86_64-mingw32/nios2-elf/lib/mno-hw-mul\libstdc++.a(si_class_type_info.o)
                0x0000000000013d80                __cxxabiv1::__si_class_type_info::__do_dyncast(int, __cxxabiv1::__class_type_info::__sub_kind, __cxxabiv1::__class_type_info const*, void const*, __cxxabiv1::__class_type_info const*, void const*, __cxxabiv1::__class_type_info::__dyncast_result&) const
 .text._ZNK10__cxxabiv120__si_class_type_info20__do_find_public_srcEiPKvPKNS_17__class_type_infoES2_
                0x0000000000013ee0       0x9c c:/development/quartus/nios2eds/bin/gnu/h-x86_64-mingw32/bin/../lib/gcc/nios2-elf/10.1.1/../../../../../H-x86_64-mingw32/nios2-elf/lib/mno-hw-mul\libstdc++.a(si_class_type_info.o)
                0x0000000000013ee0                __cxxabiv1::__si_class_type_info::__do_find_public_src(int, void const*, __cxxabiv1::__class_type_info const*, void const*) const
 .text._ZNK10__cxxabiv120__si_class_type_info11__do_upcastEPKNS_17__class_type_infoEPKvRNS1_15__upcast_resultE
                0x0000000000013f7c       0x84 c:/development/quartus/nios2eds/bin/gnu/h-x86_64-mingw32/bin/../lib/gcc/nios2-elf/10.1.1/../../../../../H-x86_64-mingw32/nios2-elf/lib/mno-hw-mul\libstdc++.a(si_class_type_info.o)
                0x0000000000013f7c                __cxxabiv1::__si_class_type_info::__do_upcast(__cxxabiv1::__class_type_info const*, void const*, __cxxabiv1::__class_type_info::__upcast_result&) const
 .text          0x0000000000014000        0x0 c:/development/quartus/nios2eds/bin/gnu/h-x86_64-mingw32/bin/../lib/gcc/nios2-elf/10.1.1/../../../../../H-x86_64-mingw32/nios2-elf/lib/mno-hw-mul\libstdc++.a(tinfo.o)
 .text._ZNSt9type_infoD2Ev
                0x0000000000014000        0x4 c:/development/quartus/nios2eds/bin/gnu/h-x86_64-mingw32/bin/../lib/gcc/nios2-elf/10.1.1/../../../../../H-x86_64-mingw32/nios2-elf/lib/mno-hw-mul\libstdc++.a(tinfo.o)
                0x0000000000014000                std::type_info::~type_info()
                0x0000000000014000                std::type_info::~type_info()
 .text._ZNKSt9type_info14__is_pointer_pEv
                0x0000000000014004        0x8 c:/development/quartus/nios2eds/bin/gnu/h-x86_64-mingw32/bin/../lib/gcc/nios2-elf/10.1.1/../../../../../H-x86_64-mingw32/nios2-elf/lib/mno-hw-mul\libstdc++.a(tinfo.o)
                0x0000000000014004                std::type_info::__is_pointer_p() const
                0x0000000000014004                std::type_info::__is_function_p() const
 .text._ZNKSt9type_info11__do_upcastEPKN10__cxxabiv117__class_type_infoEPPv
                0x000000000001400c        0x8 c:/development/quartus/nios2eds/bin/gnu/h-x86_64-mingw32/bin/../lib/gcc/nios2-elf/10.1.1/../../../../../H-x86_64-mingw32/nios2-elf/lib/mno-hw-mul\libstdc++.a(tinfo.o)
                0x000000000001400c                std::type_info::__do_upcast(__cxxabiv1::__class_type_info const*, void**) const
 .text._ZNSt9type_infoD0Ev
                0x0000000000014014        0x8 c:/development/quartus/nios2eds/bin/gnu/h-x86_64-mingw32/bin/../lib/gcc/nios2-elf/10.1.1/../../../../../H-x86_64-mingw32/nios2-elf/lib/mno-hw-mul\libstdc++.a(tinfo.o)
                0x0000000000014014                std::type_info::~type_info()
 .text._ZNKSt9type_info10__do_catchEPKS_PPvj
                0x000000000001401c       0x44 c:/development/quartus/nios2eds/bin/gnu/h-x86_64-mingw32/bin/../lib/gcc/nios2-elf/10.1.1/../../../../../H-x86_64-mingw32/nios2-elf/lib/mno-hw-mul\libstdc++.a(tinfo.o)
                0x000000000001401c                std::type_info::__do_catch(std::type_info const*, void**, unsigned int) const
 .text          0x0000000000014060        0x0 c:/development/quartus/nios2eds/bin/gnu/h-x86_64-mingw32/bin/../lib/gcc/nios2-elf/10.1.1/../../../../../H-x86_64-mingw32/nios2-elf/lib/mno-hw-mul\libstdc++.a(vmi_class_type_info.o)
 .text._ZN10__cxxabiv121__vmi_class_type_infoD2Ev
                0x0000000000014060       0x10 c:/development/quartus/nios2eds/bin/gnu/h-x86_64-mingw32/bin/../lib/gcc/nios2-elf/10.1.1/../../../../../H-x86_64-mingw32/nios2-elf/lib/mno-hw-mul\libstdc++.a(vmi_class_type_info.o)
                0x0000000000014060                __cxxabiv1::__vmi_class_type_info::~__vmi_class_type_info()
                0x0000000000014060                __cxxabiv1::__vmi_class_type_info::~__vmi_class_type_info()
 .text._ZN10__cxxabiv121__vmi_class_type_infoD0Ev
                0x0000000000014070       0x38 c:/development/quartus/nios2eds/bin/gnu/h-x86_64-mingw32/bin/../lib/gcc/nios2-elf/10.1.1/../../../../../H-x86_64-mingw32/nios2-elf/lib/mno-hw-mul\libstdc++.a(vmi_class_type_info.o)
                0x0000000000014070                __cxxabiv1::__vmi_class_type_info::~__vmi_class_type_info()
 .text._ZNK10__cxxabiv121__vmi_class_type_info20__do_find_public_srcEiPKvPKNS_17__class_type_infoES2_
                0x00000000000140a8      0x128 c:/development/quartus/nios2eds/bin/gnu/h-x86_64-mingw32/bin/../lib/gcc/nios2-elf/10.1.1/../../../../../H-x86_64-mingw32/nios2-elf/lib/mno-hw-mul\libstdc++.a(vmi_class_type_info.o)
                0x00000000000140a8                __cxxabiv1::__vmi_class_type_info::__do_find_public_src(int, void const*, __cxxabiv1::__class_type_info const*, void const*) const
 .text._ZNK10__cxxabiv121__vmi_class_type_info12__do_dyncastEiNS_17__class_type_info10__sub_kindEPKS1_PKvS4_S6_RNS1_16__dyncast_resultE
                0x00000000000141d0      0x61c c:/development/quartus/nios2eds/bin/gnu/h-x86_64-mingw32/bin/../lib/gcc/nios2-elf/10.1.1/../../../../../H-x86_64-mingw32/nios2-elf/lib/mno-hw-mul\libstdc++.a(vmi_class_type_info.o)
                0x00000000000141d0                __cxxabiv1::__vmi_class_type_info::__do_dyncast(int, __cxxabiv1::__class_type_info::__sub_kind, __cxxabiv1::__class_type_info const*, void const*, __cxxabiv1::__class_type_info const*, void const*, __cxxabiv1::__class_type_info::__dyncast_result&) const
 .text._ZNK10__cxxabiv121__vmi_class_type_info11__do_upcastEPKNS_17__class_type_infoEPKvRNS1_15__upcast_resultE
                0x00000000000147ec      0x264 c:/development/quartus/nios2eds/bin/gnu/h-x86_64-mingw32/bin/../lib/gcc/nios2-elf/10.1.1/../../../../../H-x86_64-mingw32/nios2-elf/lib/mno-hw-mul\libstdc++.a(vmi_class_type_info.o)
                0x00000000000147ec                __cxxabiv1::__vmi_class_type_info::__do_upcast(__cxxabiv1::__class_type_info const*, void const*, __cxxabiv1::__class_type_info::__upcast_result&) const
 .text          0x0000000000014a50        0x0 c:/development/quartus/nios2eds/bin/gnu/h-x86_64-mingw32/bin/../lib/gcc/nios2-elf/10.1.1/../../../../../H-x86_64-mingw32/nios2-elf/lib/mno-hw-mul\libstdc++.a(functional.o)
 .text._ZNKSt17bad_function_call4whatEv
                0x0000000000014a50        0xc c:/development/quartus/nios2eds/bin/gnu/h-x86_64-mingw32/bin/../lib/gcc/nios2-elf/10.1.1/../../../../../H-x86_64-mingw32/nios2-elf/lib/mno-hw-mul\libstdc++.a(functional.o)
                0x0000000000014a50                std::bad_function_call::what() const
 .text._ZNSt17bad_function_callD2Ev
                0x0000000000014a5c       0x10 c:/development/quartus/nios2eds/bin/gnu/h-x86_64-mingw32/bin/../lib/gcc/nios2-elf/10.1.1/../../../../../H-x86_64-mingw32/nios2-elf/lib/mno-hw-mul\libstdc++.a(functional.o)
                0x0000000000014a5c                std::bad_function_call::~bad_function_call()
                0x0000000000014a5c                std::bad_function_call::~bad_function_call()
 .text._ZNSt17bad_function_callD0Ev
                0x0000000000014a6c       0x34 c:/development/quartus/nios2eds/bin/gnu/h-x86_64-mingw32/bin/../lib/gcc/nios2-elf/10.1.1/../../../../../H-x86_64-mingw32/nios2-elf/lib/mno-hw-mul\libstdc++.a(functional.o)
                0x0000000000014a6c                std::bad_function_call::~bad_function_call()
 .text.unlikely._ZSt25__throw_bad_function_callv
                0x0000000000014aa0       0x34 c:/development/quartus/nios2eds/bin/gnu/h-x86_64-mingw32/bin/../lib/gcc/nios2-elf/10.1.1/../../../../../H-x86_64-mingw32/nios2-elf/lib/mno-hw-mul\libstdc++.a(functional.o)
                0x0000000000014aa0                std::__throw_bad_function_call()
 .text          0x0000000000014ad4        0x0 c:/development/quartus/nios2eds/bin/gnu/h-x86_64-mingw32/bin/../lib/gcc/nios2-elf/10.1.1/../../../../../H-x86_64-mingw32/nios2-elf/lib/mno-hw-mul\libstdc++.a(del_op.o)
 .text._ZdlPv   0x0000000000014ad4        0x4 c:/development/quartus/nios2eds/bin/gnu/h-x86_64-mingw32/bin/../lib/gcc/nios2-elf/10.1.1/../../../../../H-x86_64-mingw32/nios2-elf/lib/mno-hw-mul\libstdc++.a(del_op.o)
                0x0000000000014ad4                operator delete(void*)
 .text          0x0000000000014ad8        0x0 c:/development/quartus/nios2eds/bin/gnu/h-x86_64-mingw32/bin/../lib/gcc/nios2-elf/10.1.1/../../../../../H-x86_64-mingw32/nios2-elf/lib/mno-hw-mul\libstdc++.a(eh_alloc.o)
 .text._ZN12_GLOBAL__N_14pool4freeEPv.constprop.0
                0x0000000000014ad8       0xcc c:/development/quartus/nios2eds/bin/gnu/h-x86_64-mingw32/bin/../lib/gcc/nios2-elf/10.1.1/../../../../../H-x86_64-mingw32/nios2-elf/lib/mno-hw-mul\libstdc++.a(eh_alloc.o)
 .text._ZN12_GLOBAL__N_14pool8allocateEj.constprop.0
                0x0000000000014ba4       0x90 c:/development/quartus/nios2eds/bin/gnu/h-x86_64-mingw32/bin/../lib/gcc/nios2-elf/10.1.1/../../../../../H-x86_64-mingw32/nios2-elf/lib/mno-hw-mul\libstdc++.a(eh_alloc.o)
 .text._ZN9__gnu_cxx9__freeresEv
                0x0000000000014c34       0x30 c:/development/quartus/nios2eds/bin/gnu/h-x86_64-mingw32/bin/../lib/gcc/nios2-elf/10.1.1/../../../../../H-x86_64-mingw32/nios2-elf/lib/mno-hw-mul\libstdc++.a(eh_alloc.o)
                0x0000000000014c34                __gnu_cxx::__freeres()
 .text.__cxa_allocate_exception
                0x0000000000014c64       0x58 c:/development/quartus/nios2eds/bin/gnu/h-x86_64-mingw32/bin/../lib/gcc/nios2-elf/10.1.1/../../../../../H-x86_64-mingw32/nios2-elf/lib/mno-hw-mul\libstdc++.a(eh_alloc.o)
                0x0000000000014c64                __cxa_allocate_exception
 .text.__cxa_free_exception
                0x0000000000014cbc       0x28 c:/development/quartus/nios2eds/bin/gnu/h-x86_64-mingw32/bin/../lib/gcc/nios2-elf/10.1.1/../../../../../H-x86_64-mingw32/nios2-elf/lib/mno-hw-mul\libstdc++.a(eh_alloc.o)
                0x0000000000014cbc                __cxa_free_exception
 .text.__cxa_allocate_dependent_exception
                0x0000000000014ce4       0x44 c:/development/quartus/nios2eds/bin/gnu/h-x86_64-mingw32/bin/../lib/gcc/nios2-elf/10.1.1/../../../../../H-x86_64-mingw32/nios2-elf/lib/mno-hw-mul\libstdc++.a(eh_alloc.o)
                0x0000000000014ce4                __cxa_allocate_dependent_exception
 .text.__cxa_free_dependent_exception
                0x0000000000014d28       0x2c c:/development/quartus/nios2eds/bin/gnu/h-x86_64-mingw32/bin/../lib/gcc/nios2-elf/10.1.1/../../../../../H-x86_64-mingw32/nios2-elf/lib/mno-hw-mul\libstdc++.a(eh_alloc.o)
                0x0000000000014d28                __cxa_free_dependent_exception
 .text.startup._GLOBAL__sub_I__ZN9__gnu_cxx9__freeresEv
                0x0000000000014d54       0x64 c:/development/quartus/nios2eds/bin/gnu/h-x86_64-mingw32/bin/../lib/gcc/nios2-elf/10.1.1/../../../../../H-x86_64-mingw32/nios2-elf/lib/mno-hw-mul\libstdc++.a(eh_alloc.o)
 .text          0x0000000000014db8        0x0 c:/development/quartus/nios2eds/bin/gnu/h-x86_64-mingw32/bin/../lib/gcc/nios2-elf/10.1.1/../../../../../H-x86_64-mingw32/nios2-elf/lib/mno-hw-mul\libstdc++.a(eh_call.o)
 .text.__cxa_call_terminate
                0x0000000000014db8       0x58 c:/development/quartus/nios2eds/bin/gnu/h-x86_64-mingw32/bin/../lib/gcc/nios2-elf/10.1.1/../../../../../H-x86_64-mingw32/nios2-elf/lib/mno-hw-mul\libstdc++.a(eh_call.o)
                0x0000000000014db8                __cxa_call_terminate
 .text          0x0000000000014e10        0x0 c:/development/quartus/nios2eds/bin/gnu/h-x86_64-mingw32/bin/../lib/gcc/nios2-elf/10.1.1/../../../../../H-x86_64-mingw32/nios2-elf/lib/mno-hw-mul\libstdc++.a(eh_catch.o)
 .text.__cxa_get_exception_ptr
                0x0000000000014e10        0x8 c:/development/quartus/nios2eds/bin/gnu/h-x86_64-mingw32/bin/../lib/gcc/nios2-elf/10.1.1/../../../../../H-x86_64-mingw32/nios2-elf/lib/mno-hw-mul\libstdc++.a(eh_catch.o)
                0x0000000000014e10                __cxa_get_exception_ptr
 .text.__cxa_begin_catch
                0x0000000000014e18       0xb8 c:/development/quartus/nios2eds/bin/gnu/h-x86_64-mingw32/bin/../lib/gcc/nios2-elf/10.1.1/../../../../../H-x86_64-mingw32/nios2-elf/lib/mno-hw-mul\libstdc++.a(eh_catch.o)
                0x0000000000014e18                __cxa_begin_catch
 .text.__cxa_end_catch
                0x0000000000014ed0       0xb4 c:/development/quartus/nios2eds/bin/gnu/h-x86_64-mingw32/bin/../lib/gcc/nios2-elf/10.1.1/../../../../../H-x86_64-mingw32/nios2-elf/lib/mno-hw-mul\libstdc++.a(eh_catch.o)
                0x0000000000014ed0                __cxa_end_catch
 .text._ZSt18uncaught_exceptionv
                0x0000000000014f84       0x20 c:/development/quartus/nios2eds/bin/gnu/h-x86_64-mingw32/bin/../lib/gcc/nios2-elf/10.1.1/../../../../../H-x86_64-mingw32/nios2-elf/lib/mno-hw-mul\libstdc++.a(eh_catch.o)
                0x0000000000014f84                std::uncaught_exception()
 .text._ZSt19uncaught_exceptionsv
                0x0000000000014fa4       0x1c c:/development/quartus/nios2eds/bin/gnu/h-x86_64-mingw32/bin/../lib/gcc/nios2-elf/10.1.1/../../../../../H-x86_64-mingw32/nios2-elf/lib/mno-hw-mul\libstdc++.a(eh_catch.o)
                0x0000000000014fa4                std::uncaught_exceptions()
 .text          0x0000000000014fc0        0x0 c:/development/quartus/nios2eds/bin/gnu/h-x86_64-mingw32/bin/../lib/gcc/nios2-elf/10.1.1/../../../../../H-x86_64-mingw32/nios2-elf/lib/mno-hw-mul\libstdc++.a(eh_exception.o)
 .text._ZNSt9exceptionD2Ev
                0x0000000000014fc0        0x4 c:/development/quartus/nios2eds/bin/gnu/h-x86_64-mingw32/bin/../lib/gcc/nios2-elf/10.1.1/../../../../../H-x86_64-mingw32/nios2-elf/lib/mno-hw-mul\libstdc++.a(eh_exception.o)
                0x0000000000014fc0                std::exception::~exception()
                0x0000000000014fc0                std::exception::~exception()
 .text._ZNSt13bad_exceptionD2Ev
                0x0000000000014fc4        0x4 c:/development/quartus/nios2eds/bin/gnu/h-x86_64-mingw32/bin/../lib/gcc/nios2-elf/10.1.1/../../../../../H-x86_64-mingw32/nios2-elf/lib/mno-hw-mul\libstdc++.a(eh_exception.o)
                0x0000000000014fc4                std::bad_exception::~bad_exception()
                0x0000000000014fc4                std::bad_exception::~bad_exception()
 .text._ZNKSt9exception4whatEv
                0x0000000000014fc8        0xc c:/development/quartus/nios2eds/bin/gnu/h-x86_64-mingw32/bin/../lib/gcc/nios2-elf/10.1.1/../../../../../H-x86_64-mingw32/nios2-elf/lib/mno-hw-mul\libstdc++.a(eh_exception.o)
                0x0000000000014fc8                std::exception::what() const
                0x0000000000014fc8                transaction clone for std::exception::what() const
 .text._ZNKSt13bad_exception4whatEv
                0x0000000000014fd4        0xc c:/development/quartus/nios2eds/bin/gnu/h-x86_64-mingw32/bin/../lib/gcc/nios2-elf/10.1.1/../../../../../H-x86_64-mingw32/nios2-elf/lib/mno-hw-mul\libstdc++.a(eh_exception.o)
                0x0000000000014fd4                std::bad_exception::what() const
                0x0000000000014fd4                transaction clone for std::bad_exception::what() const
 .text._ZNSt9exceptionD0Ev
                0x0000000000014fe0        0x8 c:/development/quartus/nios2eds/bin/gnu/h-x86_64-mingw32/bin/../lib/gcc/nios2-elf/10.1.1/../../../../../H-x86_64-mingw32/nios2-elf/lib/mno-hw-mul\libstdc++.a(eh_exception.o)
                0x0000000000014fe0                std::exception::~exception()
 .text._ZNSt13bad_exceptionD0Ev
                0x0000000000014fe8        0x8 c:/development/quartus/nios2eds/bin/gnu/h-x86_64-mingw32/bin/../lib/gcc/nios2-elf/10.1.1/../../../../../H-x86_64-mingw32/nios2-elf/lib/mno-hw-mul\libstdc++.a(eh_exception.o)
                0x0000000000014fe8                std::bad_exception::~bad_exception()
 .text._ZN10__cxxabiv115__forced_unwindD2Ev
                0x0000000000014ff0        0x4 c:/development/quartus/nios2eds/bin/gnu/h-x86_64-mingw32/bin/../lib/gcc/nios2-elf/10.1.1/../../../../../H-x86_64-mingw32/nios2-elf/lib/mno-hw-mul\libstdc++.a(eh_exception.o)
                0x0000000000014ff0                __cxxabiv1::__forced_unwind::~__forced_unwind()
                0x0000000000014ff0                __cxxabiv1::__forced_unwind::~__forced_unwind()
 .text._ZN10__cxxabiv115__forced_unwindD0Ev
                0x0000000000014ff4        0x8 c:/development/quartus/nios2eds/bin/gnu/h-x86_64-mingw32/bin/../lib/gcc/nios2-elf/10.1.1/../../../../../H-x86_64-mingw32/nios2-elf/lib/mno-hw-mul\libstdc++.a(eh_exception.o)
                0x0000000000014ff4                __cxxabiv1::__forced_unwind::~__forced_unwind()
 .text._ZN10__cxxabiv119__foreign_exceptionD2Ev
                0x0000000000014ffc        0x4 c:/development/quartus/nios2eds/bin/gnu/h-x86_64-mingw32/bin/../lib/gcc/nios2-elf/10.1.1/../../../../../H-x86_64-mingw32/nios2-elf/lib/mno-hw-mul\libstdc++.a(eh_exception.o)
                0x0000000000014ffc                __cxxabiv1::__foreign_exception::~__foreign_exception()
                0x0000000000014ffc                __cxxabiv1::__foreign_exception::~__foreign_exception()
 .text._ZN10__cxxabiv119__foreign_exceptionD0Ev
                0x0000000000015000        0x8 c:/development/quartus/nios2eds/bin/gnu/h-x86_64-mingw32/bin/../lib/gcc/nios2-elf/10.1.1/../../../../../H-x86_64-mingw32/nios2-elf/lib/mno-hw-mul\libstdc++.a(eh_exception.o)
                0x0000000000015000                __cxxabiv1::__foreign_exception::~__foreign_exception()
 .text._ZGTtNKSt9exceptionD1Ev
                0x0000000000015008        0x4 c:/development/quartus/nios2eds/bin/gnu/h-x86_64-mingw32/bin/../lib/gcc/nios2-elf/10.1.1/../../../../../H-x86_64-mingw32/nios2-elf/lib/mno-hw-mul\libstdc++.a(eh_exception.o)
                0x0000000000015008                transaction clone for std::exception::~exception() const
 .text._ZGTtNKSt13bad_exceptionD1Ev
                0x000000000001500c        0x4 c:/development/quartus/nios2eds/bin/gnu/h-x86_64-mingw32/bin/../lib/gcc/nios2-elf/10.1.1/../../../../../H-x86_64-mingw32/nios2-elf/lib/mno-hw-mul\libstdc++.a(eh_exception.o)
                0x000000000001500c                transaction clone for std::bad_exception::~bad_exception() const
 .text          0x0000000000015010        0x0 c:/development/quartus/nios2eds/bin/gnu/h-x86_64-mingw32/bin/../lib/gcc/nios2-elf/10.1.1/../../../../../H-x86_64-mingw32/nios2-elf/lib/mno-hw-mul\libstdc++.a(eh_globals.o)
 .text.__cxa_get_globals_fast
                0x0000000000015010        0xc c:/development/quartus/nios2eds/bin/gnu/h-x86_64-mingw32/bin/../lib/gcc/nios2-elf/10.1.1/../../../../../H-x86_64-mingw32/nios2-elf/lib/mno-hw-mul\libstdc++.a(eh_globals.o)
                0x0000000000015010                __cxa_get_globals_fast
 .text.__cxa_get_globals
                0x000000000001501c        0xc c:/development/quartus/nios2eds/bin/gnu/h-x86_64-mingw32/bin/../lib/gcc/nios2-elf/10.1.1/../../../../../H-x86_64-mingw32/nios2-elf/lib/mno-hw-mul\libstdc++.a(eh_globals.o)
                0x000000000001501c                __cxa_get_globals
 .text          0x0000000000015028        0x0 c:/development/quartus/nios2eds/bin/gnu/h-x86_64-mingw32/bin/../lib/gcc/nios2-elf/10.1.1/../../../../../H-x86_64-mingw32/nios2-elf/lib/mno-hw-mul\libstdc++.a(eh_term_handler.o)
 .text          0x0000000000015028        0x0 c:/development/quartus/nios2eds/bin/gnu/h-x86_64-mingw32/bin/../lib/gcc/nios2-elf/10.1.1/../../../../../H-x86_64-mingw32/nios2-elf/lib/mno-hw-mul\libstdc++.a(fundamental_type_info.o)
 .text._ZN10__cxxabiv123__fundamental_type_infoD2Ev
                0x0000000000015028       0x10 c:/development/quartus/nios2eds/bin/gnu/h-x86_64-mingw32/bin/../lib/gcc/nios2-elf/10.1.1/../../../../../H-x86_64-mingw32/nios2-elf/lib/mno-hw-mul\libstdc++.a(fundamental_type_info.o)
                0x0000000000015028                __cxxabiv1::__fundamental_type_info::~__fundamental_type_info()
                0x0000000000015028                __cxxabiv1::__fundamental_type_info::~__fundamental_type_info()
 .text._ZN10__cxxabiv123__fundamental_type_infoD0Ev
                0x0000000000015038       0x38 c:/development/quartus/nios2eds/bin/gnu/h-x86_64-mingw32/bin/../lib/gcc/nios2-elf/10.1.1/../../../../../H-x86_64-mingw32/nios2-elf/lib/mno-hw-mul\libstdc++.a(fundamental_type_info.o)
                0x0000000000015038                __cxxabiv1::__fundamental_type_info::~__fundamental_type_info()
 .text          0x0000000000015070        0x0 c:/development/quartus/nios2eds/bin/gnu/h-x86_64-mingw32/bin/../lib/gcc/nios2-elf/10.1.1/../../../../../H-x86_64-mingw32/nios2-elf/lib/mno-hw-mul\libstdc++.a(new_op.o)
 .text._Znwj    0x0000000000015070       0x70 c:/development/quartus/nios2eds/bin/gnu/h-x86_64-mingw32/bin/../lib/gcc/nios2-elf/10.1.1/../../../../../H-x86_64-mingw32/nios2-elf/lib/mno-hw-mul\libstdc++.a(new_op.o)
                0x0000000000015070                operator new(unsigned int)
 .text          0x00000000000150e0        0x0 c:/development/quartus/nios2eds/bin/gnu/h-x86_64-mingw32/bin/../lib/gcc/nios2-elf/10.1.1/../../../../../H-x86_64-mingw32/nios2-elf/lib/mno-hw-mul\libstdc++.a(pbase_type_info.o)
 .text._ZNK10__cxxabiv117__pbase_type_info15__pointer_catchEPKS0_PPvj
                0x00000000000150e0       0x18 c:/development/quartus/nios2eds/bin/gnu/h-x86_64-mingw32/bin/../lib/gcc/nios2-elf/10.1.1/../../../../../H-x86_64-mingw32/nios2-elf/lib/mno-hw-mul\libstdc++.a(pbase_type_info.o)
                0x00000000000150e0                __cxxabiv1::__pbase_type_info::__pointer_catch(__cxxabiv1::__pbase_type_info const*, void**, unsigned int) const
 .text._ZN10__cxxabiv117__pbase_type_infoD2Ev
                0x00000000000150f8       0x10 c:/development/quartus/nios2eds/bin/gnu/h-x86_64-mingw32/bin/../lib/gcc/nios2-elf/10.1.1/../../../../../H-x86_64-mingw32/nios2-elf/lib/mno-hw-mul\libstdc++.a(pbase_type_info.o)
                0x00000000000150f8                __cxxabiv1::__pbase_type_info::~__pbase_type_info()
                0x00000000000150f8                __cxxabiv1::__pbase_type_info::~__pbase_type_info()
 .text._ZN10__cxxabiv117__pbase_type_infoD0Ev
                0x0000000000015108       0x38 c:/development/quartus/nios2eds/bin/gnu/h-x86_64-mingw32/bin/../lib/gcc/nios2-elf/10.1.1/../../../../../H-x86_64-mingw32/nios2-elf/lib/mno-hw-mul\libstdc++.a(pbase_type_info.o)
                0x0000000000015108                __cxxabiv1::__pbase_type_info::~__pbase_type_info()
 .text._ZNK10__cxxabiv117__pbase_type_info10__do_catchEPKSt9type_infoPPvj
                0x0000000000015140      0x25c c:/development/quartus/nios2eds/bin/gnu/h-x86_64-mingw32/bin/../lib/gcc/nios2-elf/10.1.1/../../../../../H-x86_64-mingw32/nios2-elf/lib/mno-hw-mul\libstdc++.a(pbase_type_info.o)
                0x0000000000015140                __cxxabiv1::__pbase_type_info::__do_catch(std::type_info const*, void**, unsigned int) const
 .text          0x000000000001539c        0x0 c:/development/quartus/nios2eds/bin/gnu/h-x86_64-mingw32/bin/../lib/gcc/nios2-elf/10.1.1/../../../../../H-x86_64-mingw32/nios2-elf/lib/mno-hw-mul\libstdc++.a(pmem_type_info.o)
 .text._ZN10__cxxabiv129__pointer_to_member_type_infoD2Ev
                0x000000000001539c       0x10 c:/development/quartus/nios2eds/bin/gnu/h-x86_64-mingw32/bin/../lib/gcc/nios2-elf/10.1.1/../../../../../H-x86_64-mingw32/nios2-elf/lib/mno-hw-mul\libstdc++.a(pmem_type_info.o)
                0x000000000001539c                __cxxabiv1::__pointer_to_member_type_info::~__pointer_to_member_type_info()
                0x000000000001539c                __cxxabiv1::__pointer_to_member_type_info::~__pointer_to_member_type_info()
 .text._ZN10__cxxabiv129__pointer_to_member_type_infoD0Ev
                0x00000000000153ac       0x38 c:/development/quartus/nios2eds/bin/gnu/h-x86_64-mingw32/bin/../lib/gcc/nios2-elf/10.1.1/../../../../../H-x86_64-mingw32/nios2-elf/lib/mno-hw-mul\libstdc++.a(pmem_type_info.o)
                0x00000000000153ac                __cxxabiv1::__pointer_to_member_type_info::~__pointer_to_member_type_info()
 .text._ZNK10__cxxabiv129__pointer_to_member_type_info15__pointer_catchEPKNS_17__pbase_type_infoEPPvj
                0x00000000000153e4       0x98 c:/development/quartus/nios2eds/bin/gnu/h-x86_64-mingw32/bin/../lib/gcc/nios2-elf/10.1.1/../../../../../H-x86_64-mingw32/nios2-elf/lib/mno-hw-mul\libstdc++.a(pmem_type_info.o)
                0x00000000000153e4                __cxxabiv1::__pointer_to_member_type_info::__pointer_catch(__cxxabiv1::__pbase_type_info const*, void**, unsigned int) const
 .text          0x000000000001547c        0x0 c:/development/quartus/nios2eds/bin/gnu/h-x86_64-mingw32/bin/../lib/gcc/nios2-elf/10.1.1/../../../../../H-x86_64-mingw32/nios2-elf/lib/mno-hw-mul\libstdc++.a(pure.o)
 .text.__cxa_pure_virtual
                0x000000000001547c        0xc c:/development/quartus/nios2eds/bin/gnu/h-x86_64-mingw32/bin/../lib/gcc/nios2-elf/10.1.1/../../../../../H-x86_64-mingw32/nios2-elf/lib/mno-hw-mul\libstdc++.a(pure.o)
                0x000000000001547c                __cxa_pure_virtual
 .text.__cxa_deleted_virtual
                0x0000000000015488        0xc c:/development/quartus/nios2eds/bin/gnu/h-x86_64-mingw32/bin/../lib/gcc/nios2-elf/10.1.1/../../../../../H-x86_64-mingw32/nios2-elf/lib/mno-hw-mul\libstdc++.a(pure.o)
                0x0000000000015488                __cxa_deleted_virtual
 .text          0x0000000000015494        0x0 c:/development/quartus/nios2eds/bin/gnu/h-x86_64-mingw32/bin/../lib/gcc/nios2-elf/10.1.1/../../../../../H-x86_64-mingw32/nios2-elf/lib/mno-hw-mul\libstdc++.a(bad_alloc.o)
 .text._ZNKSt9bad_alloc4whatEv
                0x0000000000015494        0xc c:/development/quartus/nios2eds/bin/gnu/h-x86_64-mingw32/bin/../lib/gcc/nios2-elf/10.1.1/../../../../../H-x86_64-mingw32/nios2-elf/lib/mno-hw-mul\libstdc++.a(bad_alloc.o)
                0x0000000000015494                std::bad_alloc::what() const
 .text._ZNSt9bad_allocD2Ev
                0x00000000000154a0       0x10 c:/development/quartus/nios2eds/bin/gnu/h-x86_64-mingw32/bin/../lib/gcc/nios2-elf/10.1.1/../../../../../H-x86_64-mingw32/nios2-elf/lib/mno-hw-mul\libstdc++.a(bad_alloc.o)
                0x00000000000154a0                std::bad_alloc::~bad_alloc()
                0x00000000000154a0                std::bad_alloc::~bad_alloc()
 .text._ZNSt9bad_allocD0Ev
                0x00000000000154b0       0x38 c:/development/quartus/nios2eds/bin/gnu/h-x86_64-mingw32/bin/../lib/gcc/nios2-elf/10.1.1/../../../../../H-x86_64-mingw32/nios2-elf/lib/mno-hw-mul\libstdc++.a(bad_alloc.o)
                0x00000000000154b0                std::bad_alloc::~bad_alloc()
 .text          0x00000000000154e8        0x0 c:/development/quartus/nios2eds/bin/gnu/h-x86_64-mingw32/bin/../lib/gcc/nios2-elf/10.1.1/../../../../../H-x86_64-mingw32/nios2-elf/lib/mno-hw-mul\libstdc++.a(eh_aux_runtime.o)
 .text.unlikely.__cxa_bad_cast
                0x00000000000154e8       0x34 c:/development/quartus/nios2eds/bin/gnu/h-x86_64-mingw32/bin/../lib/gcc/nios2-elf/10.1.1/../../../../../H-x86_64-mingw32/nios2-elf/lib/mno-hw-mul\libstdc++.a(eh_aux_runtime.o)
                0x00000000000154e8                __cxa_bad_cast
 .text.unlikely.__cxa_bad_typeid
                0x000000000001551c       0x34 c:/development/quartus/nios2eds/bin/gnu/h-x86_64-mingw32/bin/../lib/gcc/nios2-elf/10.1.1/../../../../../H-x86_64-mingw32/nios2-elf/lib/mno-hw-mul\libstdc++.a(eh_aux_runtime.o)
                0x000000000001551c                __cxa_bad_typeid
 .text.unlikely.__cxa_throw_bad_array_new_length
                0x0000000000015550       0x34 c:/development/quartus/nios2eds/bin/gnu/h-x86_64-mingw32/bin/../lib/gcc/nios2-elf/10.1.1/../../../../../H-x86_64-mingw32/nios2-elf/lib/mno-hw-mul\libstdc++.a(eh_aux_runtime.o)
                0x0000000000015550                __cxa_throw_bad_array_new_length
 .text          0x0000000000015584        0x0 c:/development/quartus/nios2eds/bin/gnu/h-x86_64-mingw32/bin/../lib/gcc/nios2-elf/10.1.1/../../../../../H-x86_64-mingw32/nios2-elf/lib/mno-hw-mul\libstdc++.a(new_handler.o)
 .text._ZSt15set_new_handlerPFvvE
                0x0000000000015584       0x14 c:/development/quartus/nios2eds/bin/gnu/h-x86_64-mingw32/bin/../lib/gcc/nios2-elf/10.1.1/../../../../../H-x86_64-mingw32/nios2-elf/lib/mno-hw-mul\libstdc++.a(new_handler.o)
                0x0000000000015584                std::set_new_handler(void (*)())
 .text._ZSt15get_new_handlerv
                0x0000000000015598        0xc c:/development/quartus/nios2eds/bin/gnu/h-x86_64-mingw32/bin/../lib/gcc/nios2-elf/10.1.1/../../../../../H-x86_64-mingw32/nios2-elf/lib/mno-hw-mul\libstdc++.a(new_handler.o)
                0x0000000000015598                std::get_new_handler()
 .text          0x00000000000155a4        0x0 c:/development/quartus/nios2eds/bin/gnu/h-x86_64-mingw32/bin/../lib/gcc/nios2-elf/10.1.1/../../../../../H-x86_64-mingw32/nios2-elf/lib/mno-hw-mul\libstdc++.a(bad_array_new.o)
 .text._ZNKSt20bad_array_new_length4whatEv
                0x00000000000155a4        0xc c:/development/quartus/nios2eds/bin/gnu/h-x86_64-mingw32/bin/../lib/gcc/nios2-elf/10.1.1/../../../../../H-x86_64-mingw32/nios2-elf/lib/mno-hw-mul\libstdc++.a(bad_array_new.o)
                0x00000000000155a4                std::bad_array_new_length::what() const
 .text._ZNSt20bad_array_new_lengthD2Ev
                0x00000000000155b0       0x10 c:/development/quartus/nios2eds/bin/gnu/h-x86_64-mingw32/bin/../lib/gcc/nios2-elf/10.1.1/../../../../../H-x86_64-mingw32/nios2-elf/lib/mno-hw-mul\libstdc++.a(bad_array_new.o)
                0x00000000000155b0                std::bad_array_new_length::~bad_array_new_length()
                0x00000000000155b0                std::bad_array_new_length::~bad_array_new_length()
 .text._ZNSt20bad_array_new_lengthD0Ev
                0x00000000000155c0       0x38 c:/development/quartus/nios2eds/bin/gnu/h-x86_64-mingw32/bin/../lib/gcc/nios2-elf/10.1.1/../../../../../H-x86_64-mingw32/nios2-elf/lib/mno-hw-mul\libstdc++.a(bad_array_new.o)
                0x00000000000155c0                std::bad_array_new_length::~bad_array_new_length()
 .text          0x00000000000155f8        0x0 c:/development/quartus/nios2eds/bin/gnu/h-x86_64-mingw32/bin/../lib/gcc/nios2-elf/10.1.1/../../../../../H-x86_64-mingw32/nios2-elf/lib/mno-hw-mul\libstdc++.a(bad_cast.o)
 .text._ZNKSt8bad_cast4whatEv
                0x00000000000155f8        0xc c:/development/quartus/nios2eds/bin/gnu/h-x86_64-mingw32/bin/../lib/gcc/nios2-elf/10.1.1/../../../../../H-x86_64-mingw32/nios2-elf/lib/mno-hw-mul\libstdc++.a(bad_cast.o)
                0x00000000000155f8                std::bad_cast::what() const
 .text._ZNSt8bad_castD2Ev
                0x0000000000015604       0x10 c:/development/quartus/nios2eds/bin/gnu/h-x86_64-mingw32/bin/../lib/gcc/nios2-elf/10.1.1/../../../../../H-x86_64-mingw32/nios2-elf/lib/mno-hw-mul\libstdc++.a(bad_cast.o)
                0x0000000000015604                std::bad_cast::~bad_cast()
                0x0000000000015604                std::bad_cast::~bad_cast()
 .text._ZNSt8bad_castD0Ev
                0x0000000000015614       0x38 c:/development/quartus/nios2eds/bin/gnu/h-x86_64-mingw32/bin/../lib/gcc/nios2-elf/10.1.1/../../../../../H-x86_64-mingw32/nios2-elf/lib/mno-hw-mul\libstdc++.a(bad_cast.o)
                0x0000000000015614                std::bad_cast::~bad_cast()
 .text          0x000000000001564c        0x0 c:/development/quartus/nios2eds/bin/gnu/h-x86_64-mingw32/bin/../lib/gcc/nios2-elf/10.1.1/../../../../../H-x86_64-mingw32/nios2-elf/lib/mno-hw-mul\libstdc++.a(bad_typeid.o)
 .text._ZNKSt10bad_typeid4whatEv
                0x000000000001564c        0xc c:/development/quartus/nios2eds/bin/gnu/h-x86_64-mingw32/bin/../lib/gcc/nios2-elf/10.1.1/../../../../../H-x86_64-mingw32/nios2-elf/lib/mno-hw-mul\libstdc++.a(bad_typeid.o)
                0x000000000001564c                std::bad_typeid::what() const
 .text._ZNSt10bad_typeidD2Ev
                0x0000000000015658       0x10 c:/development/quartus/nios2eds/bin/gnu/h-x86_64-mingw32/bin/../lib/gcc/nios2-elf/10.1.1/../../../../../H-x86_64-mingw32/nios2-elf/lib/mno-hw-mul\libstdc++.a(bad_typeid.o)
                0x0000000000015658                std::bad_typeid::~bad_typeid()
                0x0000000000015658                std::bad_typeid::~bad_typeid()
 .text._ZNSt10bad_typeidD0Ev
                0x0000000000015668       0x38 c:/development/quartus/nios2eds/bin/gnu/h-x86_64-mingw32/bin/../lib/gcc/nios2-elf/10.1.1/../../../../../H-x86_64-mingw32/nios2-elf/lib/mno-hw-mul\libstdc++.a(bad_typeid.o)
                0x0000000000015668                std::bad_typeid::~bad_typeid()
 .text          0x00000000000156a0      0x930 c:/development/quartus/nios2eds/bin/gnu/h-x86_64-mingw32/bin/../lib/gcc/nios2-elf/10.1.1/mno-hw-mul\libgcc.a(divdf3.o)
                0x00000000000156a0                __divdf3
 .text          0x0000000000015fd0       0xe8 c:/development/quartus/nios2eds/bin/gnu/h-x86_64-mingw32/bin/../lib/gcc/nios2-elf/10.1.1/mno-hw-mul\libgcc.a(gedf2.o)
                0x0000000000015fd0                __gedf2
                0x0000000000015fd0                __gtdf2
 .text          0x00000000000160b8      0x7ac c:/development/quartus/nios2eds/bin/gnu/h-x86_64-mingw32/bin/../lib/gcc/nios2-elf/10.1.1/mno-hw-mul\libgcc.a(muldf3.o)
                0x00000000000160b8                __muldf3
 .text          0x0000000000016864       0xfc c:/development/quartus/nios2eds/bin/gnu/h-x86_64-mingw32/bin/../lib/gcc/nios2-elf/10.1.1/mno-hw-mul\libgcc.a(extendsfdf2.o)
                0x0000000000016864                __extendsfdf2
 .text          0x0000000000016960      0x170 c:/development/quartus/nios2eds/bin/gnu/h-x86_64-mingw32/bin/../lib/gcc/nios2-elf/10.1.1/mno-hw-mul\libgcc.a(truncdfsf2.o)
                0x0000000000016960                __truncdfsf2
 .text          0x0000000000016ad0      0x524 c:/development/quartus/nios2eds/bin/gnu/h-x86_64-mingw32/bin/../lib/gcc/nios2-elf/10.1.1/mno-hw-mul\libgcc.a(unwind-sjlj.o)
                0x0000000000016ce8                _Unwind_SjLj_Register
                0x0000000000016d00                _Unwind_SjLj_Unregister
                0x0000000000016d10                _Unwind_GetGR
                0x0000000000016d28                _Unwind_GetCFA
                0x0000000000016d40                _Unwind_SetGR
                0x0000000000016d58                _Unwind_GetIP
                0x0000000000016d68                _Unwind_GetIPInfo
                0x0000000000016d88                _Unwind_SetIP
                0x0000000000016d98                _Unwind_GetLanguageSpecificData
                0x0000000000016da4                _Unwind_GetRegionStart
                0x0000000000016dac                _Unwind_FindEnclosingFunction
                0x0000000000016db4                _Unwind_GetDataRelBase
                0x0000000000016dbc                _Unwind_GetTextRelBase
                0x0000000000016dc4                _Unwind_SjLj_RaiseException
                0x0000000000016e8c                _Unwind_SjLj_ForcedUnwind
                0x0000000000016ed0                _Unwind_SjLj_Resume
                0x0000000000016f14                _Unwind_SjLj_Resume_or_Rethrow
                0x0000000000016f54                _Unwind_DeleteException
                0x0000000000016f6c                _Unwind_Backtrace
 .text          0x0000000000016ff4       0x54 c:/development/quartus/nios2eds/bin/gnu/h-x86_64-mingw32/bin/../lib/gcc/nios2-elf/10.1.1/mno-hw-mul\libgcc.a(_clzsi2.o)
                0x0000000000016ff4                __clzsi2
 .text          0x0000000000017048      0x1b4 c:/development/quartus/nios2eds/bin/gnu/h-x86_64-mingw32/bin/../lib/gcc/nios2-elf/10.1.1/mno-hw-mul\libgcc.a(lib2-divmod.o)
                0x0000000000017048                __divsi3
                0x00000000000170c8                __modsi3
                0x000000000001713c                __udivsi3
                0x00000000000171a0                __umodsi3
 .text          0x00000000000171fc       0x28 c:/development/quartus/nios2eds/bin/gnu/h-x86_64-mingw32/bin/../lib/gcc/nios2-elf/10.1.1/mno-hw-mul\libgcc.a(lib2-mul.o)
                0x00000000000171fc                __mulsi3
 .text          0x0000000000017224        0x0 c:/development/quartus/nios2eds/bin/gnu/h-x86_64-mingw32/bin/../lib/gcc/nios2-elf/10.1.1/mno-hw-mul\libgcc.a(_clz.o)
 .text          0x0000000000017224        0x0 ../jiwy_demonstrator_bsp//newlib/nios2-elf/lib\libsmallc.a(lib_a-abort.o)
 .text.unlikely.abort
                0x0000000000017224       0x18 ../jiwy_demonstrator_bsp//newlib/nios2-elf/lib\libsmallc.a(lib_a-abort.o)
                0x0000000000017224                abort
 .text          0x000000000001723c        0x0 ../jiwy_demonstrator_bsp//newlib/nios2-elf/lib\libsmallc.a(lib_a-malloc.o)
 .text.malloc   0x000000000001723c        0xc ../jiwy_demonstrator_bsp//newlib/nios2-elf/lib\libsmallc.a(lib_a-malloc.o)
                0x000000000001723c                malloc
 .text.free     0x0000000000017248        0xc ../jiwy_demonstrator_bsp//newlib/nios2-elf/lib\libsmallc.a(lib_a-malloc.o)
                0x0000000000017248                free
 .text          0x0000000000017254        0x0 ../jiwy_demonstrator_bsp//newlib/nios2-elf/lib\libsmallc.a(lib_a-memset.o)
 .text.memset   0x0000000000017254       0x20 ../jiwy_demonstrator_bsp//newlib/nios2-elf/lib\libsmallc.a(lib_a-memset.o)
                0x0000000000017254                memset
 .text          0x0000000000017274        0x0 ../jiwy_demonstrator_bsp//newlib/nios2-elf/lib\libsmallc.a(lib_a-nano-freer.o)
 .text._free_r  0x0000000000017274       0xf8 ../jiwy_demonstrator_bsp//newlib/nios2-elf/lib\libsmallc.a(lib_a-nano-freer.o)
                0x0000000000017274                _free_r
 .text          0x000000000001736c        0x0 ../jiwy_demonstrator_bsp//newlib/nios2-elf/lib\libsmallc.a(lib_a-nano-mallocr.o)
 .text._malloc_r
                0x000000000001736c      0x150 ../jiwy_demonstrator_bsp//newlib/nios2-elf/lib\libsmallc.a(lib_a-nano-mallocr.o)
                0x000000000001736c                _malloc_r
 .text          0x00000000000174bc        0x0 ../jiwy_demonstrator_bsp//newlib/nios2-elf/lib\libsmallc.a(lib_a-sbrkr.o)
 .text._sbrk_r  0x00000000000174bc       0x40 ../jiwy_demonstrator_bsp//newlib/nios2-elf/lib\libsmallc.a(lib_a-sbrkr.o)
                0x00000000000174bc                _sbrk_r
 .text          0x00000000000174fc        0x0 ../jiwy_demonstrator_bsp//newlib/nios2-elf/lib\libsmallc.a(lib_a-signal.o)
 .text._init_signal_r
                0x00000000000174fc       0x5c ../jiwy_demonstrator_bsp//newlib/nios2-elf/lib\libsmallc.a(lib_a-signal.o)
                0x00000000000174fc                _init_signal_r
 .text._signal_r
                0x0000000000017558       0x78 ../jiwy_demonstrator_bsp//newlib/nios2-elf/lib\libsmallc.a(lib_a-signal.o)
                0x0000000000017558                _signal_r
 .text._raise_r
                0x00000000000175d0       0xb4 ../jiwy_demonstrator_bsp//newlib/nios2-elf/lib\libsmallc.a(lib_a-signal.o)
                0x00000000000175d0                _raise_r
 .text.__sigtramp_r
                0x0000000000017684       0xa0 ../jiwy_demonstrator_bsp//newlib/nios2-elf/lib\libsmallc.a(lib_a-signal.o)
                0x0000000000017684                __sigtramp_r
 .text.raise    0x0000000000017724        0xc ../jiwy_demonstrator_bsp//newlib/nios2-elf/lib\libsmallc.a(lib_a-signal.o)
                0x0000000000017724                raise
 .text.signal   0x0000000000017730       0x10 ../jiwy_demonstrator_bsp//newlib/nios2-elf/lib\libsmallc.a(lib_a-signal.o)
                0x0000000000017730                signal
 .text._init_signal
                0x0000000000017740        0x8 ../jiwy_demonstrator_bsp//newlib/nios2-elf/lib\libsmallc.a(lib_a-signal.o)
                0x0000000000017740                _init_signal
 .text.__sigtramp
                0x0000000000017748        0xc ../jiwy_demonstrator_bsp//newlib/nios2-elf/lib\libsmallc.a(lib_a-signal.o)
                0x0000000000017748                __sigtramp
 .text          0x0000000000017754        0x0 ../jiwy_demonstrator_bsp//newlib/nios2-elf/lib\libsmallc.a(lib_a-signalr.o)
 .text._kill_r  0x0000000000017754       0x44 ../jiwy_demonstrator_bsp//newlib/nios2-elf/lib\libsmallc.a(lib_a-signalr.o)
                0x0000000000017754                _kill_r
 .text._getpid_r
                0x0000000000017798        0x4 ../jiwy_demonstrator_bsp//newlib/nios2-elf/lib\libsmallc.a(lib_a-signalr.o)
                0x0000000000017798                _getpid_r
 .text          0x000000000001779c        0x0 ../jiwy_demonstrator_bsp//newlib/nios2-elf/lib\libsmallc.a(lib_a-strcmp.o)
 .text.strcmp   0x000000000001779c       0x44 ../jiwy_demonstrator_bsp//newlib/nios2-elf/lib\libsmallc.a(lib_a-strcmp.o)
                0x000000000001779c                strcmp
 .text          0x00000000000177e0        0x0 ../jiwy_demonstrator_bsp//newlib/nios2-elf/lib\libsmallc.a(lib_a-impure.o)
 .text          0x00000000000177e0        0x0 ../jiwy_demonstrator_bsp//newlib/nios2-elf/lib\libsmallc.a(lib_a-int_errno.o)
 .text          0x00000000000177e0       0x14 c:/Users/gteho/Repositories/EMSYS-LAB/nios/software/jiwy_demonstrator_bsp/\libhal_bsp.a(alt_exit.o)
                0x00000000000177e0                _exit
 .text          0x00000000000177f4        0x8 c:/Users/gteho/Repositories/EMSYS-LAB/nios/software/jiwy_demonstrator_bsp/\libhal_bsp.a(alt_getpid.o)
                0x00000000000177f4                getpid
 .text          0x00000000000177fc       0x8c c:/Users/gteho/Repositories/EMSYS-LAB/nios/software/jiwy_demonstrator_bsp/\libhal_bsp.a(alt_iic.o)
                0x00000000000177fc                alt_ic_isr_register
                0x0000000000017800                alt_ic_irq_enable
                0x0000000000017838                alt_ic_irq_disable
                0x0000000000017870                alt_ic_irq_enabled
 .text          0x0000000000017888       0x68 c:/Users/gteho/Repositories/EMSYS-LAB/nios/software/jiwy_demonstrator_bsp/\libhal_bsp.a(alt_iic_isr_register.o)
                0x0000000000017888                alt_iic_isr_register
 .text          0x00000000000178f0        0x0 c:/Users/gteho/Repositories/EMSYS-LAB/nios/software/jiwy_demonstrator_bsp/\libhal_bsp.a(alt_irq_entry.o)
 .text          0x00000000000178f0        0x0 c:/Users/gteho/Repositories/EMSYS-LAB/nios/software/jiwy_demonstrator_bsp/\libhal_bsp.a(alt_irq_handler.o)
 .text          0x00000000000178f0        0x0 c:/Users/gteho/Repositories/EMSYS-LAB/nios/software/jiwy_demonstrator_bsp/\libhal_bsp.a(alt_irq_vars.o)
 .text          0x00000000000178f0       0xf4 c:/Users/gteho/Repositories/EMSYS-LAB/nios/software/jiwy_demonstrator_bsp/\libhal_bsp.a(alt_kill.o)
                0x00000000000178f0                kill
 .text          0x00000000000179e4       0x84 c:/Users/gteho/Repositories/EMSYS-LAB/nios/software/jiwy_demonstrator_bsp/\libhal_bsp.a(alt_load.o)
                0x00000000000179e4                alt_load
 .text          0x0000000000017a68       0x60 c:/Users/gteho/Repositories/EMSYS-LAB/nios/software/jiwy_demonstrator_bsp/\libhal_bsp.a(alt_main.o)
                0x0000000000017a68                alt_main
 .text          0x0000000000017ac8        0x8 c:/Users/gteho/Repositories/EMSYS-LAB/nios/software/jiwy_demonstrator_bsp/\libhal_bsp.a(alt_malloc_lock.o)
                0x0000000000017ac8                __malloc_lock
                0x0000000000017acc                __malloc_unlock
 .text          0x0000000000017ad0       0x4c c:/Users/gteho/Repositories/EMSYS-LAB/nios/software/jiwy_demonstrator_bsp/\libhal_bsp.a(alt_sbrk.o)
                0x0000000000017ad0                sbrk
 .text          0x0000000000017b1c        0x4 c:/Users/gteho/Repositories/EMSYS-LAB/nios/software/jiwy_demonstrator_bsp/\libhal_bsp.a(alt_usleep.o)
                0x0000000000017b1c                usleep
 .text          0x0000000000017b20       0x68 c:/Users/gteho/Repositories/EMSYS-LAB/nios/software/jiwy_demonstrator_bsp/\libhal_bsp.a(alt_sys_init.o)
                0x0000000000017b20                alt_irq_init
                0x0000000000017b40                alt_sys_init
 .text          0x0000000000017b88       0x20 c:/Users/gteho/Repositories/EMSYS-LAB/nios/software/jiwy_demonstrator_bsp/\libhal_bsp.a(altera_avalon_jtag_uart_fd.o)
                0x0000000000017b88                altera_avalon_jtag_uart_read_fd
                0x0000000000017b98                altera_avalon_jtag_uart_write_fd
 .text          0x0000000000017ba8       0x58 c:/Users/gteho/Repositories/EMSYS-LAB/nios/software/jiwy_demonstrator_bsp/\libhal_bsp.a(altera_avalon_jtag_uart_read.o)
                0x0000000000017ba8                altera_avalon_jtag_uart_read
 .text          0x0000000000017c00       0x30 c:/Users/gteho/Repositories/EMSYS-LAB/nios/software/jiwy_demonstrator_bsp/\libhal_bsp.a(altera_avalon_jtag_uart_write.o)
                0x0000000000017c00                altera_avalon_jtag_uart_write
 .text          0x0000000000017c30       0x84 c:/Users/gteho/Repositories/EMSYS-LAB/nios/software/jiwy_demonstrator_bsp/\libhal_bsp.a(altera_avalon_timer_sc.o)
                0x0000000000017c6c                alt_avalon_timer_sc_init
 .text          0x0000000000017cb4       0x20 c:/Users/gteho/Repositories/EMSYS-LAB/nios/software/jiwy_demonstrator_bsp/\libhal_bsp.a(altera_avalon_uart_fd.o)
                0x0000000000017cb4                altera_avalon_uart_read_fd
                0x0000000000017cc4                altera_avalon_uart_write_fd
 .text          0x0000000000017cd4       0x78 c:/Users/gteho/Repositories/EMSYS-LAB/nios/software/jiwy_demonstrator_bsp/\libhal_bsp.a(altera_avalon_uart_read.o)
                0x0000000000017cd4                altera_avalon_uart_read
 .text          0x0000000000017d4c       0x84 c:/Users/gteho/Repositories/EMSYS-LAB/nios/software/jiwy_demonstrator_bsp/\libhal_bsp.a(altera_avalon_uart_write.o)
                0x0000000000017d4c                altera_avalon_uart_write
 .text          0x0000000000017dd0       0xac c:/Users/gteho/Repositories/EMSYS-LAB/nios/software/jiwy_demonstrator_bsp/\libhal_bsp.a(alt_busy_sleep.o)
                0x0000000000017dd0                alt_busy_sleep
 .text          0x0000000000017e7c       0xb4 c:/Users/gteho/Repositories/EMSYS-LAB/nios/software/jiwy_demonstrator_bsp/\libhal_bsp.a(alt_close.o)
                0x0000000000017e7c                close
 .text          0x0000000000017f30        0x4 c:/Users/gteho/Repositories/EMSYS-LAB/nios/software/jiwy_demonstrator_bsp/\libhal_bsp.a(alt_dcache_flush_all.o)
                0x0000000000017f30                alt_dcache_flush_all
 .text          0x0000000000017f34        0x8 c:/Users/gteho/Repositories/EMSYS-LAB/nios/software/jiwy_demonstrator_bsp/\libhal_bsp.a(alt_dev.o)
 .text          0x0000000000017f3c       0x6c c:/Users/gteho/Repositories/EMSYS-LAB/nios/software/jiwy_demonstrator_bsp/\libhal_bsp.a(alt_dev_llist_insert.o)
                0x0000000000017f3c                alt_dev_llist_insert
 .text          0x0000000000017fa8       0x48 c:/Users/gteho/Repositories/EMSYS-LAB/nios/software/jiwy_demonstrator_bsp/\libhal_bsp.a(alt_do_ctors.o)
                0x0000000000017fa8                _do_ctors
 .text          0x0000000000017ff0       0x48 c:/Users/gteho/Repositories/EMSYS-LAB/nios/software/jiwy_demonstrator_bsp/\libhal_bsp.a(alt_do_dtors.o)
                0x0000000000017ff0                _do_dtors
 .text          0x0000000000018038        0x0 c:/Users/gteho/Repositories/EMSYS-LAB/nios/software/jiwy_demonstrator_bsp/\libhal_bsp.a(alt_errno.o)
 .text          0x0000000000018038        0x0 c:/Users/gteho/Repositories/EMSYS-LAB/nios/software/jiwy_demonstrator_bsp/\libhal_bsp.a(alt_exception_entry.o)
 .text          0x0000000000018038        0x4 c:/Users/gteho/Repositories/EMSYS-LAB/nios/software/jiwy_demonstrator_bsp/\libhal_bsp.a(alt_icache_flush_all.o)
                0x0000000000018038                alt_icache_flush_all
 .text          0x000000000001803c       0x70 c:/Users/gteho/Repositories/EMSYS-LAB/nios/software/jiwy_demonstrator_bsp/\libhal_bsp.a(alt_instruction_exception_entry.o)
                0x000000000001803c                alt_exception_cause_generated_bad_addr
 .text          0x00000000000180ac       0xdc c:/Users/gteho/Repositories/EMSYS-LAB/nios/software/jiwy_demonstrator_bsp/\libhal_bsp.a(alt_io_redirect.o)
                0x0000000000018124                alt_io_redirect
 .text          0x0000000000018188      0x15c c:/Users/gteho/Repositories/EMSYS-LAB/nios/software/jiwy_demonstrator_bsp/\libhal_bsp.a(alt_open.o)
                0x0000000000018188                open
 .text          0x00000000000182e4       0x2c c:/Users/gteho/Repositories/EMSYS-LAB/nios/software/jiwy_demonstrator_bsp/\libhal_bsp.a(alt_release_fd.o)
                0x00000000000182e4                alt_release_fd
 .text          0x0000000000018310       0xe8 c:/Users/gteho/Repositories/EMSYS-LAB/nios/software/jiwy_demonstrator_bsp/\libhal_bsp.a(alt_tick.o)
                0x0000000000018310                alt_alarm_stop
                0x0000000000018340                alt_tick
 .text          0x00000000000183f8        0x8 c:/Users/gteho/Repositories/EMSYS-LAB/nios/software/jiwy_demonstrator_bsp/\libhal_bsp.a(altera_nios2_gen2_irq.o)
                0x00000000000183f8                altera_nios2_gen2_irq_init
 .text          0x0000000000018400       0x70 c:/Users/gteho/Repositories/EMSYS-LAB/nios/software/jiwy_demonstrator_bsp/\libhal_bsp.a(alt_find_dev.o)
                0x0000000000018400                alt_find_dev
 .text          0x0000000000018470       0x9c c:/Users/gteho/Repositories/EMSYS-LAB/nios/software/jiwy_demonstrator_bsp/\libhal_bsp.a(alt_find_file.o)
                0x0000000000018470                alt_find_file
 .text          0x000000000001850c       0x54 c:/Users/gteho/Repositories/EMSYS-LAB/nios/software/jiwy_demonstrator_bsp/\libhal_bsp.a(alt_get_fd.o)
                0x000000000001850c                alt_get_fd
 .text          0x0000000000018560        0x0 ../jiwy_demonstrator_bsp//newlib/nios2-elf/lib\libsmallc.a(lib_a-atexit.o)
 .text.atexit   0x0000000000018560       0x14 ../jiwy_demonstrator_bsp//newlib/nios2-elf/lib\libsmallc.a(lib_a-atexit.o)
                0x0000000000018560                atexit
 .text          0x0000000000018574        0x0 ../jiwy_demonstrator_bsp//newlib/nios2-elf/lib\libsmallc.a(lib_a-exit.o)
 .text.exit     0x0000000000018574       0x20 ../jiwy_demonstrator_bsp//newlib/nios2-elf/lib\libsmallc.a(lib_a-exit.o)
                0x0000000000018574                exit
 .text          0x0000000000018594        0x0 ../jiwy_demonstrator_bsp//newlib/nios2-elf/lib\libsmallc.a(lib_a-memcmp.o)
 .text.memcmp   0x0000000000018594       0x30 ../jiwy_demonstrator_bsp//newlib/nios2-elf/lib\libsmallc.a(lib_a-memcmp.o)
                0x0000000000018594                memcmp
 .text          0x00000000000185c4        0x0 ../jiwy_demonstrator_bsp//newlib/nios2-elf/lib\libsmallc.a(lib_a-memcpy.o)
 .text.memcpy   0x00000000000185c4       0x28 ../jiwy_demonstrator_bsp//newlib/nios2-elf/lib\libsmallc.a(lib_a-memcpy.o)
                0x00000000000185c4                memcpy
 .text          0x00000000000185ec        0x0 ../jiwy_demonstrator_bsp//newlib/nios2-elf/lib\libsmallc.a(lib_a-strlen.o)
 .text.strlen   0x00000000000185ec       0x1c ../jiwy_demonstrator_bsp//newlib/nios2-elf/lib\libsmallc.a(lib_a-strlen.o)
                0x00000000000185ec                strlen
 .text          0x0000000000018608        0x0 ../jiwy_demonstrator_bsp//newlib/nios2-elf/lib\libsmallc.a(lib_a-__atexit.o)
 .text.__register_exitproc
                0x0000000000018608      0x110 ../jiwy_demonstrator_bsp//newlib/nios2-elf/lib\libsmallc.a(lib_a-__atexit.o)
                0x0000000000018608                __register_exitproc
 .text          0x0000000000018718        0x0 ../jiwy_demonstrator_bsp//newlib/nios2-elf/lib\libsmallc.a(lib_a-__call_atexit.o)
 .text.__call_exitprocs
                0x0000000000018718      0x128 ../jiwy_demonstrator_bsp//newlib/nios2-elf/lib\libsmallc.a(lib_a-__call_atexit.o)
                0x0000000000018718                __call_exitprocs
 *(.gnu.warning.*)
 *(.fini)
                [!provide]                        PROVIDE (__etext = ABSOLUTE (.))
                [!provide]                        PROVIDE (_etext = ABSOLUTE (.))
                [!provide]                        PROVIDE (etext = ABSOLUTE (.))
 *(.eh_frame_hdr)
                0x0000000000018840                . = ALIGN (0x4)
                [!provide]                        PROVIDE (__preinit_array_start = ABSOLUTE (.))
 *(.preinit_array)
                [!provide]                        PROVIDE (__preinit_array_end = ABSOLUTE (.))
                [!provide]                        PROVIDE (__init_array_start = ABSOLUTE (.))
 *(.init_array)
                [!provide]                        PROVIDE (__init_array_end = ABSOLUTE (.))
                [!provide]                        PROVIDE (__fini_array_start = ABSOLUTE (.))
 *(.fini_array)
                [!provide]                        PROVIDE (__fini_array_end = ABSOLUTE (.))
 *(.eh_frame)
 *(.gcc_except_table .gcc_except_table.*)
 .gcc_except_table
                0x0000000000018840        0xc obj/default/20-sim/pan/PositionControllerPan.o
 .gcc_except_table
                0x000000000001884c        0xc obj/default/20-sim/tilt/PositionControllerTilt.o
 .gcc_except_table._ZNSt14_Function_baseD2Ev
                0x0000000000018858        0x4 obj/default/main.o
 .gcc_except_table
                0x000000000001885c        0x8 obj/default/main.o
 .gcc_except_table
                0x0000000000018864        0x6 obj/default/serial/uart.o
 .gcc_except_table
                0x000000000001886a        0x6 obj/default/timer/timer.o
 .gcc_except_table.__gxx_personality_sj0
                0x0000000000018870       0x10 c:/development/quartus/nios2eds/bin/gnu/h-x86_64-mingw32/bin/../lib/gcc/nios2-elf/10.1.1/../../../../../H-x86_64-mingw32/nios2-elf/lib/mno-hw-mul\libstdc++.a(eh_personality.o)
 .gcc_except_table.__cxa_call_unexpected
                0x0000000000018880       0x10 c:/development/quartus/nios2eds/bin/gnu/h-x86_64-mingw32/bin/../lib/gcc/nios2-elf/10.1.1/../../../../../H-x86_64-mingw32/nios2-elf/lib/mno-hw-mul\libstdc++.a(eh_personality.o)
 .gcc_except_table._ZN10__cxxabiv111__terminateEPFvvE
                0x0000000000018890       0x15 c:/development/quartus/nios2eds/bin/gnu/h-x86_64-mingw32/bin/../lib/gcc/nios2-elf/10.1.1/../../../../../H-x86_64-mingw32/nios2-elf/lib/mno-hw-mul\libstdc++.a(eh_terminate.o)
 *(.dynamic)
                0x00000000000188a5                PROVIDE (__CTOR_LIST__ = ABSOLUTE (.))
 *(.ctors)
 *fill*         0x00000000000188a5        0x3 3a880100
 .ctors         0x00000000000188a8        0x4 obj/default/main.o
 .ctors         0x00000000000188ac        0x4 obj/default/serial/uart.o
 .ctors         0x00000000000188b0        0x4 obj/default/timer/timer.o
 .ctors         0x00000000000188b4        0x4 c:/development/quartus/nios2eds/bin/gnu/h-x86_64-mingw32/bin/../lib/gcc/nios2-elf/10.1.1/../../../../../H-x86_64-mingw32/nios2-elf/lib/mno-hw-mul\libstdc++.a(eh_alloc.o)
 *(SORT_BY_NAME(.ctors.*))
                0x00000000000188b8                PROVIDE (__CTOR_END__ = ABSOLUTE (.))
                0x00000000000188b8                PROVIDE (__DTOR_LIST__ = ABSOLUTE (.))
 *(.dtors)
 .dtors         0x00000000000188b8        0x4 obj/default/main.o
 .dtors         0x00000000000188bc        0x4 obj/default/serial/uart.o
 .dtors         0x00000000000188c0        0x4 obj/default/timer/timer.o
 *(SORT_BY_NAME(.dtors.*))
                0x00000000000188c4                PROVIDE (__DTOR_END__ = ABSOLUTE (.))
 *(.jcr)
                0x00000000000188c4                . = ALIGN (0x4)

.rodata         0x00000000000188c4      0xae0
                0x00000000000188c4                PROVIDE (__ram_rodata_start = ABSOLUTE (.))
                0x00000000000188c4                . = ALIGN (0x4)
 *(.rodata .rodata.* .gnu.linkonce.r.*)
 .rodata._ZTS17IntegrationMethod
                0x00000000000188c4       0x14 obj/default/20-sim/common/xxinteg.o
                0x00000000000188c4                typeinfo name for IntegrationMethod
 .rodata._ZTS8Discrete
                0x00000000000188d8        0xa obj/default/20-sim/common/xxinteg.o
                0x00000000000188d8                typeinfo name for Discrete
 *fill*         0x00000000000188e2        0x2 
 .rodata._ZTI8Discrete
                0x00000000000188e4        0xc obj/default/20-sim/common/xxinteg.o
                0x00000000000188e4                typeinfo for Discrete
 .rodata._ZTV8Discrete
                0x00000000000188f0       0x1c obj/default/20-sim/common/xxinteg.o
                0x00000000000188f0                vtable for Discrete
 .rodata._ZTS13Submodel20sim
                0x000000000001890c       0x10 obj/default/20-sim/pan/PositionControllerPan.o
                0x000000000001890c                typeinfo name for Submodel20sim
 .rodata._ZTS21PositionControllerPan
                0x000000000001891c       0x18 obj/default/20-sim/pan/PositionControllerPan.o
                0x000000000001891c                typeinfo name for PositionControllerPan
 .rodata._ZTI21PositionControllerPan
                0x0000000000018934       0x18 obj/default/20-sim/pan/PositionControllerPan.o
                0x0000000000018934                typeinfo for PositionControllerPan
 .rodata._ZTV21PositionControllerPan
                0x000000000001894c       0x34 obj/default/20-sim/pan/PositionControllerPan.o
                0x000000000001894c                vtable for PositionControllerPan
 .rodata._ZTS22PositionControllerTilt
                0x0000000000018980       0x19 obj/default/20-sim/tilt/PositionControllerTilt.o
                0x0000000000018980                typeinfo name for PositionControllerTilt
 *fill*         0x0000000000018999        0x3 
 .rodata._ZTI22PositionControllerTilt
                0x000000000001899c       0x18 obj/default/20-sim/tilt/PositionControllerTilt.o
                0x000000000001899c                typeinfo for PositionControllerTilt
 .rodata._ZTV22PositionControllerTilt
                0x00000000000189b4       0x34 obj/default/20-sim/tilt/PositionControllerTilt.o
                0x00000000000189b4                vtable for PositionControllerTilt
 .rodata._ZTSFvRN6Serial7messageEE
                0x00000000000189e8       0x16 obj/default/main.o
                0x00000000000189e8                typeinfo name for void (Serial::message&)
 *fill*         0x00000000000189fe        0x2 
 .rodata._ZTSPFvRN6Serial7messageEE
                0x0000000000018a00       0x17 obj/default/main.o
                0x0000000000018a00                typeinfo name for void (*)(Serial::message&)
 *fill*         0x0000000000018a17        0x1 
 .rodata._ZTIPFvRN6Serial7messageEE
                0x0000000000018a18       0x10 obj/default/main.o
                0x0000000000018a18                typeinfo for void (*)(Serial::message&)
 .rodata._ZTIPFvvE
                0x0000000000018a28       0x10 obj/default/main.o
                0x0000000000018a28                typeinfo for void (*)()
 .rodata._ZTSN10__cxxabiv117__class_type_infoE
                0x0000000000018a38       0x22 c:/development/quartus/nios2eds/bin/gnu/h-x86_64-mingw32/bin/../lib/gcc/nios2-elf/10.1.1/../../../../../H-x86_64-mingw32/nios2-elf/lib/mno-hw-mul\libstdc++.a(class_type_info.o)
                0x0000000000018a38                typeinfo name for __cxxabiv1::__class_type_info
 *fill*         0x0000000000018a5a        0x2 
 .rodata._ZTIN10__cxxabiv117__class_type_infoE
                0x0000000000018a5c        0xc c:/development/quartus/nios2eds/bin/gnu/h-x86_64-mingw32/bin/../lib/gcc/nios2-elf/10.1.1/../../../../../H-x86_64-mingw32/nios2-elf/lib/mno-hw-mul\libstdc++.a(class_type_info.o)
                0x0000000000018a5c                typeinfo for __cxxabiv1::__class_type_info
 .rodata._ZTVN10__cxxabiv117__class_type_infoE
                0x0000000000018a68       0x2c c:/development/quartus/nios2eds/bin/gnu/h-x86_64-mingw32/bin/../lib/gcc/nios2-elf/10.1.1/../../../../../H-x86_64-mingw32/nios2-elf/lib/mno-hw-mul\libstdc++.a(class_type_info.o)
                0x0000000000018a68                vtable for __cxxabiv1::__class_type_info
 .rodata._ZTSN10__cxxabiv120__function_type_infoE
                0x0000000000018a94       0x25 c:/development/quartus/nios2eds/bin/gnu/h-x86_64-mingw32/bin/../lib/gcc/nios2-elf/10.1.1/../../../../../H-x86_64-mingw32/nios2-elf/lib/mno-hw-mul\libstdc++.a(function_type_info.o)
                0x0000000000018a94                typeinfo name for __cxxabiv1::__function_type_info
 *fill*         0x0000000000018ab9        0x3 
 .rodata._ZTIN10__cxxabiv120__function_type_infoE