Archive member included to satisfy reference by file (symbol)

c:/development/quartus/nios2eds/bin/gnu/h-x86_64-mingw32/bin/../lib/gcc/nios2-elf/10.1.1/../../../../../H-x86_64-mingw32/nios2-elf/lib/mno-hw-mul\libstdc++.a(eh_personality.o)
                              obj/default/main.o (__gxx_personality_sj0)
c:/development/quartus/nios2eds/bin/gnu/h-x86_64-mingw32/bin/../lib/gcc/nios2-elf/10.1.1/../../../../../H-x86_64-mingw32/nios2-elf/lib/mno-hw-mul\libstdc++.a(eh_terminate.o)
                              c:/development/quartus/nios2eds/bin/gnu/h-x86_64-mingw32/bin/../lib/gcc/nios2-elf/10.1.1/../../../../../H-x86_64-mingw32/nios2-elf/lib/mno-hw-mul\libstdc++.a(eh_personality.o) (__cxxabiv1::__terminate(void (*)()))
c:/development/quartus/nios2eds/bin/gnu/h-x86_64-mingw32/bin/../lib/gcc/nios2-elf/10.1.1/../../../../../H-x86_64-mingw32/nios2-elf/lib/mno-hw-mul\libstdc++.a(eh_throw.o)
                              c:/development/quartus/nios2eds/bin/gnu/h-x86_64-mingw32/bin/../lib/gcc/nios2-elf/10.1.1/../../../../../H-x86_64-mingw32/nios2-elf/lib/mno-hw-mul\libstdc++.a(eh_personality.o) (__cxa_throw)
c:/development/quartus/nios2eds/bin/gnu/h-x86_64-mingw32/bin/../lib/gcc/nios2-elf/10.1.1/../../../../../H-x86_64-mingw32/nios2-elf/lib/mno-hw-mul\libstdc++.a(eh_unex_handler.o)
                              c:/development/quartus/nios2eds/bin/gnu/h-x86_64-mingw32/bin/../lib/gcc/nios2-elf/10.1.1/../../../../../H-x86_64-mingw32/nios2-elf/lib/mno-hw-mul\libstdc++.a(eh_terminate.o) (__cxxabiv1::__unexpected_handler)
c:/development/quartus/nios2eds/bin/gnu/h-x86_64-mingw32/bin/../lib/gcc/nios2-elf/10.1.1/../../../../../H-x86_64-mingw32/nios2-elf/lib/mno-hw-mul\libstdc++.a(function_type_info.o)
                              obj/default/main.o (vtable for __cxxabiv1::__function_type_info)
c:/development/quartus/nios2eds/bin/gnu/h-x86_64-mingw32/bin/../lib/gcc/nios2-elf/10.1.1/../../../../../H-x86_64-mingw32/nios2-elf/lib/mno-hw-mul\libstdc++.a(pointer_type_info.o)
                              obj/default/main.o (vtable for __cxxabiv1::__pointer_type_info)
c:/development/quartus/nios2eds/bin/gnu/h-x86_64-mingw32/bin/../lib/gcc/nios2-elf/10.1.1/../../../../../H-x86_64-mingw32/nios2-elf/lib/mno-hw-mul\libstdc++.a(si_class_type_info.o)
                              c:/development/quartus/nios2eds/bin/gnu/h-x86_64-mingw32/bin/../lib/gcc/nios2-elf/10.1.1/../../../../../H-x86_64-mingw32/nios2-elf/lib/mno-hw-mul\libstdc++.a(function_type_info.o) (vtable for __cxxabiv1::__si_class_type_info)
c:/development/quartus/nios2eds/bin/gnu/h-x86_64-mingw32/bin/../lib/gcc/nios2-elf/10.1.1/../../../../../H-x86_64-mingw32/nios2-elf/lib/mno-hw-mul\libstdc++.a(tinfo.o)
                              c:/development/quartus/nios2eds/bin/gnu/h-x86_64-mingw32/bin/../lib/gcc/nios2-elf/10.1.1/../../../../../H-x86_64-mingw32/nios2-elf/lib/mno-hw-mul\libstdc++.a(function_type_info.o) (std::type_info::~type_info())
c:/development/quartus/nios2eds/bin/gnu/h-x86_64-mingw32/bin/../lib/gcc/nios2-elf/10.1.1/../../../../../H-x86_64-mingw32/nios2-elf/lib/mno-hw-mul\libstdc++.a(functional.o)
                              obj/default/serial/uart.o (std::__throw_bad_function_call())
c:/development/quartus/nios2eds/bin/gnu/h-x86_64-mingw32/bin/../lib/gcc/nios2-elf/10.1.1/../../../../../H-x86_64-mingw32/nios2-elf/lib/mno-hw-mul\libstdc++.a(class_type_info.o)
                              c:/development/quartus/nios2eds/bin/gnu/h-x86_64-mingw32/bin/../lib/gcc/nios2-elf/10.1.1/../../../../../H-x86_64-mingw32/nios2-elf/lib/mno-hw-mul\libstdc++.a(si_class_type_info.o) (__cxxabiv1::__class_type_info::__do_upcast(__cxxabiv1::__class_type_info const*, void**) const)
c:/development/quartus/nios2eds/bin/gnu/h-x86_64-mingw32/bin/../lib/gcc/nios2-elf/10.1.1/../../../../../H-x86_64-mingw32/nios2-elf/lib/mno-hw-mul\libstdc++.a(del_op.o)
                              c:/development/quartus/nios2eds/bin/gnu/h-x86_64-mingw32/bin/../lib/gcc/nios2-elf/10.1.1/../../../../../H-x86_64-mingw32/nios2-elf/lib/mno-hw-mul\libstdc++.a(functional.o) (operator delete(void*))
c:/development/quartus/nios2eds/bin/gnu/h-x86_64-mingw32/bin/../lib/gcc/nios2-elf/10.1.1/../../../../../H-x86_64-mingw32/nios2-elf/lib/mno-hw-mul\libstdc++.a(del_ops.o)
                              c:/development/quartus/nios2eds/bin/gnu/h-x86_64-mingw32/bin/../lib/gcc/nios2-elf/10.1.1/../../../../../H-x86_64-mingw32/nios2-elf/lib/mno-hw-mul\libstdc++.a(function_type_info.o) (operator delete(void*, unsigned int))
c:/development/quartus/nios2eds/bin/gnu/h-x86_64-mingw32/bin/../lib/gcc/nios2-elf/10.1.1/../../../../../H-x86_64-mingw32/nios2-elf/lib/mno-hw-mul\libstdc++.a(eh_alloc.o)
                              c:/development/quartus/nios2eds/bin/gnu/h-x86_64-mingw32/bin/../lib/gcc/nios2-elf/10.1.1/../../../../../H-x86_64-mingw32/nios2-elf/lib/mno-hw-mul\libstdc++.a(eh_personality.o) (__cxa_allocate_exception)
[...]
Memory Configuration

Name             Origin             Length             Attributes
reset            0x0000000000010000 0x0000000000000020
onchip_mem       0x0000000000010020 0x0000000000009fe0
*default*        0x0000000000000000 0xffffffffffffffff

Linker script and memory map

LOAD c:/Users/gteho/Repositories/EMSYS-LAB/nios/software/jiwy_controller_bsp//obj/HAL/src/crt0.o
LOAD obj/default/main.o
LOAD obj/default/motor_driver/encoder.o
LOAD obj/default/motor_driver/motor.o
LOAD obj/default/serial/uart.o
LOAD c:/development/quartus/nios2eds/bin/gnu/h-x86_64-mingw32/bin/../lib/gcc/nios2-elf/10.1.1/../../../../../H-x86_64-mingw32/nios2-elf/lib/mno-hw-mul\libstdc++.a
LOAD c:/development/quartus/nios2eds/bin/gnu/h-x86_64-mingw32/bin/../lib/gcc/nios2-elf/10.1.1/../../../../../H-x86_64-mingw32/nios2-elf/lib/mno-hw-mul\libm.a
LOAD c:/development/quartus/nios2eds/bin/gnu/h-x86_64-mingw32/bin/../lib/gcc/nios2-elf/10.1.1/mno-hw-mul\libgcc.a
START GROUP
LOAD c:/development/quartus/nios2eds/bin/gnu/h-x86_64-mingw32/bin/../lib/gcc/nios2-elf/10.1.1/../../../../../H-x86_64-mingw32/nios2-elf/lib/mno-hw-mul\libsmallc.a
LOAD c:/development/quartus/nios2eds/bin/gnu/h-x86_64-mingw32/bin/../lib/gcc/nios2-elf/10.1.1/mno-hw-mul\libgcc.a
LOAD c:/Users/gteho/Repositories/EMSYS-LAB/nios/software/jiwy_controller_bsp/\libhal_bsp.a
LOAD c:/development/quartus/nios2eds/bin/gnu/h-x86_64-mingw32/bin/../lib/gcc/nios2-elf/10.1.1/../../../../../H-x86_64-mingw32/nios2-elf/lib/mno-hw-mul\libm.a
END GROUP
LOAD c:/development/quartus/nios2eds/bin/gnu/h-x86_64-mingw32/bin/../lib/gcc/nios2-elf/10.1.1/mno-hw-mul\libgcc.a
                0x0000000000010000                __alt_mem_onchip_mem = 0x10000

.entry          0x0000000000010000       0x20
 *(.entry)
 .entry         0x0000000000010000       0x20 c:/Users/gteho/Repositories/EMSYS-LAB/nios/software/jiwy_controller_bsp//obj/HAL/src/crt0.o
                0x0000000000010000                __reset

.exceptions     0x0000000000010020      0x204
                0x0000000000010020                PROVIDE (__ram_exceptions_start = ABSOLUTE (.))
                0x0000000000010020                . = ALIGN (0x20)
 *(.irq)
 *(.exceptions.entry.label)
 .exceptions.entry.label
                0x0000000000010020        0x0 c:/Users/gteho/Repositories/EMSYS-LAB/nios/software/jiwy_controller_bsp/\libhal_bsp.a(alt_irq_entry.o)
                0x0000000000010020                alt_irq_entry
 .exceptions.entry.label
                0x0000000000010020        0x0 c:/Users/gteho/Repositories/EMSYS-LAB/nios/software/jiwy_controller_bsp/\libhal_bsp.a(alt_exception_entry.o)
                0x0000000000010020                alt_exception
 *(.exceptions.entry.user)
 *(.exceptions.entry.ecc_fatal)
 *(.exceptions.entry)
 .exceptions.entry
                0x0000000000010020       0x54 c:/Users/gteho/Repositories/EMSYS-LAB/nios/software/jiwy_controller_bsp/\libhal_bsp.a(alt_exception_entry.o)
 *(.exceptions.irqtest.user)
 *(.exceptions.irqtest)
 .exceptions.irqtest
                0x0000000000010074       0x10 c:/Users/gteho/Repositories/EMSYS-LAB/nios/software/jiwy_controller_bsp/\libhal_bsp.a(alt_irq_entry.o)
 *(.exceptions.irqhandler.user)
 *(.exceptions.irqhandler)
 .exceptions.irqhandler
                0x0000000000010084        0x4 c:/Users/gteho/Repositories/EMSYS-LAB/nios/software/jiwy_controller_bsp/\libhal_bsp.a(alt_irq_entry.o)
 *(.exceptions.irqreturn.user)
 *(.exceptions.irqreturn)
 .exceptions.irqreturn
                0x0000000000010088        0x4 c:/Users/gteho/Repositories/EMSYS-LAB/nios/software/jiwy_controller_bsp/\libhal_bsp.a(alt_irq_entry.o)
 *(.exceptions.notirq.label)
 .exceptions.notirq.label
                0x000000000001008c        0x0 c:/Users/gteho/Repositories/EMSYS-LAB/nios/software/jiwy_controller_bsp/\libhal_bsp.a(alt_irq_entry.o)
 *(.exceptions.notirq.user)
 *(.exceptions.notirq)
 .exceptions.notirq
                0x000000000001008c        0x8 c:/Users/gteho/Repositories/EMSYS-LAB/nios/software/jiwy_controller_bsp/\libhal_bsp.a(alt_exception_entry.o)
 *(.exceptions.soft.user)
 *(.exceptions.soft)
 *(.exceptions.unknown.user)
 *(.exceptions.unknown)
 .exceptions.unknown
                0x0000000000010094       0x14 c:/Users/gteho/Repositories/EMSYS-LAB/nios/software/jiwy_controller_bsp/\libhal_bsp.a(alt_exception_entry.o)
 *(.exceptions.exit.label)
 .exceptions.exit.label
                0x00000000000100a8        0x0 c:/Users/gteho/Repositories/EMSYS-LAB/nios/software/jiwy_controller_bsp/\libhal_bsp.a(alt_irq_entry.o)
 .exceptions.exit.label
                0x00000000000100a8        0x0 c:/Users/gteho/Repositories/EMSYS-LAB/nios/software/jiwy_controller_bsp/\libhal_bsp.a(alt_exception_entry.o)
 *(.exceptions.exit.user)
 *(.exceptions.exit)
 .exceptions.exit
                0x00000000000100a8       0x54 c:/Users/gteho/Repositories/EMSYS-LAB/nios/software/jiwy_controller_bsp/\libhal_bsp.a(alt_exception_entry.o)
 *(.exceptions)
 .exceptions    0x00000000000100fc       0xc8 c:/Users/gteho/Repositories/EMSYS-LAB/nios/software/jiwy_controller_bsp/\libhal_bsp.a(alt_irq_handler.o)
                0x00000000000100fc                alt_irq_handler
 .exceptions    0x00000000000101c4       0x60 c:/Users/gteho/Repositories/EMSYS-LAB/nios/software/jiwy_controller_bsp/\libhal_bsp.a(alt_instruction_exception_entry.o)
                0x00000000000101c4                alt_instruction_exception_entry
                0x0000000000010224                PROVIDE (__ram_exceptions_end = ABSOLUTE (.))
                0x0000000000010020                PROVIDE (__flash_exceptions_start = LOADADDR (.exceptions))

.text           0x0000000000010224     0x6924
                [!provide]                        PROVIDE (stext = ABSOLUTE (.))
 *(.interp)
 *(.hash)
 *(.dynsym)
 *(.dynstr)
 *(.gnu.version)
 *(.gnu.version_d)
 *(.gnu.version_r)
 *(.rel.init)
 *(.rela.init)
 *(.rel.text .rel.text.* .rel.gnu.linkonce.t.*)
 *(.rela.text .rela.text.* .rela.gnu.linkonce.t.*)
 *(.rel.fini)
 *(.rela.fini)
 *(.rel.rodata .rel.rodata.* .rel.gnu.linkonce.r.*)
 *(.rela.rodata .rela.rodata.* .rela.gnu.linkonce.r.*)
 *(.rel.data .rel.data.* .rel.gnu.linkonce.d.*)
 *(.rela.data .rela.data.* .rela.gnu.linkonce.d.*)
 *(.rel.tdata .rel.tdata.* .rel.gnu.linkonce.td.*)
 *(.rela.tdata .rela.tdata.* .rela.gnu.linkonce.td.*)
 *(.rel.tbss .rel.tbss.* .rel.gnu.linkonce.tb.*)
 *(.rela.tbss .rela.tbss.* .rela.gnu.linkonce.tb.*)
 *(.rel.ctors)
 *(.rela.ctors)
 *(.rel.dtors)
 *(.rela.dtors)
 *(.rel.got)
 *(.rela.got)
 *(.rel.sdata .rel.sdata.* .rel.gnu.linkonce.s.*)
 *(.rela.sdata .rela.sdata.* .rela.gnu.linkonce.s.*)
 *(.rel.sbss .rel.sbss.* .rel.gnu.linkonce.sb.*)
 *(.rela.sbss .rela.sbss.* .rela.gnu.linkonce.sb.*)
 *(.rel.sdata2 .rel.sdata2.* .rel.gnu.linkonce.s2.*)
 *(.rela.sdata2 .rela.sdata2.* .rela.gnu.linkonce.s2.*)
 *(.rel.sbss2 .rel.sbss2.* .rel.gnu.linkonce.sb2.*)
 *(.rela.sbss2 .rela.sbss2.* .rela.gnu.linkonce.sb2.*)
 *(.rel.bss .rel.bss.* .rel.gnu.linkonce.b.*)
 *(.rela.bss .rela.bss.* .rela.gnu.linkonce.b.*)
 *(.rel.plt)
 *(.rela.plt)
 *(.rel.dyn)
 *(.init)
 *(.plt)
 *(.text .stub .text.* .gnu.linkonce.t.*)
 .text          0x0000000000010224       0x3c c:/Users/gteho/Repositories/EMSYS-LAB/nios/software/jiwy_controller_bsp//obj/HAL/src/crt0.o
                0x0000000000010224                _start
 .text          0x0000000000010260      0x31c obj/default/main.o
                0x0000000000010260                handleUartMessage(Serial::rx_message&)
                0x000000000001030c                main
 .text._ZnwjPv  0x000000000001057c       0x28 obj/default/main.o
                0x000000000001057c                operator new(unsigned int, void*)
 .text._ZNSt9_Any_data9_M_accessEv
                0x00000000000105a4       0x24 obj/default/main.o
                0x00000000000105a4                std::_Any_data::_M_access()
 .text._ZNKSt9_Any_data9_M_accessEv
                0x00000000000105c8       0x24 obj/default/main.o
                0x00000000000105c8                std::_Any_data::_M_access() const
 .text._ZNSt14_Function_baseC2Ev
                0x00000000000105ec       0x2c obj/default/main.o
                0x00000000000105ec                std::_Function_base::_Function_base()
                0x00000000000105ec                std::_Function_base::_Function_base()
 .text._ZNSt14_Function_baseD2Ev
                0x0000000000010618       0x8c obj/default/main.o
                0x0000000000010618                std::_Function_base::~_Function_base()
                0x0000000000010618                std::_Function_base::~_Function_base()
 .text._ZN6Serial10rx_message12getFirstWordEv
                0x00000000000106a4       0x30 obj/default/main.o
                0x00000000000106a4                Serial::rx_message::getFirstWord()
 .text._ZN6Serial10rx_message13getSecondWordEv
                0x00000000000106d4       0x70 obj/default/main.o
                0x00000000000106d4                Serial::rx_message::getSecondWord()
 .text._ZN6Serial10tx_messageC2Ell
                0x0000000000010744       0x94 obj/default/main.o
                0x0000000000010744                Serial::tx_message::tx_message(long, long)
                0x0000000000010744                Serial::tx_message::tx_message(long, long)
 .text._ZNSt8functionIFvRN6Serial10rx_messageEEED2Ev
                0x00000000000107d8       0x38 obj/default/main.o
                0x00000000000107d8                std::function<void (Serial::rx_message&)>::~function()
                0x00000000000107d8                std::function<void (Serial::rx_message&)>::~function()
 .text._ZNSt8functionIFvRN6Serial10rx_messageEEEC2IPS3_vvEET_
                0x0000000000010810      0x150 obj/default/main.o
                0x0000000000010810                std::function<void (Serial::rx_message&)>::function<void (*)(Serial::rx_message&), void, void>(void (*)(Serial::rx_message&))
                0x0000000000010810                std::function<void (Serial::rx_message&)>::function<void (*)(Serial::rx_message&), void, void>(void (*)(Serial::rx_message&))
 .text._ZNSt14_Function_base13_Base_managerIPFvRN6Serial10rx_messageEEE21_M_not_empty_functionIS4_EEbPT_
                0x0000000000010960       0x28 obj/default/main.o
                0x0000000000010960                bool std::_Function_base::_Base_manager<void (*)(Serial::rx_message&)>::_M_not_empty_function<void (Serial::rx_message&)>(void (*)(Serial::rx_message&))
 .text._ZSt4moveIRPFvRN6Serial10rx_messageEEEONSt16remove_referenceIT_E4typeEOS7_
                0x0000000000010988       0x24 obj/default/main.o
                0x0000000000010988                std::remove_reference<void (*&)(Serial::rx_message&)>::type&& std::move<void (*&)(Serial::rx_message&)>(void (*&)(Serial::rx_message&))
 .text._ZNSt14_Function_base13_Base_managerIPFvRN6Serial10rx_messageEEE15_M_init_functorERSt9_Any_dataOS5_
                0x00000000000109ac       0x50 obj/default/main.o
                0x00000000000109ac                std::_Function_base::_Base_manager<void (*)(Serial::rx_message&)>::_M_init_functor(std::_Any_data&, void (*&&)(Serial::rx_message&))
 .text._ZNSt17_Function_handlerIFvRN6Serial10rx_messageEEPS3_E9_M_invokeERKSt9_Any_dataS2_
                0x00000000000109fc       0x58 obj/default/main.o
                0x00000000000109fc                std::_Function_handler<void (Serial::rx_message&), void (*)(Serial::rx_message&)>::_M_invoke(std::_Any_data const&, Serial::rx_message&)
 .text._ZNSt17_Function_handlerIFvRN6Serial10rx_messageEEPS3_E10_M_managerERSt9_Any_dataRKS6_St18_Manager_operation
                0x0000000000010a54       0x98 obj/default/main.o
                0x0000000000010a54                std::_Function_handler<void (Serial::rx_message&), void (*)(Serial::rx_message&)>::_M_manager(std::_Any_data&, std::_Any_data const&, std::_Manager_operation)
 .text._ZNSt14_Function_base13_Base_managerIPFvRN6Serial10rx_messageEEE15_M_init_functorERSt9_Any_dataOS5_St17integral_constantIbLb1EE
                0x0000000000010aec       0x60 obj/default/main.o
                0x0000000000010aec                std::_Function_base::_Base_manager<void (*)(Serial::rx_message&)>::_M_init_functor(std::_Any_data&, void (*&&)(Serial::rx_message&), std::integral_constant<bool, true>)
 .text._ZNSt14_Function_base13_Base_managerIPFvRN6Serial10rx_messageEEE14_M_get_pointerERKSt9_Any_data
                0x0000000000010b4c       0x40 obj/default/main.o
                0x0000000000010b4c                std::_Function_base::_Base_manager<void (*)(Serial::rx_message&)>::_M_get_pointer(std::_Any_data const&)
 .text._ZSt7forwardIRN6Serial10rx_messageEEOT_RNSt16remove_referenceIS3_E4typeE
                0x0000000000010b8c       0x24 obj/default/main.o
                0x0000000000010b8c                Serial::rx_message& std::forward<Serial::rx_message&>(std::remove_reference<Serial::rx_message&>::type&)
 .text._ZSt10__invoke_rIvRPFvRN6Serial10rx_messageEEJS2_EENSt9enable_ifIXsrSt6__and_IJSt7is_voidIT_ESt14__is_invocableIT0_JDpT1_EEEE5valueES9_E4typeEOSC_DpOSD_
                0x0000000000010bb0       0x64 obj/default/main.o
                0x0000000000010bb0                std::enable_if<std::__and_<std::is_void<void>, std::__is_invocable<void (*&)(Serial::rx_message&), Serial::rx_message&> >::value, void>::type std::__invoke_r<void, void (*&)(Serial::rx_message&), Serial::rx_message&>(void (*&)(Serial::rx_message&), Serial::rx_message&)
 .text._ZNSt9_Any_data9_M_accessIPKSt9type_infoEERT_v
                0x0000000000010c14       0x30 obj/default/main.o
                0x0000000000010c14                std::type_info const*& std::_Any_data::_M_access<std::type_info const*>()
 .text._ZNSt9_Any_data9_M_accessIPPFvRN6Serial10rx_messageEEEERT_v
                0x0000000000010c44       0x30 obj/default/main.o
                0x0000000000010c44                void (**&std::_Any_data::_M_access<void (**)(Serial::rx_message&)>())(Serial::rx_message&)
 .text._ZNSt14_Function_base13_Base_managerIPFvRN6Serial10rx_messageEEE10_M_managerERSt9_Any_dataRKS7_St18_Manager_operation
                0x0000000000010c74       0xcc obj/default/main.o
                0x0000000000010c74                std::_Function_base::_Base_manager<void (*)(Serial::rx_message&)>::_M_manager(std::_Any_data&, std::_Any_data const&, std::_Manager_operation)
 .text._ZNKSt9_Any_data9_M_accessIPFvRN6Serial10rx_messageEEEERKT_v
                0x0000000000010d40       0x30 obj/default/main.o
                0x0000000000010d40                void (* const&std::_Any_data::_M_access<void (*)(Serial::rx_message&)>() const)(Serial::rx_message&)
 .text._ZSt11__addressofIKPFvRN6Serial10rx_messageEEEPT_RS6_
                0x0000000000010d70       0x24 obj/default/main.o
                0x0000000000010d70                void (* const*std::__addressof<void (* const)(Serial::rx_message&)>(void (* const&)(Serial::rx_message&)))(Serial::rx_message&)
 .text._ZSt7forwardIRPFvRN6Serial10rx_messageEEEOT_RNSt16remove_referenceIS6_E4typeE
                0x0000000000010d94       0x24 obj/default/main.o
                0x0000000000010d94                void (*&std::forward<void (*&)(Serial::rx_message&)>(std::remove_reference<void (*&)(Serial::rx_message&)>::type&))(Serial::rx_message&)
 .text._ZSt13__invoke_implIvRPFvRN6Serial10rx_messageEEJS2_EET_St14__invoke_otherOT0_DpOT1_
                0x0000000000010db8       0x58 obj/default/main.o
                0x0000000000010db8                void std::__invoke_impl<void, void (*&)(Serial::rx_message&), Serial::rx_message&>(std::__invoke_other, void (*&)(Serial::rx_message&), Serial::rx_message&)
 .text._ZNSt14_Function_base13_Base_managerIPFvRN6Serial10rx_messageEEE8_M_cloneERSt9_Any_dataRKS7_St17integral_constantIbLb1EE
                0x0000000000010e10       0x60 obj/default/main.o
                0x0000000000010e10                std::_Function_base::_Base_manager<void (*)(Serial::rx_message&)>::_M_clone(std::_Any_data&, std::_Any_data const&, std::integral_constant<bool, true>)
 .text._ZNSt14_Function_base13_Base_managerIPFvRN6Serial10rx_messageEEE10_M_destroyERSt9_Any_dataSt17integral_constantIbLb1EE
                0x0000000000010e70       0x38 obj/default/main.o
                0x0000000000010e70                std::_Function_base::_Base_manager<void (*)(Serial::rx_message&)>::_M_destroy(std::_Any_data&, std::integral_constant<bool, true>)
 .text._ZNSt9_Any_data9_M_accessIPFvRN6Serial10rx_messageEEEERT_v
                0x0000000000010ea8       0x30 obj/default/main.o
                0x0000000000010ea8                void (*&std::_Any_data::_M_access<void (*)(Serial::rx_message&)>())(Serial::rx_message&)
 .text          0x0000000000010ed8       0x60 obj/default/motor_driver/encoder.o
                0x0000000000010ed8                Plant::Encoder::Encoder(unsigned long)
                0x0000000000010ed8                Plant::Encoder::Encoder(unsigned long)
                0x0000000000010f0c                Plant::Encoder::readData()
 .text          0x0000000000010f38      0x158 obj/default/motor_driver/motor.o
                0x0000000000010f38                Plant::Motor::Motor(unsigned long, unsigned long)
                0x0000000000010f38                Plant::Motor::Motor(unsigned long, unsigned long)
                0x0000000000010f9c                Plant::Motor::setFrequency(unsigned long)
                0x0000000000010ff4                Plant::Motor::setSecondWord(unsigned long)
                0x000000000001104c                Plant::Motor::stop()
 .text          0x0000000000011090      0x404 obj/default/serial/uart.o
                0x0000000000011090                Serial::UART::uart_0_isr(void*)
                0x000000000001116c                Serial::UART::UART(std::function<void (Serial::rx_message&)>)
                0x000000000001116c                Serial::UART::UART(std::function<void (Serial::rx_message&)>)
                0x00000000000111fc                Serial::UART::sendData(Serial::tx_message)
                0x00000000000112e8                Serial::UART::convertToArray(Serial::tx_message)
 .text._ZNKSt14_Function_base8_M_emptyEv
                0x0000000000011494       0x2c obj/default/serial/uart.o
                0x0000000000011494                std::_Function_base::_M_empty() const
 .text._ZNSt8functionIFvRN6Serial10rx_messageEEEC2Ev
                0x00000000000114c0       0x38 obj/default/serial/uart.o
                0x00000000000114c0                std::function<void (Serial::rx_message&)>::function()
                0x00000000000114c0                std::function<void (Serial::rx_message&)>::function()
 .text._ZNSt5arrayIhLj4EEixEj
                0x00000000000114f8       0x3c obj/default/serial/uart.o
                0x00000000000114f8                std::array<unsigned char, 4u>::operator[](unsigned int)
 .text._ZNKSt8functionIFvRN6Serial10rx_messageEEEclES2_
                0x0000000000011534       0x78 obj/default/serial/uart.o
                0x0000000000011534                std::function<void (Serial::rx_message&)>::operator()(Serial::rx_message&) const
 .text._ZNSt8functionIFvRN6Serial10rx_messageEEEaSERKS4_
                0x00000000000115ac       0x5c obj/default/serial/uart.o
                0x00000000000115ac                std::function<void (Serial::rx_message&)>::operator=(std::function<void (Serial::rx_message&)> const&)
 .text._ZNSt5arrayIhLj4EE5beginEv
                0x0000000000011608       0x30 obj/default/serial/uart.o
                0x0000000000011608                std::array<unsigned char, 4u>::begin()
 .text._ZNSt5arrayIhLj4EE3endEv
                0x0000000000011638       0x34 obj/default/serial/uart.o
                0x0000000000011638                std::array<unsigned char, 4u>::end()
 .text._ZSt4copyIPhS0_ET0_T_S2_S1_
                0x000000000001166c       0x5c obj/default/serial/uart.o
                0x000000000001166c                unsigned char* std::copy<unsigned char*, unsigned char*>(unsigned char*, unsigned char*, unsigned char*)
 .text._ZNSt14__array_traitsIhLj4EE6_S_refERA4_Khj
                0x00000000000116c8       0x30 obj/default/serial/uart.o
                0x00000000000116c8                std::__array_traits<unsigned char, 4u>::_S_ref(unsigned char const (&) [4], unsigned int)
 .text._ZNSt8functionIFvRN6Serial10rx_messageEEEC2ERKS4_
                0x00000000000116f8      0x140 obj/default/serial/uart.o
                0x00000000000116f8                std::function<void (Serial::rx_message&)>::function(std::function<void (Serial::rx_message&)> const&)
                0x00000000000116f8                std::function<void (Serial::rx_message&)>::function(std::function<void (Serial::rx_message&)> const&)
 .text._ZNSt8functionIFvRN6Serial10rx_messageEEE4swapERS4_
                0x0000000000011838       0x7c obj/default/serial/uart.o
                0x0000000000011838                std::function<void (Serial::rx_message&)>::swap(std::function<void (Serial::rx_message&)>&)
 .text._ZNSt5arrayIhLj4EE4dataEv
                0x00000000000118b4       0x34 obj/default/serial/uart.o
                0x00000000000118b4                std::array<unsigned char, 4u>::data()
 .text._ZSt12__miter_baseIPhET_S1_
                0x00000000000118e8       0x24 obj/default/serial/uart.o
                0x00000000000118e8                unsigned char* std::__miter_base<unsigned char*>(unsigned char*)
 .text._ZSt13__copy_move_aILb0EPhS0_ET1_T0_S2_S1_
                0x000000000001190c       0x88 obj/default/serial/uart.o
                0x000000000001190c                unsigned char* std::__copy_move_a<false, unsigned char*, unsigned char*>(unsigned char*, unsigned char*, unsigned char*)
 .text._ZNKSt8functionIFvRN6Serial10rx_messageEEEcvbEv
                0x0000000000011994       0x38 obj/default/serial/uart.o
                0x0000000000011994                std::function<void (Serial::rx_message&)>::operator bool() const
 .text._ZSt4moveIRSt9_Any_dataEONSt16remove_referenceIT_E4typeEOS3_
                0x00000000000119cc       0x24 obj/default/serial/uart.o
                0x00000000000119cc                std::remove_reference<std::_Any_data&>::type&& std::move<std::_Any_data&>(std::_Any_data&)
 .text._ZSt4swapISt9_Any_dataENSt9enable_ifIXsrSt6__and_IJSt6__not_ISt15__is_tuple_likeIT_EESt21is_move_constructibleIS5_ESt18is_move_assignableIS5_EEE5valueEvE4typeERS5_SF_
                0x00000000000119f0       0x8c obj/default/serial/uart.o
                0x00000000000119f0                std::enable_if<std::__and_<std::__not_<std::__is_tuple_like<std::_Any_data> >, std::is_move_constructible<std::_Any_data>, std::is_move_assignable<std::_Any_data> >::value, void>::type std::swap<std::_Any_data>(std::_Any_data&, std::_Any_data&)
 .text._ZSt4moveIRPFbRSt9_Any_dataRKS0_St18_Manager_operationEEONSt16remove_referenceIT_E4typeEOS9_
                0x0000000000011a7c       0x24 obj/default/serial/uart.o
                0x0000000000011a7c                std::remove_reference<bool (*&)(std::_Any_data&, std::_Any_data const&, std::_Manager_operation)>::type&& std::move<bool (*&)(std::_Any_data&, std::_Any_data const&, std::_Manager_operation)>(bool (*&)(std::_Any_data&, std::_Any_data const&, std::_Manager_operation))
 .text._ZSt4swapIPFbRSt9_Any_dataRKS0_St18_Manager_operationEENSt9enable_ifIXsrSt6__and_IJSt6__not_ISt15__is_tuple_likeIT_EESt21is_move_constructibleISB_ESt18is_move_assignableISB_EEE5valueEvE4typeERSB_SL_
                0x0000000000011aa0       0x6c obj/default/serial/uart.o
                0x0000000000011aa0                std::enable_if<std::__and_<std::__not_<std::__is_tuple_like<bool (*)(std::_Any_data&, std::_Any_data const&, std::_Manager_operation)> >, std::is_move_constructible<bool (*)(std::_Any_data&, std::_Any_data const&, std::_Manager_operation)>, std::is_move_assignable<bool (*)(std::_Any_data&, std::_Any_data const&, std::_Manager_operation)> >::value, void>::type std::swap<bool (*)(std::_Any_data&, std::_Any_data const&, std::_Manager_operation)>(bool (*&)(std::_Any_data&, std::_Any_data const&, std::_Manager_operation), bool (*&)(std::_Any_data&, std::_Any_data const&, std::_Manager_operation))
 .text._ZSt4moveIRPFvRKSt9_Any_dataRN6Serial10rx_messageEEEONSt16remove_referenceIT_E4typeEOSA_
                0x0000000000011b0c       0x24 obj/default/serial/uart.o
                0x0000000000011b0c                std::remove_reference<void (*&)(std::_Any_data const&, Serial::rx_message&)>::type&& std::move<void (*&)(std::_Any_data const&, Serial::rx_message&)>(void (*&)(std::_Any_data const&, Serial::rx_message&))
 .text._ZSt4swapIPFvRKSt9_Any_dataRN6Serial10rx_messageEEENSt9enable_ifIXsrSt6__and_IJSt6__not_ISt15__is_tuple_likeIT_EESt21is_move_constructibleISC_ESt18is_move_assignableISC_EEE5valueEvE4typeERSC_SM_
                0x0000000000011b30       0x6c obj/default/serial/uart.o
                0x0000000000011b30                std::enable_if<std::__and_<std::__not_<std::__is_tuple_like<void (*)(std::_Any_data const&, Serial::rx_message&)> >, std::is_move_constructible<void (*)(std::_Any_data const&, Serial::rx_message&)>, std::is_move_assignable<void (*)(std::_Any_data const&, Serial::rx_message&)> >::value, void>::type std::swap<void (*)(std::_Any_data const&, Serial::rx_message&)>(void (*&)(std::_Any_data const&, Serial::rx_message&), void (*&)(std::_Any_data const&, Serial::rx_message&))
 .text._ZNSt14__array_traitsIhLj4EE6_S_ptrERA4_Kh
                0x0000000000011b9c       0x24 obj/default/serial/uart.o
                0x0000000000011b9c                std::__array_traits<unsigned char, 4u>::_S_ptr(unsigned char const (&) [4])
 .text._ZSt12__niter_baseIPhET_S1_
                0x0000000000011bc0       0x24 obj/default/serial/uart.o
                0x0000000000011bc0                unsigned char* std::__niter_base<unsigned char*>(unsigned char*)
 .text._ZSt14__copy_move_a1ILb0EPhS0_ET1_T0_S2_S1_
                0x0000000000011be4       0x40 obj/default/serial/uart.o
                0x0000000000011be4                unsigned char* std::__copy_move_a1<false, unsigned char*, unsigned char*>(unsigned char*, unsigned char*, unsigned char*)
 .text._ZSt12__niter_wrapIPhET_RKS1_S1_
                0x0000000000011c24       0x28 obj/default/serial/uart.o
                0x0000000000011c24                unsigned char* std::__niter_wrap<unsigned char*>(unsigned char* const&, unsigned char*)
 .text._ZSt14__copy_move_a2ILb0EPhS0_ET1_T0_S2_S1_
                0x0000000000011c4c       0x40 obj/default/serial/uart.o
                0x0000000000011c4c                unsigned char* std::__copy_move_a2<false, unsigned char*, unsigned char*>(unsigned char*, unsigned char*, unsigned char*)
 .text._ZNSt11__copy_moveILb0ELb1ESt26random_access_iterator_tagE8__copy_mIhEEPT_PKS3_S6_S4_
                0x0000000000011c8c       0x68 obj/default/serial/uart.o
                0x0000000000011c8c                unsigned char* std::__copy_move<false, true, std::random_access_iterator_tag>::__copy_m<unsigned char>(unsigned char const*, unsigned char const*, unsigned char*)
 .text          0x0000000000011cf4        0x0 c:/development/quartus/nios2eds/bin/gnu/h-x86_64-mingw32/bin/../lib/gcc/nios2-elf/10.1.1/../../../../../H-x86_64-mingw32/nios2-elf/lib/mno-hw-mul\libstdc++.a(eh_personality.o)
 .text._ZL16get_adjusted_ptrPKSt9type_infoS1_PPv
                0x0000000000011cf4       0x90 c:/development/quartus/nios2eds/bin/gnu/h-x86_64-mingw32/bin/../lib/gcc/nios2-elf/10.1.1/../../../../../H-x86_64-mingw32/nios2-elf/lib/mno-hw-mul\libstdc++.a(eh_personality.o)
 .text._ZL28read_encoded_value_with_basehjPKhPj
                0x0000000000011d84      0x1e8 c:/development/quartus/nios2eds/bin/gnu/h-x86_64-mingw32/bin/../lib/gcc/nios2-elf/10.1.1/../../../../../H-x86_64-mingw32/nios2-elf/lib/mno-hw-mul\libstdc++.a(eh_personality.o)
 .text._ZL21base_of_encoded_valuehP15_Unwind_Context
                0x0000000000011f6c       0x70 c:/development/quartus/nios2eds/bin/gnu/h-x86_64-mingw32/bin/../lib/gcc/nios2-elf/10.1.1/../../../../../H-x86_64-mingw32/nios2-elf/lib/mno-hw-mul\libstdc++.a(eh_personality.o)
 .text._ZL17parse_lsda_headerP15_Unwind_ContextPKhP16lsda_header_info
                0x0000000000011fdc      0x12c c:/development/quartus/nios2eds/bin/gnu/h-x86_64-mingw32/bin/../lib/gcc/nios2-elf/10.1.1/../../../../../H-x86_64-mingw32/nios2-elf/lib/mno-hw-mul\libstdc++.a(eh_personality.o)
 .text._ZL20check_exception_specP16lsda_header_infoPKSt9type_infoPvl
                0x0000000000012108      0x110 c:/development/quartus/nios2eds/bin/gnu/h-x86_64-mingw32/bin/../lib/gcc/nios2-elf/10.1.1/../../../../../H-x86_64-mingw32/nios2-elf/lib/mno-hw-mul\libstdc++.a(eh_personality.o)
 .text.__gxx_personality_sj0
                0x0000000000012218      0x698 c:/development/quartus/nios2eds/bin/gnu/h-x86_64-mingw32/bin/../lib/gcc/nios2-elf/10.1.1/../../../../../H-x86_64-mingw32/nios2-elf/lib/mno-hw-mul\libstdc++.a(eh_personality.o)
                0x0000000000012218                __gxx_personality_sj0
 .text.__cxa_call_unexpected
                0x00000000000128b0      0x17c c:/development/quartus/nios2eds/bin/gnu/h-x86_64-mingw32/bin/../lib/gcc/nios2-elf/10.1.1/../../../../../H-x86_64-mingw32/nios2-elf/lib/mno-hw-mul\libstdc++.a(eh_personality.o)
                0x00000000000128b0                __cxa_call_unexpected
 .text          0x0000000000012a2c        0x0 c:/development/quartus/nios2eds/bin/gnu/h-x86_64-mingw32/bin/../lib/gcc/nios2-elf/10.1.1/../../../../../H-x86_64-mingw32/nios2-elf/lib/mno-hw-mul\libstdc++.a(eh_terminate.o)
 .text._ZN10__cxxabiv111__terminateEPFvvE
                0x0000000000012a2c       0xc8 c:/development/quartus/nios2eds/bin/gnu/h-x86_64-mingw32/bin/../lib/gcc/nios2-elf/10.1.1/../../../../../H-x86_64-mingw32/nios2-elf/lib/mno-hw-mul\libstdc++.a(eh_terminate.o)
                0x0000000000012a2c                __cxxabiv1::__terminate(void (*)())
 .text._ZSt9terminatev
                0x0000000000012af4       0x14 c:/development/quartus/nios2eds/bin/gnu/h-x86_64-mingw32/bin/../lib/gcc/nios2-elf/10.1.1/../../../../../H-x86_64-mingw32/nios2-elf/lib/mno-hw-mul\libstdc++.a(eh_terminate.o)
                0x0000000000012af4                std::terminate()
 .text._ZN10__cxxabiv112__unexpectedEPFvvE
                0x0000000000012b08       0x10 c:/development/quartus/nios2eds/bin/gnu/h-x86_64-mingw32/bin/../lib/gcc/nios2-elf/10.1.1/../../../../../H-x86_64-mingw32/nios2-elf/lib/mno-hw-mul\libstdc++.a(eh_terminate.o)
                0x0000000000012b08                __cxxabiv1::__unexpected(void (*)())
 .text._ZSt10unexpectedv
                0x0000000000012b18       0x14 c:/development/quartus/nios2eds/bin/gnu/h-x86_64-mingw32/bin/../lib/gcc/nios2-elf/10.1.1/../../../../../H-x86_64-mingw32/nios2-elf/lib/mno-hw-mul\libstdc++.a(eh_terminate.o)
                0x0000000000012b18                std::unexpected()
 .text._ZSt13set_terminatePFvvE
                0x0000000000012b2c       0x24 c:/development/quartus/nios2eds/bin/gnu/h-x86_64-mingw32/bin/../lib/gcc/nios2-elf/10.1.1/../../../../../H-x86_64-mingw32/nios2-elf/lib/mno-hw-mul\libstdc++.a(eh_terminate.o)
                0x0000000000012b2c                std::set_terminate(void (*)())
 .text._ZSt13get_terminatev
                0x0000000000012b50        0xc c:/development/quartus/nios2eds/bin/gnu/h-x86_64-mingw32/bin/../lib/gcc/nios2-elf/10.1.1/../../../../../H-x86_64-mingw32/nios2-elf/lib/mno-hw-mul\libstdc++.a(eh_terminate.o)
                0x0000000000012b50                std::get_terminate()
 .text._ZSt14set_unexpectedPFvvE
                0x0000000000012b5c       0x24 c:/development/quartus/nios2eds/bin/gnu/h-x86_64-mingw32/bin/../lib/gcc/nios2-elf/10.1.1/../../../../../H-x86_64-mingw32/nios2-elf/lib/mno-hw-mul\libstdc++.a(eh_terminate.o)
                0x0000000000012b5c                std::set_unexpected(void (*)())
 .text._ZSt14get_unexpectedv
                0x0000000000012b80        0xc c:/development/quartus/nios2eds/bin/gnu/h-x86_64-mingw32/bin/../lib/gcc/nios2-elf/10.1.1/../../../../../H-x86_64-mingw32/nios2-elf/lib/mno-hw-mul\libstdc++.a(eh_terminate.o)
                0x0000000000012b80                std::get_unexpected()
 .text          0x0000000000012b8c        0x0 c:/development/quartus/nios2eds/bin/gnu/h-x86_64-mingw32/bin/../lib/gcc/nios2-elf/10.1.1/../../../../../H-x86_64-mingw32/nios2-elf/lib/mno-hw-mul\libstdc++.a(eh_throw.o)
 .text._ZL23__gxx_exception_cleanup19_Unwind_Reason_CodeP17_Unwind_Exception
                0x0000000000012b8c       0x68 c:/development/quartus/nios2eds/bin/gnu/h-x86_64-mingw32/bin/../lib/gcc/nios2-elf/10.1.1/../../../../../H-x86_64-mingw32/nios2-elf/lib/mno-hw-mul\libstdc++.a(eh_throw.o)
 .text.__cxa_init_primary_exception
                0x0000000000012bf4       0x64 c:/development/quartus/nios2eds/bin/gnu/h-x86_64-mingw32/bin/../lib/gcc/nios2-elf/10.1.1/../../../../../H-x86_64-mingw32/nios2-elf/lib/mno-hw-mul\libstdc++.a(eh_throw.o)
                0x0000000000012bf4                __cxa_init_primary_exception
 .text.__cxa_throw
                0x0000000000012c58       0x60 c:/development/quartus/nios2eds/bin/gnu/h-x86_64-mingw32/bin/../lib/gcc/nios2-elf/10.1.1/../../../../../H-x86_64-mingw32/nios2-elf/lib/mno-hw-mul\libstdc++.a(eh_throw.o)
                0x0000000000012c58                __cxa_throw
 .text.__cxa_rethrow
                0x0000000000012cb8       0x84 c:/development/quartus/nios2eds/bin/gnu/h-x86_64-mingw32/bin/../lib/gcc/nios2-elf/10.1.1/../../../../../H-x86_64-mingw32/nios2-elf/lib/mno-hw-mul\libstdc++.a(eh_throw.o)
                0x0000000000012cb8                __cxa_rethrow
 .text          0x0000000000012d3c        0x0 c:/development/quartus/nios2eds/bin/gnu/h-x86_64-mingw32/bin/../lib/gcc/nios2-elf/10.1.1/../../../../../H-x86_64-mingw32/nios2-elf/lib/mno-hw-mul\libstdc++.a(eh_unex_handler.o)
 .text          0x0000000000012d3c        0x0 c:/development/quartus/nios2eds/bin/gnu/h-x86_64-mingw32/bin/../lib/gcc/nios2-elf/10.1.1/../../../../../H-x86_64-mingw32/nios2-elf/lib/mno-hw-mul\libstdc++.a(function_type_info.o)
 .text._ZNK10__cxxabiv120__function_type_info15__is_function_pEv
                0x0000000000012d3c        0x8 c:/development/quartus/nios2eds/bin/gnu/h-x86_64-mingw32/bin/../lib/gcc/nios2-elf/10.1.1/../../../../../H-x86_64-mingw32/nios2-elf/lib/mno-hw-mul\libstdc++.a(function_type_info.o)
                0x0000000000012d3c                __cxxabiv1::__function_type_info::__is_function_p() const
 .text._ZN10__cxxabiv120__function_type_infoD2Ev
                0x0000000000012d44       0x10 c:/development/quartus/nios2eds/bin/gnu/h-x86_64-mingw32/bin/../lib/gcc/nios2-elf/10.1.1/../../../../../H-x86_64-mingw32/nios2-elf/lib/mno-hw-mul\libstdc++.a(function_type_info.o)
                0x0000000000012d44                __cxxabiv1::__function_type_info::~__function_type_info()
                0x0000000000012d44                __cxxabiv1::__function_type_info::~__function_type_info()
 .text._ZN10__cxxabiv120__function_type_infoD0Ev
                0x0000000000012d54       0x38 c:/development/quartus/nios2eds/bin/gnu/h-x86_64-mingw32/bin/../lib/gcc/nios2-elf/10.1.1/../../../../../H-x86_64-mingw32/nios2-elf/lib/mno-hw-mul\libstdc++.a(function_type_info.o)
                0x0000000000012d54                __cxxabiv1::__function_type_info::~__function_type_info()
 .text          0x0000000000012d8c        0x0 c:/development/quartus/nios2eds/bin/gnu/h-x86_64-mingw32/bin/../lib/gcc/nios2-elf/10.1.1/../../../../../H-x86_64-mingw32/nios2-elf/lib/mno-hw-mul\libstdc++.a(pointer_type_info.o)
 .text._ZNK10__cxxabiv119__pointer_type_info14__is_pointer_pEv
                0x0000000000012d8c        0x8 c:/development/quartus/nios2eds/bin/gnu/h-x86_64-mingw32/bin/../lib/gcc/nios2-elf/10.1.1/../../../../../H-x86_64-mingw32/nios2-elf/lib/mno-hw-mul\libstdc++.a(pointer_type_info.o)
                0x0000000000012d8c                __cxxabiv1::__pointer_type_info::__is_pointer_p() const
 .text._ZN10__cxxabiv119__pointer_type_infoD2Ev
                0x0000000000012d94       0x10 c:/development/quartus/nios2eds/bin/gnu/h-x86_64-mingw32/bin/../lib/gcc/nios2-elf/10.1.1/../../../../../H-x86_64-mingw32/nios2-elf/lib/mno-hw-mul\libstdc++.a(pointer_type_info.o)
                0x0000000000012d94                __cxxabiv1::__pointer_type_info::~__pointer_type_info()
                0x0000000000012d94                __cxxabiv1::__pointer_type_info::~__pointer_type_info()
 .text._ZN10__cxxabiv119__pointer_type_infoD0Ev
                0x0000000000012da4       0x38 c:/development/quartus/nios2eds/bin/gnu/h-x86_64-mingw32/bin/../lib/gcc/nios2-elf/10.1.1/../../../../../H-x86_64-mingw32/nios2-elf/lib/mno-hw-mul\libstdc++.a(pointer_type_info.o)
                0x0000000000012da4                __cxxabiv1::__pointer_type_info::~__pointer_type_info()
 .text._ZNK10__cxxabiv119__pointer_type_info15__pointer_catchEPKNS_17__pbase_type_infoEPPvj
                0x0000000000012ddc       0xa4 c:/development/quartus/nios2eds/bin/gnu/h-x86_64-mingw32/bin/../lib/gcc/nios2-elf/10.1.1/../../../../../H-x86_64-mingw32/nios2-elf/lib/mno-hw-mul\libstdc++.a(pointer_type_info.o)
                0x0000000000012ddc                __cxxabiv1::__pointer_type_info::__pointer_catch(__cxxabiv1::__pbase_type_info const*, void**, unsigned int) const
 .text          0x0000000000012e80        0x0 c:/development/quartus/nios2eds/bin/gnu/h-x86_64-mingw32/bin/../lib/gcc/nios2-elf/10.1.1/../../../../../H-x86_64-mingw32/nios2-elf/lib/mno-hw-mul\libstdc++.a(si_class_type_info.o)
 .text._ZN10__cxxabiv120__si_class_type_infoD2Ev
                0x0000000000012e80       0x10 c:/development/quartus/nios2eds/bin/gnu/h-x86_64-mingw32/bin/../lib/gcc/nios2-elf/10.1.1/../../../../../H-x86_64-mingw32/nios2-elf/lib/mno-hw-mul\libstdc++.a(si_class_type_info.o)
                0x0000000000012e80                __cxxabiv1::__si_class_type_info::~__si_class_type_info()
                0x0000000000012e80                __cxxabiv1::__si_class_type_info::~__si_class_type_info()
 .text._ZN10__cxxabiv120__si_class_type_infoD0Ev
                0x0000000000012e90       0x38 c:/development/quartus/nios2eds/bin/gnu/h-x86_64-mingw32/bin/../lib/gcc/nios2-elf/10.1.1/../../../../../H-x86_64-mingw32/nios2-elf/lib/mno-hw-mul\libstdc++.a(si_class_type_info.o)
                0x0000000000012e90                __cxxabiv1::__si_class_type_info::~__si_class_type_info()
 .text._ZNK10__cxxabiv120__si_class_type_info12__do_dyncastEiNS_17__class_type_info10__sub_kindEPKS1_PKvS4_S6_RNS1_16__dyncast_resultE
                0x0000000000012ec8      0x160 c:/development/quartus/nios2eds/bin/gnu/h-x86_64-mingw32/bin/../lib/gcc/nios2-elf/10.1.1/../../../../../H-x86_64-mingw32/nios2-elf/lib/mno-hw-mul\libstdc++.a(si_class_type_info.o)
                0x0000000000012ec8                __cxxabiv1::__si_class_type_info::__do_dyncast(int, __cxxabiv1::__class_type_info::__sub_kind, __cxxabiv1::__class_type_info const*, void const*, __cxxabiv1::__class_type_info const*, void const*, __cxxabiv1::__class_type_info::__dyncast_result&) const
 .text._ZNK10__cxxabiv120__si_class_type_info20__do_find_public_srcEiPKvPKNS_17__class_type_infoES2_
                0x0000000000013028       0x9c c:/development/quartus/nios2eds/bin/gnu/h-x86_64-mingw32/bin/../lib/gcc/nios2-elf/10.1.1/../../../../../H-x86_64-mingw32/nios2-elf/lib/mno-hw-mul\libstdc++.a(si_class_type_info.o)
                0x0000000000013028                __cxxabiv1::__si_class_type_info::__do_find_public_src(int, void const*, __cxxabiv1::__class_type_info const*, void const*) const
 .text._ZNK10__cxxabiv120__si_class_type_info11__do_upcastEPKNS_17__class_type_infoEPKvRNS1_15__upcast_resultE
                0x00000000000130c4       0x84 c:/development/quartus/nios2eds/bin/gnu/h-x86_64-mingw32/bin/../lib/gcc/nios2-elf/10.1.1/../../../../../H-x86_64-mingw32/nios2-elf/lib/mno-hw-mul\libstdc++.a(si_class_type_info.o)
                0x00000000000130c4                __cxxabiv1::__si_class_type_info::__do_upcast(__cxxabiv1::__class_type_info const*, void const*, __cxxabiv1::__class_type_info::__upcast_result&) const
 .text          0x0000000000013148        0x0 c:/development/quartus/nios2eds/bin/gnu/h-x86_64-mingw32/bin/../lib/gcc/nios2-elf/10.1.1/../../../../../H-x86_64-mingw32/nios2-elf/lib/mno-hw-mul\libstdc++.a(tinfo.o)
 .text._ZNSt9type_infoD2Ev
                0x0000000000013148        0x4 c:/development/quartus/nios2eds/bin/gnu/h-x86_64-mingw32/bin/../lib/gcc/nios2-elf/10.1.1/../../../../../H-x86_64-mingw32/nios2-elf/lib/mno-hw-mul\libstdc++.a(tinfo.o)
                0x0000000000013148                std::type_info::~type_info()
                0x0000000000013148                std::type_info::~type_info()
 .text._ZNKSt9type_info14__is_pointer_pEv
                0x000000000001314c        0x8 c:/development/quartus/nios2eds/bin/gnu/h-x86_64-mingw32/bin/../lib/gcc/nios2-elf/10.1.1/../../../../../H-x86_64-mingw32/nios2-elf/lib/mno-hw-mul\libstdc++.a(tinfo.o)
                0x000000000001314c                std::type_info::__is_pointer_p() const
                0x000000000001314c                std::type_info::__is_function_p() const
 .text._ZNKSt9type_info11__do_upcastEPKN10__cxxabiv117__class_type_infoEPPv
                0x0000000000013154        0x8 c:/development/quartus/nios2eds/bin/gnu/h-x86_64-mingw32/bin/../lib/gcc/nios2-elf/10.1.1/../../../../../H-x86_64-mingw32/nios2-elf/lib/mno-hw-mul\libstdc++.a(tinfo.o)
                0x0000000000013154                std::type_info::__do_upcast(__cxxabiv1::__class_type_info const*, void**) const
 .text._ZNSt9type_infoD0Ev
                0x000000000001315c        0x8 c:/development/quartus/nios2eds/bin/gnu/h-x86_64-mingw32/bin/../lib/gcc/nios2-elf/10.1.1/../../../../../H-x86_64-mingw32/nios2-elf/lib/mno-hw-mul\libstdc++.a(tinfo.o)
                0x000000000001315c                std::type_info::~type_info()
 .text._ZNKSt9type_info10__do_catchEPKS_PPvj
                0x0000000000013164       0x44 c:/development/quartus/nios2eds/bin/gnu/h-x86_64-mingw32/bin/../lib/gcc/nios2-elf/10.1.1/../../../../../H-x86_64-mingw32/nios2-elf/lib/mno-hw-mul\libstdc++.a(tinfo.o)
                0x0000000000013164                std::type_info::__do_catch(std::type_info const*, void**, unsigned int) const
 .text          0x00000000000131a8        0x0 c:/development/quartus/nios2eds/bin/gnu/h-x86_64-mingw32/bin/../lib/gcc/nios2-elf/10.1.1/../../../../../H-x86_64-mingw32/nios2-elf/lib/mno-hw-mul\libstdc++.a(functional.o)
 .text._ZNKSt17bad_function_call4whatEv
                0x00000000000131a8        0xc c:/development/quartus/nios2eds/bin/gnu/h-x86_64-mingw32/bin/../lib/gcc/nios2-elf/10.1.1/../../../../../H-x86_64-mingw32/nios2-elf/lib/mno-hw-mul\libstdc++.a(functional.o)
                0x00000000000131a8                std::bad_function_call::what() const
 .text._ZNSt17bad_function_callD2Ev
                0x00000000000131b4       0x10 c:/development/quartus/nios2eds/bin/gnu/h-x86_64-mingw32/bin/../lib/gcc/nios2-elf/10.1.1/../../../../../H-x86_64-mingw32/nios2-elf/lib/mno-hw-mul\libstdc++.a(functional.o)
                0x00000000000131b4                std::bad_function_call::~bad_function_call()
                0x00000000000131b4                std::bad_function_call::~bad_function_call()
 .text._ZNSt17bad_function_callD0Ev
                0x00000000000131c4       0x34 c:/development/quartus/nios2eds/bin/gnu/h-x86_64-mingw32/bin/../lib/gcc/nios2-elf/10.1.1/../../../../../H-x86_64-mingw32/nios2-elf/lib/mno-hw-mul\libstdc++.a(functional.o)
                0x00000000000131c4                std::bad_function_call::~bad_function_call()
 .text.unlikely._ZSt25__throw_bad_function_callv
                0x00000000000131f8       0x34 c:/development/quartus/nios2eds/bin/gnu/h-x86_64-mingw32/bin/../lib/gcc/nios2-elf/10.1.1/../../../../../H-x86_64-mingw32/nios2-elf/lib/mno-hw-mul\libstdc++.a(functional.o)
                0x00000000000131f8                std::__throw_bad_function_call()
 .text          0x000000000001322c        0x0 c:/development/quartus/nios2eds/bin/gnu/h-x86_64-mingw32/bin/../lib/gcc/nios2-elf/10.1.1/../../../../../H-x86_64-mingw32/nios2-elf/lib/mno-hw-mul\libstdc++.a(class_type_info.o)
 .text._ZNK10__cxxabiv117__class_type_info11__do_upcastEPKS0_PPv
                0x000000000001322c       0x78 c:/development/quartus/nios2eds/bin/gnu/h-x86_64-mingw32/bin/../lib/gcc/nios2-elf/10.1.1/../../../../../H-x86_64-mingw32/nios2-elf/lib/mno-hw-mul\libstdc++.a(class_type_info.o)
                0x000000000001322c                __cxxabiv1::__class_type_info::__do_upcast(__cxxabiv1::__class_type_info const*, void**) const
 .text._ZNK10__cxxabiv117__class_type_info20__do_find_public_srcEiPKvPKS0_S2_
                0x00000000000132a4       0x18 c:/development/quartus/nios2eds/bin/gnu/h-x86_64-mingw32/bin/../lib/gcc/nios2-elf/10.1.1/../../../../../H-x86_64-mingw32/nios2-elf/lib/mno-hw-mul\libstdc++.a(class_type_info.o)
                0x00000000000132a4                __cxxabiv1::__class_type_info::__do_find_public_src(int, void const*, __cxxabiv1::__class_type_info const*, void const*) const
 .text._ZN10__cxxabiv117__class_type_infoD2Ev
                0x00000000000132bc       0x10 c:/development/quartus/nios2eds/bin/gnu/h-x86_64-mingw32/bin/../lib/gcc/nios2-elf/10.1.1/../../../../../H-x86_64-mingw32/nios2-elf/lib/mno-hw-mul\libstdc++.a(class_type_info.o)
                0x00000000000132bc                __cxxabiv1::__class_type_info::~__class_type_info()
                0x00000000000132bc                __cxxabiv1::__class_type_info::~__class_type_info()
 .text._ZN10__cxxabiv117__class_type_infoD0Ev
                0x00000000000132cc       0x38 c:/development/quartus/nios2eds/bin/gnu/h-x86_64-mingw32/bin/../lib/gcc/nios2-elf/10.1.1/../../../../../H-x86_64-mingw32/nios2-elf/lib/mno-hw-mul\libstdc++.a(class_type_info.o)
                0x00000000000132cc                __cxxabiv1::__class_type_info::~__class_type_info()
 .text._ZNK10__cxxabiv117__class_type_info11__do_upcastEPKS0_PKvRNS0_15__upcast_resultE
                0x0000000000013304       0x6c c:/development/quartus/nios2eds/bin/gnu/h-x86_64-mingw32/bin/../lib/gcc/nios2-elf/10.1.1/../../../../../H-x86_64-mingw32/nios2-elf/lib/mno-hw-mul\libstdc++.a(class_type_info.o)
                0x0000000000013304                __cxxabiv1::__class_type_info::__do_upcast(__cxxabiv1::__class_type_info const*, void const*, __cxxabiv1::__class_type_info::__upcast_result&) const
 .text._ZNK10__cxxabiv117__class_type_info10__do_catchEPKSt9type_infoPPvj
                0x0000000000013370       0x9c c:/development/quartus/nios2eds/bin/gnu/h-x86_64-mingw32/bin/../lib/gcc/nios2-elf/10.1.1/../../../../../H-x86_64-mingw32/nios2-elf/lib/mno-hw-mul\libstdc++.a(class_type_info.o)
                0x0000000000013370                __cxxabiv1::__class_type_info::__do_catch(std::type_info const*, void**, unsigned int) const
 .text._ZNK10__cxxabiv117__class_type_info12__do_dyncastEiNS0_10__sub_kindEPKS0_PKvS3_S5_RNS0_16__dyncast_resultE
                0x000000000001340c       0xc4 c:/development/quartus/nios2eds/bin/gnu/h-x86_64-mingw32/bin/../lib/gcc/nios2-elf/10.1.1/../../../../../H-x86_64-mingw32/nios2-elf/lib/mno-hw-mul\libstdc++.a(class_type_info.o)
                0x000000000001340c                __cxxabiv1::__class_type_info::__do_dyncast(int, __cxxabiv1::__class_type_info::__sub_kind, __cxxabiv1::__class_type_info const*, void const*, __cxxabiv1::__class_type_info const*, void const*, __cxxabiv1::__class_type_info::__dyncast_result&) const
 .text          0x00000000000134d0        0x0 c:/development/quartus/nios2eds/bin/gnu/h-x86_64-mingw32/bin/../lib/gcc/nios2-elf/10.1.1/../../../../../H-x86_64-mingw32/nios2-elf/lib/mno-hw-mul\libstdc++.a(del_op.o)
 .text._ZdlPv   0x00000000000134d0        0x4 c:/development/quartus/nios2eds/bin/gnu/h-x86_64-mingw32/bin/../lib/gcc/nios2-elf/10.1.1/../../../../../H-x86_64-mingw32/nios2-elf/lib/mno-hw-mul\libstdc++.a(del_op.o)
                0x00000000000134d0                operator delete(void*)
 .text          0x00000000000134d4        0x0 c:/development/quartus/nios2eds/bin/gnu/h-x86_64-mingw32/bin/../lib/gcc/nios2-elf/10.1.1/../../../../../H-x86_64-mingw32/nios2-elf/lib/mno-hw-mul\libstdc++.a(del_ops.o)
 .text._ZdlPvj  0x00000000000134d4        0x4 c:/development/quartus/nios2eds/bin/gnu/h-x86_64-mingw32/bin/../lib/gcc/nios2-elf/10.1.1/../../../../../H-x86_64-mingw32/nios2-elf/lib/mno-hw-mul\libstdc++.a(del_ops.o)
                0x00000000000134d4                operator delete(void*, unsigned int)
 .text          0x00000000000134d8        0x0 c:/development/quartus/nios2eds/bin/gnu/h-x86_64-mingw32/bin/../lib/gcc/nios2-elf/10.1.1/../../../../../H-x86_64-mingw32/nios2-elf/lib/mno-hw-mul\libstdc++.a(eh_alloc.o)
 .text._ZN12_GLOBAL__N_14pool4freeEPv.constprop.0
                0x00000000000134d8       0xcc c:/development/quartus/nios2eds/bin/gnu/h-x86_64-mingw32/bin/../lib/gcc/nios2-elf/10.1.1/../../../../../H-x86_64-mingw32/nios2-elf/lib/mno-hw-mul\libstdc++.a(eh_alloc.o)
 .text._ZN12_GLOBAL__N_14pool8allocateEj.constprop.0
                0x00000000000135a4       0x90 c:/development/quartus/nios2eds/bin/gnu/h-x86_64-mingw32/bin/../lib/gcc/nios2-elf/10.1.1/../../../../../H-x86_64-mingw32/nios2-elf/lib/mno-hw-mul\libstdc++.a(eh_alloc.o)
 .text._ZN9__gnu_cxx9__freeresEv
                0x0000000000013634       0x30 c:/development/quartus/nios2eds/bin/gnu/h-x86_64-mingw32/bin/../lib/gcc/nios2-elf/10.1.1/../../../../../H-x86_64-mingw32/nios2-elf/lib/mno-hw-mul\libstdc++.a(eh_alloc.o)
                0x0000000000013634                __gnu_cxx::__freeres()
 .text.__cxa_allocate_exception
                0x0000000000013664       0x58 c:/development/quartus/nios2eds/bin/gnu/h-x86_64-mingw32/bin/../lib/gcc/nios2-elf/10.1.1/../../../../../H-x86_64-mingw32/nios2-elf/lib/mno-hw-mul\libstdc++.a(eh_alloc.o)
                0x0000000000013664                __cxa_allocate_exception
 .text.__cxa_free_exception
                0x00000000000136bc       0x28 c:/development/quartus/nios2eds/bin/gnu/h-x86_64-mingw32/bin/../lib/gcc/nios2-elf/10.1.1/../../../../../H-x86_64-mingw32/nios2-elf/lib/mno-hw-mul\libstdc++.a(eh_alloc.o)
                0x00000000000136bc                __cxa_free_exception
 .text.__cxa_allocate_dependent_exception
                0x00000000000136e4       0x44 c:/development/quartus/nios2eds/bin/gnu/h-x86_64-mingw32/bin/../lib/gcc/nios2-elf/10.1.1/../../../../../H-x86_64-mingw32/nios2-elf/lib/mno-hw-mul\libstdc++.a(eh_alloc.o)
                0x00000000000136e4                __cxa_allocate_dependent_exception
 .text.__cxa_free_dependent_exception
                0x0000000000013728       0x2c c:/development/quartus/nios2eds/bin/gnu/h-x86_64-mingw32/bin/../lib/gcc/nios2-elf/10.1.1/../../../../../H-x86_64-mingw32/nios2-elf/lib/mno-hw-mul\libstdc++.a(eh_alloc.o)
                0x0000000000013728                __cxa_free_dependent_exception
 .text.startup._GLOBAL__sub_I__ZN9__gnu_cxx9__freeresEv
                0x0000000000013754       0x64 c:/development/quartus/nios2eds/bin/gnu/h-x86_64-mingw32/bin/../lib/gcc/nios2-elf/10.1.1/../../../../../H-x86_64-mingw32/nios2-elf/lib/mno-hw-mul\libstdc++.a(eh_alloc.o)
 .text          0x00000000000137b8        0x0 c:/development/quartus/nios2eds/bin/gnu/h-x86_64-mingw32/bin/../lib/gcc/nios2-elf/10.1.1/../../../../../H-x86_64-mingw32/nios2-elf/lib/mno-hw-mul\libstdc++.a(eh_call.o)
 .text.__cxa_call_terminate
                0x00000000000137b8       0x58 c:/development/quartus/nios2eds/bin/gnu/h-x86_64-mingw32/bin/../lib/gcc/nios2-elf/10.1.1/../../../../../H-x86_64-mingw32/nios2-elf/lib/mno-hw-mul\libstdc++.a(eh_call.o)
                0x00000000000137b8                __cxa_call_terminate
 .text          0x0000000000013810        0x0 c:/development/quartus/nios2eds/bin/gnu/h-x86_64-mingw32/bin/../lib/gcc/nios2-elf/10.1.1/../../../../../H-x86_64-mingw32/nios2-elf/lib/mno-hw-mul\libstdc++.a(eh_catch.o)
 .text.__cxa_get_exception_ptr
                0x0000000000013810        0x8 c:/development/quartus/nios2eds/bin/gnu/h-x86_64-mingw32/bin/../lib/gcc/nios2-elf/10.1.1/../../../../../H-x86_64-mingw32/nios2-elf/lib/mno-hw-mul\libstdc++.a(eh_catch.o)
                0x0000000000013810                __cxa_get_exception_ptr
 .text.__cxa_begin_catch
                0x0000000000013818       0xb8 c:/development/quartus/nios2eds/bin/gnu/h-x86_64-mingw32/bin/../lib/gcc/nios2-elf/10.1.1/../../../../../H-x86_64-mingw32/nios2-elf/lib/mno-hw-mul\libstdc++.a(eh_catch.o)
                0x0000000000013818                __cxa_begin_catch
 .text.__cxa_end_catch
                0x00000000000138d0       0xb4 c:/development/quartus/nios2eds/bin/gnu/h-x86_64-mingw32/bin/../lib/gcc/nios2-elf/10.1.1/../../../../../H-x86_64-mingw32/nios2-elf/lib/mno-hw-mul\libstdc++.a(eh_catch.o)
                0x00000000000138d0                __cxa_end_catch
 .text._ZSt18uncaught_exceptionv
                0x0000000000013984       0x20 c:/development/quartus/nios2eds/bin/gnu/h-x86_64-mingw32/bin/../lib/gcc/nios2-elf/10.1.1/../../../../../H-x86_64-mingw32/nios2-elf/lib/mno-hw-mul\libstdc++.a(eh_catch.o)
                0x0000000000013984                std::uncaught_exception()
 .text._ZSt19uncaught_exceptionsv
                0x00000000000139a4       0x1c c:/development/quartus/nios2eds/bin/gnu/h-x86_64-mingw32/bin/../lib/gcc/nios2-elf/10.1.1/../../../../../H-x86_64-mingw32/nios2-elf/lib/mno-hw-mul\libstdc++.a(eh_catch.o)
                0x00000000000139a4                std::uncaught_exceptions()
 .text          0x00000000000139c0        0x0 c:/development/quartus/nios2eds/bin/gnu/h-x86_64-mingw32/bin/../lib/gcc/nios2-elf/10.1.1/../../../../../H-x86_64-mingw32/nios2-elf/lib/mno-hw-mul\libstdc++.a(eh_exception.o)
 .text._ZNSt9exceptionD2Ev
                0x00000000000139c0        0x4 c:/development/quartus/nios2eds/bin/gnu/h-x86_64-mingw32/bin/../lib/gcc/nios2-elf/10.1.1/../../../../../H-x86_64-mingw32/nios2-elf/lib/mno-hw-mul\libstdc++.a(eh_exception.o)
                0x00000000000139c0                std::exception::~exception()
                0x00000000000139c0                std::exception::~exception()
 .text._ZNSt13bad_exceptionD2Ev
                0x00000000000139c4        0x4 c:/development/quartus/nios2eds/bin/gnu/h-x86_64-mingw32/bin/../lib/gcc/nios2-elf/10.1.1/../../../../../H-x86_64-mingw32/nios2-elf/lib/mno-hw-mul\libstdc++.a(eh_exception.o)
                0x00000000000139c4                std::bad_exception::~bad_exception()
                0x00000000000139c4                std::bad_exception::~bad_exception()
 .text._ZNKSt9exception4whatEv
                0x00000000000139c8        0xc c:/development/quartus/nios2eds/bin/gnu/h-x86_64-mingw32/bin/../lib/gcc/nios2-elf/10.1.1/../../../../../H-x86_64-mingw32/nios2-elf/lib/mno-hw-mul\libstdc++.a(eh_exception.o)
                0x00000000000139c8                std::exception::what() const
                0x00000000000139c8                transaction clone for std::exception::what() const
 .text._ZNKSt13bad_exception4whatEv
                0x00000000000139d4        0xc c:/development/quartus/nios2eds/bin/gnu/h-x86_64-mingw32/bin/../lib/gcc/nios2-elf/10.1.1/../../../../../H-x86_64-mingw32/nios2-elf/lib/mno-hw-mul\libstdc++.a(eh_exception.o)
                0x00000000000139d4                std::bad_exception::what() const
                0x00000000000139d4                transaction clone for std::bad_exception::what() const
 .text._ZNSt9exceptionD0Ev
                0x00000000000139e0        0x8 c:/development/quartus/nios2eds/bin/gnu/h-x86_64-mingw32/bin/../lib/gcc/nios2-elf/10.1.1/../../../../../H-x86_64-mingw32/nios2-elf/lib/mno-hw-mul\libstdc++.a(eh_exception.o)
                0x00000000000139e0                std::exception::~exception()
 .text._ZNSt13bad_exceptionD0Ev
                0x00000000000139e8        0x8 c:/development/quartus/nios2eds/bin/gnu/h-x86_64-mingw32/bin/../lib/gcc/nios2-elf/10.1.1/../../../../../H-x86_64-mingw32/nios2-elf/lib/mno-hw-mul\libstdc++.a(eh_exception.o)
                0x00000000000139e8                std::bad_exception::~bad_exception()
 .text._ZN10__cxxabiv115__forced_unwindD2Ev
                0x00000000000139f0        0x4 c:/development/quartus/nios2eds/bin/gnu/h-x86_64-mingw32/bin/../lib/gcc/nios2-elf/10.1.1/../../../../../H-x86_64-mingw32/nios2-elf/lib/mno-hw-mul\libstdc++.a(eh_exception.o)
                0x00000000000139f0                __cxxabiv1::__forced_unwind::~__forced_unwind()
                0x00000000000139f0                __cxxabiv1::__forced_unwind::~__forced_unwind()
 .text._ZN10__cxxabiv115__forced_unwindD0Ev
                0x00000000000139f4        0x8 c:/development/quartus/nios2eds/bin/gnu/h-x86_64-mingw32/bin/../lib/gcc/nios2-elf/10.1.1/../../../../../H-x86_64-mingw32/nios2-elf/lib/mno-hw-mul\libstdc++.a(eh_exception.o)
                0x00000000000139f4                __cxxabiv1::__forced_unwind::~__forced_unwind()
 .text._ZN10__cxxabiv119__foreign_exceptionD2Ev
                0x00000000000139fc        0x4 c:/development/quartus/nios2eds/bin/gnu/h-x86_64-mingw32/bin/../lib/gcc/nios2-elf/10.1.1/../../../../../H-x86_64-mingw32/nios2-elf/lib/mno-hw-mul\libstdc++.a(eh_exception.o)
                0x00000000000139fc                __cxxabiv1::__foreign_exception::~__foreign_exception()
                0x00000000000139fc                __cxxabiv1::__foreign_exception::~__foreign_exception()
 .text._ZN10__cxxabiv119__foreign_exceptionD0Ev
                0x0000000000013a00        0x8 c:/development/quartus/nios2eds/bin/gnu/h-x86_64-mingw32/bin/../lib/gcc/nios2-elf/10.1.1/../../../../../H-x86_64-mingw32/nios2-elf/lib/mno-hw-mul\libstdc++.a(eh_exception.o)
                0x0000000000013a00                __cxxabiv1::__foreign_exception::~__foreign_exception()
 .text._ZGTtNKSt9exceptionD1Ev
                0x0000000000013a08        0x4 c:/development/quartus/nios2eds/bin/gnu/h-x86_64-mingw32/bin/../lib/gcc/nios2-elf/10.1.1/../../../../../H-x86_64-mingw32/nios2-elf/lib/mno-hw-mul\libstdc++.a(eh_exception.o)
                0x0000000000013a08                transaction clone for std::exception::~exception() const
 .text._ZGTtNKSt13bad_exceptionD1Ev
                0x0000000000013a0c        0x4 c:/development/quartus/nios2eds/bin/gnu/h-x86_64-mingw32/bin/../lib/gcc/nios2-elf/10.1.1/../../../../../H-x86_64-mingw32/nios2-elf/lib/mno-hw-mul\libstdc++.a(eh_exception.o)
                0x0000000000013a0c                transaction clone for std::bad_exception::~bad_exception() const
 .text          0x0000000000013a10        0x0 c:/development/quartus/nios2eds/bin/gnu/h-x86_64-mingw32/bin/../lib/gcc/nios2-elf/10.1.1/../../../../../H-x86_64-mingw32/nios2-elf/lib/mno-hw-mul\libstdc++.a(eh_globals.o)
 .text.__cxa_get_globals_fast
                0x0000000000013a10        0xc c:/development/quartus/nios2eds/bin/gnu/h-x86_64-mingw32/bin/../lib/gcc/nios2-elf/10.1.1/../../../../../H-x86_64-mingw32/nios2-elf/lib/mno-hw-mul\libstdc++.a(eh_globals.o)
                0x0000000000013a10                __cxa_get_globals_fast
 .text.__cxa_get_globals
                0x0000000000013a1c        0xc c:/development/quartus/nios2eds/bin/gnu/h-x86_64-mingw32/bin/../lib/gcc/nios2-elf/10.1.1/../../../../../H-x86_64-mingw32/nios2-elf/lib/mno-hw-mul\libstdc++.a(eh_globals.o)
                0x0000000000013a1c                __cxa_get_globals
 .text          0x0000000000013a28        0x0 c:/development/quartus/nios2eds/bin/gnu/h-x86_64-mingw32/bin/../lib/gcc/nios2-elf/10.1.1/../../../../../H-x86_64-mingw32/nios2-elf/lib/mno-hw-mul\libstdc++.a(eh_term_handler.o)
 .text          0x0000000000013a28        0x0 c:/development/quartus/nios2eds/bin/gnu/h-x86_64-mingw32/bin/../lib/gcc/nios2-elf/10.1.1/../../../../../H-x86_64-mingw32/nios2-elf/lib/mno-hw-mul\libstdc++.a(fundamental_type_info.o)
 .text._ZN10__cxxabiv123__fundamental_type_infoD2Ev
                0x0000000000013a28       0x10 c:/development/quartus/nios2eds/bin/gnu/h-x86_64-mingw32/bin/../lib/gcc/nios2-elf/10.1.1/../../../../../H-x86_64-mingw32/nios2-elf/lib/mno-hw-mul\libstdc++.a(fundamental_type_info.o)
                0x0000000000013a28                __cxxabiv1::__fundamental_type_info::~__fundamental_type_info()
                0x0000000000013a28                __cxxabiv1::__fundamental_type_info::~__fundamental_type_info()
 .text._ZN10__cxxabiv123__fundamental_type_infoD0Ev
                0x0000000000013a38       0x38 c:/development/quartus/nios2eds/bin/gnu/h-x86_64-mingw32/bin/../lib/gcc/nios2-elf/10.1.1/../../../../../H-x86_64-mingw32/nios2-elf/lib/mno-hw-mul\libstdc++.a(fundamental_type_info.o)
                0x0000000000013a38                __cxxabiv1::__fundamental_type_info::~__fundamental_type_info()
 .text          0x0000000000013a70        0x0 c:/development/quartus/nios2eds/bin/gnu/h-x86_64-mingw32/bin/../lib/gcc/nios2-elf/10.1.1/../../../../../H-x86_64-mingw32/nios2-elf/lib/mno-hw-mul\libstdc++.a(pbase_type_info.o)
 .text._ZNK10__cxxabiv117__pbase_type_info15__pointer_catchEPKS0_PPvj
                0x0000000000013a70       0x18 c:/development/quartus/nios2eds/bin/gnu/h-x86_64-mingw32/bin/../lib/gcc/nios2-elf/10.1.1/../../../../../H-x86_64-mingw32/nios2-elf/lib/mno-hw-mul\libstdc++.a(pbase_type_info.o)
                0x0000000000013a70                __cxxabiv1::__pbase_type_info::__pointer_catch(__cxxabiv1::__pbase_type_info const*, void**, unsigned int) const
 .text._ZN10__cxxabiv117__pbase_type_infoD2Ev
                0x0000000000013a88       0x10 c:/development/quartus/nios2eds/bin/gnu/h-x86_64-mingw32/bin/../lib/gcc/nios2-elf/10.1.1/../../../../../H-x86_64-mingw32/nios2-elf/lib/mno-hw-mul\libstdc++.a(pbase_type_info.o)
                0x0000000000013a88                __cxxabiv1::__pbase_type_info::~__pbase_type_info()
                0x0000000000013a88                __cxxabiv1::__pbase_type_info::~__pbase_type_info()
 .text._ZN10__cxxabiv117__pbase_type_infoD0Ev
                0x0000000000013a98       0x38 c:/development/quartus/nios2eds/bin/gnu/h-x86_64-mingw32/bin/../lib/gcc/nios2-elf/10.1.1/../../../../../H-x86_64-mingw32/nios2-elf/lib/mno-hw-mul\libstdc++.a(pbase_type_info.o)
                0x0000000000013a98                __cxxabiv1::__pbase_type_info::~__pbase_type_info()
 .text._ZNK10__cxxabiv117__pbase_type_info10__do_catchEPKSt9type_infoPPvj
                0x0000000000013ad0      0x25c c:/development/quartus/nios2eds/bin/gnu/h-x86_64-mingw32/bin/../lib/gcc/nios2-elf/10.1.1/../../../../../H-x86_64-mingw32/nios2-elf/lib/mno-hw-mul\libstdc++.a(pbase_type_info.o)
                0x0000000000013ad0                __cxxabiv1::__pbase_type_info::__do_catch(std::type_info const*, void**, unsigned int) const
 .text          0x0000000000013d2c        0x0 c:/development/quartus/nios2eds/bin/gnu/h-x86_64-mingw32/bin/../lib/gcc/nios2-elf/10.1.1/../../../../../H-x86_64-mingw32/nios2-elf/lib/mno-hw-mul\libstdc++.a(pmem_type_info.o)
 .text._ZN10__cxxabiv129__pointer_to_member_type_infoD2Ev
                0x0000000000013d2c       0x10 c:/development/quartus/nios2eds/bin/gnu/h-x86_64-mingw32/bin/../lib/gcc/nios2-elf/10.1.1/../../../../../H-x86_64-mingw32/nios2-elf/lib/mno-hw-mul\libstdc++.a(pmem_type_info.o)
                0x0000000000013d2c                __cxxabiv1::__pointer_to_member_type_info::~__pointer_to_member_type_info()
                0x0000000000013d2c                __cxxabiv1::__pointer_to_member_type_info::~__pointer_to_member_type_info()
 .text._ZN10__cxxabiv129__pointer_to_member_type_infoD0Ev
                0x0000000000013d3c       0x38 c:/development/quartus/nios2eds/bin/gnu/h-x86_64-mingw32/bin/../lib/gcc/nios2-elf/10.1.1/../../../../../H-x86_64-mingw32/nios2-elf/lib/mno-hw-mul\libstdc++.a(pmem_type_info.o)
                0x0000000000013d3c                __cxxabiv1::__pointer_to_member_type_info::~__pointer_to_member_type_info()
 .text._ZNK10__cxxabiv129__pointer_to_member_type_info15__pointer_catchEPKNS_17__pbase_type_infoEPPvj
                0x0000000000013d74       0x98 c:/development/quartus/nios2eds/bin/gnu/h-x86_64-mingw32/bin/../lib/gcc/nios2-elf/10.1.1/../../../../../H-x86_64-mingw32/nios2-elf/lib/mno-hw-mul\libstdc++.a(pmem_type_info.o)
                0x0000000000013d74                __cxxabiv1::__pointer_to_member_type_info::__pointer_catch(__cxxabiv1::__pbase_type_info const*, void**, unsigned int) const
 .text          0x0000000000013e0c        0x0 c:/development/quartus/nios2eds/bin/gnu/h-x86_64-mingw32/bin/../lib/gcc/nios2-elf/10.1.1/../../../../../H-x86_64-mingw32/nios2-elf/lib/mno-hw-mul\libstdc++.a(pure.o)
 .text.__cxa_pure_virtual
                0x0000000000013e0c        0xc c:/development/quartus/nios2eds/bin/gnu/h-x86_64-mingw32/bin/../lib/gcc/nios2-elf/10.1.1/../../../../../H-x86_64-mingw32/nios2-elf/lib/mno-hw-mul\libstdc++.a(pure.o)
                0x0000000000013e0c                __cxa_pure_virtual
 .text.__cxa_deleted_virtual
                0x0000000000013e18        0xc c:/development/quartus/nios2eds/bin/gnu/h-x86_64-mingw32/bin/../lib/gcc/nios2-elf/10.1.1/../../../../../H-x86_64-mingw32/nios2-elf/lib/mno-hw-mul\libstdc++.a(pure.o)
                0x0000000000013e18                __cxa_deleted_virtual
 .text          0x0000000000013e24        0x0 c:/development/quartus/nios2eds/bin/gnu/h-x86_64-mingw32/bin/../lib/gcc/nios2-elf/10.1.1/../../../../../H-x86_64-mingw32/nios2-elf/lib/mno-hw-mul\libstdc++.a(eh_aux_runtime.o)
 .text.unlikely.__cxa_bad_cast
                0x0000000000013e24       0x34 c:/development/quartus/nios2eds/bin/gnu/h-x86_64-mingw32/bin/../lib/gcc/nios2-elf/10.1.1/../../../../../H-x86_64-mingw32/nios2-elf/lib/mno-hw-mul\libstdc++.a(eh_aux_runtime.o)
                0x0000000000013e24                __cxa_bad_cast
 .text.unlikely.__cxa_bad_typeid
                0x0000000000013e58       0x34 c:/development/quartus/nios2eds/bin/gnu/h-x86_64-mingw32/bin/../lib/gcc/nios2-elf/10.1.1/../../../../../H-x86_64-mingw32/nios2-elf/lib/mno-hw-mul\libstdc++.a(eh_aux_runtime.o)
                0x0000000000013e58                __cxa_bad_typeid
 .text.unlikely.__cxa_throw_bad_array_new_length
                0x0000000000013e8c       0x34 c:/development/quartus/nios2eds/bin/gnu/h-x86_64-mingw32/bin/../lib/gcc/nios2-elf/10.1.1/../../../../../H-x86_64-mingw32/nios2-elf/lib/mno-hw-mul\libstdc++.a(eh_aux_runtime.o)
                0x0000000000013e8c                __cxa_throw_bad_array_new_length
 .text          0x0000000000013ec0        0x0 c:/development/quartus/nios2eds/bin/gnu/h-x86_64-mingw32/bin/../lib/gcc/nios2-elf/10.1.1/../../../../../H-x86_64-mingw32/nios2-elf/lib/mno-hw-mul\libstdc++.a(bad_array_new.o)
 .text._ZNKSt20bad_array_new_length4whatEv
                0x0000000000013ec0        0xc c:/development/quartus/nios2eds/bin/gnu/h-x86_64-mingw32/bin/../lib/gcc/nios2-elf/10.1.1/../../../../../H-x86_64-mingw32/nios2-elf/lib/mno-hw-mul\libstdc++.a(bad_array_new.o)
                0x0000000000013ec0                std::bad_array_new_length::what() const
 .text._ZNSt20bad_array_new_lengthD2Ev
                0x0000000000013ecc       0x10 c:/development/quartus/nios2eds/bin/gnu/h-x86_64-mingw32/bin/../lib/gcc/nios2-elf/10.1.1/../../../../../H-x86_64-mingw32/nios2-elf/lib/mno-hw-mul\libstdc++.a(bad_array_new.o)
                0x0000000000013ecc                std::bad_array_new_length::~bad_array_new_length()
                0x0000000000013ecc                std::bad_array_new_length::~bad_array_new_length()
 .text._ZNSt20bad_array_new_lengthD0Ev
                0x0000000000013edc       0x38 c:/development/quartus/nios2eds/bin/gnu/h-x86_64-mingw32/bin/../lib/gcc/nios2-elf/10.1.1/../../../../../H-x86_64-mingw32/nios2-elf/lib/mno-hw-mul\libstdc++.a(bad_array_new.o)
                0x0000000000013edc                std::bad_array_new_length::~bad_array_new_length()
 .text          0x0000000000013f14        0x0 c:/development/quartus/nios2eds/bin/gnu/h-x86_64-mingw32/bin/../lib/gcc/nios2-elf/10.1.1/../../../../../H-x86_64-mingw32/nios2-elf/lib/mno-hw-mul\libstdc++.a(bad_cast.o)
 .text._ZNKSt8bad_cast4whatEv
                0x0000000000013f14        0xc c:/development/quartus/nios2eds/bin/gnu/h-x86_64-mingw32/bin/../lib/gcc/nios2-elf/10.1.1/../../../../../H-x86_64-mingw32/nios2-elf/lib/mno-hw-mul\libstdc++.a(bad_cast.o)
                0x0000000000013f14                std::bad_cast::what() const
 .text._ZNSt8bad_castD2Ev
                0x0000000000013f20       0x10 c:/development/quartus/nios2eds/bin/gnu/h-x86_64-mingw32/bin/../lib/gcc/nios2-elf/10.1.1/../../../../../H-x86_64-mingw32/nios2-elf/lib/mno-hw-mul\libstdc++.a(bad_cast.o)
                0x0000000000013f20                std::bad_cast::~bad_cast()
                0x0000000000013f20                std::bad_cast::~bad_cast()
 .text._ZNSt8bad_castD0Ev
                0x0000000000013f30       0x38 c:/development/quartus/nios2eds/bin/gnu/h-x86_64-mingw32/bin/../lib/gcc/nios2-elf/10.1.1/../../../../../H-x86_64-mingw32/nios2-elf/lib/mno-hw-mul\libstdc++.a(bad_cast.o)
                0x0000000000013f30                std::bad_cast::~bad_cast()
 .text          0x0000000000013f68        0x0 c:/development/quartus/nios2eds/bin/gnu/h-x86_64-mingw32/bin/../lib/gcc/nios2-elf/10.1.1/../../../../../H-x86_64-mingw32/nios2-elf/lib/mno-hw-mul\libstdc++.a(bad_typeid.o)
 .text._ZNKSt10bad_typeid4whatEv
                0x0000000000013f68        0xc c:/development/quartus/nios2eds/bin/gnu/h-x86_64-mingw32/bin/../lib/gcc/nios2-elf/10.1.1/../../../../../H-x86_64-mingw32/nios2-elf/lib/mno-hw-mul\libstdc++.a(bad_typeid.o)
                0x0000000000013f68                std::bad_typeid::what() const
 .text._ZNSt10bad_typeidD2Ev
                0x0000000000013f74       0x10 c:/development/quartus/nios2eds/bin/gnu/h-x86_64-mingw32/bin/../lib/gcc/nios2-elf/10.1.1/../../../../../H-x86_64-mingw32/nios2-elf/lib/mno-hw-mul\libstdc++.a(bad_typeid.o)
                0x0000000000013f74                std::bad_typeid::~bad_typeid()
                0x0000000000013f74                std::bad_typeid::~bad_typeid()
 .text._ZNSt10bad_typeidD0Ev
                0x0000000000013f84       0x38 c:/development/quartus/nios2eds/bin/gnu/h-x86_64-mingw32/bin/../lib/gcc/nios2-elf/10.1.1/../../../../../H-x86_64-mingw32/nios2-elf/lib/mno-hw-mul\libstdc++.a(bad_typeid.o)
                0x0000000000013f84                std::bad_typeid::~bad_typeid()
 .text          0x0000000000013fbc        0x0 c:/development/quartus/nios2eds/bin/gnu/h-x86_64-mingw32/bin/../lib/gcc/nios2-elf/10.1.1/../../../../../H-x86_64-mingw32/nios2-elf/lib/mno-hw-mul\libstdc++.a(bad_alloc.o)
 .text._ZNKSt9bad_alloc4whatEv
                0x0000000000013fbc        0xc c:/development/quartus/nios2eds/bin/gnu/h-x86_64-mingw32/bin/../lib/gcc/nios2-elf/10.1.1/../../../../../H-x86_64-mingw32/nios2-elf/lib/mno-hw-mul\libstdc++.a(bad_alloc.o)
                0x0000000000013fbc                std::bad_alloc::what() const
 .text._ZNSt9bad_allocD2Ev
                0x0000000000013fc8       0x10 c:/development/quartus/nios2eds/bin/gnu/h-x86_64-mingw32/bin/../lib/gcc/nios2-elf/10.1.1/../../../../../H-x86_64-mingw32/nios2-elf/lib/mno-hw-mul\libstdc++.a(bad_alloc.o)
                0x0000000000013fc8                std::bad_alloc::~bad_alloc()
                0x0000000000013fc8                std::bad_alloc::~bad_alloc()
 .text._ZNSt9bad_allocD0Ev
                0x0000000000013fd8       0x38 c:/development/quartus/nios2eds/bin/gnu/h-x86_64-mingw32/bin/../lib/gcc/nios2-elf/10.1.1/../../../../../H-x86_64-mingw32/nios2-elf/lib/mno-hw-mul\libstdc++.a(bad_alloc.o)
                0x0000000000013fd8                std::bad_alloc::~bad_alloc()
 .text          0x0000000000014010      0x524 c:/development/quartus/nios2eds/bin/gnu/h-x86_64-mingw32/bin/../lib/gcc/nios2-elf/10.1.1/mno-hw-mul\libgcc.a(unwind-sjlj.o)
                0x0000000000014228                _Unwind_SjLj_Register
                0x0000000000014240                _Unwind_SjLj_Unregister
                0x0000000000014250                _Unwind_GetGR
                0x0000000000014268                _Unwind_GetCFA
                0x0000000000014280                _Unwind_SetGR
                0x0000000000014298                _Unwind_GetIP
                0x00000000000142a8                _Unwind_GetIPInfo
                0x00000000000142c8                _Unwind_SetIP
                0x00000000000142d8                _Unwind_GetLanguageSpecificData
                0x00000000000142e4                _Unwind_GetRegionStart
                0x00000000000142ec                _Unwind_FindEnclosingFunction
                0x00000000000142f4                _Unwind_GetDataRelBase
                0x00000000000142fc                _Unwind_GetTextRelBase
                0x0000000000014304                _Unwind_SjLj_RaiseException
                0x00000000000143cc                _Unwind_SjLj_ForcedUnwind
                0x0000000000014410                _Unwind_SjLj_Resume
                0x0000000000014454                _Unwind_SjLj_Resume_or_Rethrow
                0x0000000000014494                _Unwind_DeleteException
                0x00000000000144ac                _Unwind_Backtrace
 .text          0x0000000000014534        0x0 c:/development/quartus/nios2eds/bin/gnu/h-x86_64-mingw32/bin/../lib/gcc/nios2-elf/10.1.1/../../../../../H-x86_64-mingw32/nios2-elf/lib/mno-hw-mul\libsmallc.a(lib_a-abort.o)
 .text.unlikely.abort
                0x0000000000014534       0x18 c:/development/quartus/nios2eds/bin/gnu/h-x86_64-mingw32/bin/../lib/gcc/nios2-elf/10.1.1/../../../../../H-x86_64-mingw32/nios2-elf/lib/mno-hw-mul\libsmallc.a(lib_a-abort.o)
                0x0000000000014534                abort
 .text          0x000000000001454c        0x0 c:/development/quartus/nios2eds/bin/gnu/h-x86_64-mingw32/bin/../lib/gcc/nios2-elf/10.1.1/../../../../../H-x86_64-mingw32/nios2-elf/lib/mno-hw-mul\libsmallc.a(lib_a-malloc.o)
 .text.malloc   0x000000000001454c       0x10 c:/development/quartus/nios2eds/bin/gnu/h-x86_64-mingw32/bin/../lib/gcc/nios2-elf/10.1.1/../../../../../H-x86_64-mingw32/nios2-elf/lib/mno-hw-mul\libsmallc.a(lib_a-malloc.o)
                0x000000000001454c                malloc
 .text.free     0x000000000001455c       0x10 c:/development/quartus/nios2eds/bin/gnu/h-x86_64-mingw32/bin/../lib/gcc/nios2-elf/10.1.1/../../../../../H-x86_64-mingw32/nios2-elf/lib/mno-hw-mul\libsmallc.a(lib_a-malloc.o)
                0x000000000001455c                free
 .text          0x000000000001456c        0x0 c:/development/quartus/nios2eds/bin/gnu/h-x86_64-mingw32/bin/../lib/gcc/nios2-elf/10.1.1/../../../../../H-x86_64-mingw32/nios2-elf/lib/mno-hw-mul\libsmallc.a(lib_a-memmove.o)
 .text.memmove  0x000000000001456c       0x60 c:/development/quartus/nios2eds/bin/gnu/h-x86_64-mingw32/bin/../lib/gcc/nios2-elf/10.1.1/../../../../../H-x86_64-mingw32/nios2-elf/lib/mno-hw-mul\libsmallc.a(lib_a-memmove.o)
                0x000000000001456c                memmove
 .text          0x00000000000145cc        0x0 c:/development/quartus/nios2eds/bin/gnu/h-x86_64-mingw32/bin/../lib/gcc/nios2-elf/10.1.1/../../../../../H-x86_64-mingw32/nios2-elf/lib/mno-hw-mul\libsmallc.a(lib_a-memset.o)
 .text.memset   0x00000000000145cc       0x20 c:/development/quartus/nios2eds/bin/gnu/h-x86_64-mingw32/bin/../lib/gcc/nios2-elf/10.1.1/../../../../../H-x86_64-mingw32/nios2-elf/lib/mno-hw-mul\libsmallc.a(lib_a-memset.o)
                0x00000000000145cc                memset
 .text          0x00000000000145ec        0x0 c:/development/quartus/nios2eds/bin/gnu/h-x86_64-mingw32/bin/../lib/gcc/nios2-elf/10.1.1/../../../../../H-x86_64-mingw32/nios2-elf/lib/mno-hw-mul\libsmallc.a(lib_a-nano-freer.o)
 .text._free_r  0x00000000000145ec      0x100 c:/development/quartus/nios2eds/bin/gnu/h-x86_64-mingw32/bin/../lib/gcc/nios2-elf/10.1.1/../../../../../H-x86_64-mingw32/nios2-elf/lib/mno-hw-mul\libsmallc.a(lib_a-nano-freer.o)
                0x00000000000145ec                _free_r
 .text          0x00000000000146ec        0x0 c:/development/quartus/nios2eds/bin/gnu/h-x86_64-mingw32/bin/../lib/gcc/nios2-elf/10.1.1/../../../../../H-x86_64-mingw32/nios2-elf/lib/mno-hw-mul\libsmallc.a(lib_a-nano-mallocr.o)
 .text._malloc_r
                0x00000000000146ec      0x160 c:/development/quartus/nios2eds/bin/gnu/h-x86_64-mingw32/bin/../lib/gcc/nios2-elf/10.1.1/../../../../../H-x86_64-mingw32/nios2-elf/lib/mno-hw-mul\libsmallc.a(lib_a-nano-mallocr.o)
                0x00000000000146ec                _malloc_r
 .text          0x000000000001484c        0x0 c:/development/quartus/nios2eds/bin/gnu/h-x86_64-mingw32/bin/../lib/gcc/nios2-elf/10.1.1/../../../../../H-x86_64-mingw32/nios2-elf/lib/mno-hw-mul\libsmallc.a(lib_a-puts.o)
 .text._puts_r  0x000000000001484c       0x80 c:/development/quartus/nios2eds/bin/gnu/h-x86_64-mingw32/bin/../lib/gcc/nios2-elf/10.1.1/../../../../../H-x86_64-mingw32/nios2-elf/lib/mno-hw-mul\libsmallc.a(lib_a-puts.o)
                0x000000000001484c                _puts_r
 .text.puts     0x00000000000148cc       0x10 c:/development/quartus/nios2eds/bin/gnu/h-x86_64-mingw32/bin/../lib/gcc/nios2-elf/10.1.1/../../../../../H-x86_64-mingw32/nios2-elf/lib/mno-hw-mul\libsmallc.a(lib_a-puts.o)
                0x00000000000148cc                puts
 .text          0x00000000000148dc        0x0 c:/development/quartus/nios2eds/bin/gnu/h-x86_64-mingw32/bin/../lib/gcc/nios2-elf/10.1.1/../../../../../H-x86_64-mingw32/nios2-elf/lib/mno-hw-mul\libsmallc.a(lib_a-sbrkr.o)
 .text._sbrk_r  0x00000000000148dc       0x48 c:/development/quartus/nios2eds/bin/gnu/h-x86_64-mingw32/bin/../lib/gcc/nios2-elf/10.1.1/../../../../../H-x86_64-mingw32/nios2-elf/lib/mno-hw-mul\libsmallc.a(lib_a-sbrkr.o)
                0x00000000000148dc                _sbrk_r
 .text          0x0000000000014924        0x0 c:/development/quartus/nios2eds/bin/gnu/h-x86_64-mingw32/bin/../lib/gcc/nios2-elf/10.1.1/../../../../../H-x86_64-mingw32/nios2-elf/lib/mno-hw-mul\libsmallc.a(lib_a-signal.o)
 .text._init_signal_r
                0x0000000000014924       0x5c c:/development/quartus/nios2eds/bin/gnu/h-x86_64-mingw32/bin/../lib/gcc/nios2-elf/10.1.1/../../../../../H-x86_64-mingw32/nios2-elf/lib/mno-hw-mul\libsmallc.a(lib_a-signal.o)
                0x0000000000014924                _init_signal_r
 .text._signal_r
                0x0000000000014980       0x78 c:/development/quartus/nios2eds/bin/gnu/h-x86_64-mingw32/bin/../lib/gcc/nios2-elf/10.1.1/../../../../../H-x86_64-mingw32/nios2-elf/lib/mno-hw-mul\libsmallc.a(lib_a-signal.o)
                0x0000000000014980                _signal_r
 .text._raise_r
                0x00000000000149f8       0xb4 c:/development/quartus/nios2eds/bin/gnu/h-x86_64-mingw32/bin/../lib/gcc/nios2-elf/10.1.1/../../../../../H-x86_64-mingw32/nios2-elf/lib/mno-hw-mul\libsmallc.a(lib_a-signal.o)
                0x00000000000149f8                _raise_r
 .text.__sigtramp_r
                0x0000000000014aac       0xa0 c:/development/quartus/nios2eds/bin/gnu/h-x86_64-mingw32/bin/../lib/gcc/nios2-elf/10.1.1/../../../../../H-x86_64-mingw32/nios2-elf/lib/mno-hw-mul\libsmallc.a(lib_a-signal.o)
                0x0000000000014aac                __sigtramp_r
 .text.raise    0x0000000000014b4c       0x10 c:/development/quartus/nios2eds/bin/gnu/h-x86_64-mingw32/bin/../lib/gcc/nios2-elf/10.1.1/../../../../../H-x86_64-mingw32/nios2-elf/lib/mno-hw-mul\libsmallc.a(lib_a-signal.o)
                0x0000000000014b4c                raise
 .text.signal   0x0000000000014b5c       0x14 c:/development/quartus/nios2eds/bin/gnu/h-x86_64-mingw32/bin/../lib/gcc/nios2-elf/10.1.1/../../../../../H-x86_64-mingw32/nios2-elf/lib/mno-hw-mul\libsmallc.a(lib_a-signal.o)
                0x0000000000014b5c                signal
 .text._init_signal
                0x0000000000014b70        0xc c:/development/quartus/nios2eds/bin/gnu/h-x86_64-mingw32/bin/../lib/gcc/nios2-elf/10.1.1/../../../../../H-x86_64-mingw32/nios2-elf/lib/mno-hw-mul\libsmallc.a(lib_a-signal.o)
                0x0000000000014b70                _init_signal
 .text.__sigtramp
                0x0000000000014b7c       0x10 c:/development/quartus/nios2eds/bin/gnu/h-x86_64-mingw32/bin/../lib/gcc/nios2-elf/10.1.1/../../../../../H-x86_64-mingw32/nios2-elf/lib/mno-hw-mul\libsmallc.a(lib_a-signal.o)
                0x0000000000014b7c                __sigtramp
 .text          0x0000000000014b8c        0x0 c:/development/quartus/nios2eds/bin/gnu/h-x86_64-mingw32/bin/../lib/gcc/nios2-elf/10.1.1/../../../../../H-x86_64-mingw32/nios2-elf/lib/mno-hw-mul\libsmallc.a(lib_a-signalr.o)
 .text._kill_r  0x0000000000014b8c       0x4c c:/development/quartus/nios2eds/bin/gnu/h-x86_64-mingw32/bin/../lib/gcc/nios2-elf/10.1.1/../../../../../H-x86_64-mingw32/nios2-elf/lib/mno-hw-mul\libsmallc.a(lib_a-signalr.o)
                0x0000000000014b8c                _kill_r
 .text._getpid_r
                0x0000000000014bd8        0x4 c:/development/quartus/nios2eds/bin/gnu/h-x86_64-mingw32/bin/../lib/gcc/nios2-elf/10.1.1/../../../../../H-x86_64-mingw32/nios2-elf/lib/mno-hw-mul\libsmallc.a(lib_a-signalr.o)
                0x0000000000014bd8                _getpid_r
 .text          0x0000000000014bdc        0x0 c:/development/quartus/nios2eds/bin/gnu/h-x86_64-mingw32/bin/../lib/gcc/nios2-elf/10.1.1/../../../../../H-x86_64-mingw32/nios2-elf/lib/mno-hw-mul\libsmallc.a(lib_a-strcmp.o)
 .text.strcmp   0x0000000000014bdc       0x44 c:/development/quartus/nios2eds/bin/gnu/h-x86_64-mingw32/bin/../lib/gcc/nios2-elf/10.1.1/../../../../../H-x86_64-mingw32/nios2-elf/lib/mno-hw-mul\libsmallc.a(lib_a-strcmp.o)
                0x0000000000014bdc                strcmp
 .text          0x0000000000014c20        0x0 c:/development/quartus/nios2eds/bin/gnu/h-x86_64-mingw32/bin/../lib/gcc/nios2-elf/10.1.1/../../../../../H-x86_64-mingw32/nios2-elf/lib/mno-hw-mul\libsmallc.a(lib_a-strlen.o)
 .text.strlen   0x0000000000014c20       0x1c c:/development/quartus/nios2eds/bin/gnu/h-x86_64-mingw32/bin/../lib/gcc/nios2-elf/10.1.1/../../../../../H-x86_64-mingw32/nios2-elf/lib/mno-hw-mul\libsmallc.a(lib_a-strlen.o)
                0x0000000000014c20                strlen
 .text          0x0000000000014c3c        0x0 c:/development/quartus/nios2eds/bin/gnu/h-x86_64-mingw32/bin/../lib/gcc/nios2-elf/10.1.1/../../../../../H-x86_64-mingw32/nios2-elf/lib/mno-hw-mul\libsmallc.a(lib_a-fvwrite_small_dev.o)
 .text.__sfvwrite_small_dev
                0x0000000000014c3c       0xa8 c:/development/quartus/nios2eds/bin/gnu/h-x86_64-mingw32/bin/../lib/gcc/nios2-elf/10.1.1/../../../../../H-x86_64-mingw32/nios2-elf/lib/mno-hw-mul\libsmallc.a(lib_a-fvwrite_small_dev.o)
                0x0000000000014c3c                __sfvwrite_small_dev
 .text          0x0000000000014ce4        0x0 c:/development/quartus/nios2eds/bin/gnu/h-x86_64-mingw32/bin/../lib/gcc/nios2-elf/10.1.1/../../../../../H-x86_64-mingw32/nios2-elf/lib/mno-hw-mul\libsmallc.a(lib_a-impure.o)
 .text          0x0000000000014ce4        0x0 c:/development/quartus/nios2eds/bin/gnu/h-x86_64-mingw32/bin/../lib/gcc/nios2-elf/10.1.1/../../../../../H-x86_64-mingw32/nios2-elf/lib/mno-hw-mul\libsmallc.a(lib_a-int_errno.o)
 .text          0x0000000000014ce4        0x0 c:/development/quartus/nios2eds/bin/gnu/h-x86_64-mingw32/bin/../lib/gcc/nios2-elf/10.1.1/../../../../../H-x86_64-mingw32/nios2-elf/lib/mno-hw-mul\libsmallc.a(lib_a-writer.o)
 .text._write_r
                0x0000000000014ce4       0x50 c:/development/quartus/nios2eds/bin/gnu/h-x86_64-mingw32/bin/../lib/gcc/nios2-elf/10.1.1/../../../../../H-x86_64-mingw32/nios2-elf/lib/mno-hw-mul\libsmallc.a(lib_a-writer.o)
                0x0000000000014ce4                _write_r
 .text          0x0000000000014d34       0x38 c:/Users/gteho/Repositories/EMSYS-LAB/nios/software/jiwy_controller_bsp/\libhal_bsp.a(alt_exit.o)
                0x0000000000014d34                _exit
 .text          0x0000000000014d6c       0x20 c:/Users/gteho/Repositories/EMSYS-LAB/nios/software/jiwy_controller_bsp/\libhal_bsp.a(alt_getpid.o)
                0x0000000000014d6c                getpid
 .text          0x0000000000014d8c      0x1b0 c:/Users/gteho/Repositories/EMSYS-LAB/nios/software/jiwy_controller_bsp/\libhal_bsp.a(alt_iic.o)
                0x0000000000014d8c                alt_ic_isr_register
                0x0000000000014ddc                alt_ic_irq_enable
                0x0000000000014e64                alt_ic_irq_disable
                0x0000000000014ef0                alt_ic_irq_enabled
 .text          0x0000000000014f3c       0xe8 c:/Users/gteho/Repositories/EMSYS-LAB/nios/software/jiwy_controller_bsp/\libhal_bsp.a(alt_iic_isr_register.o)
                0x0000000000014f3c                alt_iic_isr_register
 .text          0x0000000000015024        0x0 c:/Users/gteho/Repositories/EMSYS-LAB/nios/software/jiwy_controller_bsp/\libhal_bsp.a(alt_irq_entry.o)
 .text          0x0000000000015024        0x0 c:/Users/gteho/Repositories/EMSYS-LAB/nios/software/jiwy_controller_bsp/\libhal_bsp.a(alt_irq_handler.o)
 .text          0x0000000000015024        0x0 c:/Users/gteho/Repositories/EMSYS-LAB/nios/software/jiwy_controller_bsp/\libhal_bsp.a(alt_irq_vars.o)
 .text          0x0000000000015024      0x168 c:/Users/gteho/Repositories/EMSYS-LAB/nios/software/jiwy_controller_bsp/\libhal_bsp.a(alt_kill.o)
                0x0000000000015060                kill
 .text          0x000000000001518c       0xec c:/Users/gteho/Repositories/EMSYS-LAB/nios/software/jiwy_controller_bsp/\libhal_bsp.a(alt_load.o)
                0x00000000000151f4                alt_load
 .text          0x0000000000015278       0x7c c:/Users/gteho/Repositories/EMSYS-LAB/nios/software/jiwy_controller_bsp/\libhal_bsp.a(alt_main.o)
                0x0000000000015278                alt_main
 .text          0x00000000000152f4       0x48 c:/Users/gteho/Repositories/EMSYS-LAB/nios/software/jiwy_controller_bsp/\libhal_bsp.a(alt_malloc_lock.o)
                0x00000000000152f4                __malloc_lock
                0x0000000000015318                __malloc_unlock
 .text          0x000000000001533c       0xb8 c:/Users/gteho/Repositories/EMSYS-LAB/nios/software/jiwy_controller_bsp/\libhal_bsp.a(alt_sbrk.o)
                0x000000000001533c                sbrk
 .text          0x00000000000153f4      0x140 c:/Users/gteho/Repositories/EMSYS-LAB/nios/software/jiwy_controller_bsp/\libhal_bsp.a(alt_write.o)
                0x0000000000015430                write
 .text          0x0000000000015534       0xcc c:/Users/gteho/Repositories/EMSYS-LAB/nios/software/jiwy_controller_bsp/\libhal_bsp.a(alt_sys_init.o)
                0x0000000000015568                alt_irq_init
                0x00000000000155a4                alt_sys_init
 .text          0x0000000000015600       0xc0 c:/Users/gteho/Repositories/EMSYS-LAB/nios/software/jiwy_controller_bsp/\libhal_bsp.a(altera_avalon_jtag_uart_fd.o)
                0x0000000000015600                altera_avalon_jtag_uart_read_fd
                0x0000000000015660                altera_avalon_jtag_uart_write_fd
 .text          0x00000000000156c0       0xec c:/Users/gteho/Repositories/EMSYS-LAB/nios/software/jiwy_controller_bsp/\libhal_bsp.a(altera_avalon_jtag_uart_read.o)
                0x00000000000156c0                altera_avalon_jtag_uart_read
 .text          0x00000000000157ac       0x94 c:/Users/gteho/Repositories/EMSYS-LAB/nios/software/jiwy_controller_bsp/\libhal_bsp.a(altera_avalon_jtag_uart_write.o)
                0x00000000000157ac                altera_avalon_jtag_uart_write
 .text          0x0000000000015840      0x100 c:/Users/gteho/Repositories/EMSYS-LAB/nios/software/jiwy_controller_bsp/\libhal_bsp.a(altera_avalon_timer_sc.o)
                0x00000000000158bc                alt_avalon_timer_sc_init
 .text          0x0000000000015940       0xc0 c:/Users/gteho/Repositories/EMSYS-LAB/nios/software/jiwy_controller_bsp/\libhal_bsp.a(altera_avalon_uart_fd.o)
                0x0000000000015940                altera_avalon_uart_read_fd
                0x00000000000159a0                altera_avalon_uart_write_fd
 .text          0x0000000000015a00      0x100 c:/Users/gteho/Repositories/EMSYS-LAB/nios/software/jiwy_controller_bsp/\libhal_bsp.a(altera_avalon_uart_read.o)
                0x0000000000015a3c                altera_avalon_uart_read
 .text          0x0000000000015b00      0x11c c:/Users/gteho/Repositories/EMSYS-LAB/nios/software/jiwy_controller_bsp/\libhal_bsp.a(altera_avalon_uart_write.o)
                0x0000000000015b3c                altera_avalon_uart_write
 .text          0x0000000000015c1c      0x118 c:/Users/gteho/Repositories/EMSYS-LAB/nios/software/jiwy_controller_bsp/\libhal_bsp.a(alt_close.o)
                0x0000000000015c58                close
 .text          0x0000000000015d34       0x20 c:/Users/gteho/Repositories/EMSYS-LAB/nios/software/jiwy_controller_bsp/\libhal_bsp.a(alt_dcache_flush_all.o)
                0x0000000000015d34                alt_dcache_flush_all
 .text          0x0000000000015d54       0x2c c:/Users/gteho/Repositories/EMSYS-LAB/nios/software/jiwy_controller_bsp/\libhal_bsp.a(alt_dev.o)
 .text          0x0000000000015d80       0xe4 c:/Users/gteho/Repositories/EMSYS-LAB/nios/software/jiwy_controller_bsp/\libhal_bsp.a(alt_dev_llist_insert.o)
                0x0000000000015dbc                alt_dev_llist_insert
 .text          0x0000000000015e64       0x64 c:/Users/gteho/Repositories/EMSYS-LAB/nios/software/jiwy_controller_bsp/\libhal_bsp.a(alt_do_ctors.o)
                0x0000000000015e64                _do_ctors
 .text          0x0000000000015ec8       0x64 c:/Users/gteho/Repositories/EMSYS-LAB/nios/software/jiwy_controller_bsp/\libhal_bsp.a(alt_do_dtors.o)
                0x0000000000015ec8                _do_dtors
 .text          0x0000000000015f2c        0x0 c:/Users/gteho/Repositories/EMSYS-LAB/nios/software/jiwy_controller_bsp/\libhal_bsp.a(alt_errno.o)
 .text          0x0000000000015f2c        0x0 c:/Users/gteho/Repositories/EMSYS-LAB/nios/software/jiwy_controller_bsp/\libhal_bsp.a(alt_exception_entry.o)
 .text          0x0000000000015f2c       0x20 c:/Users/gteho/Repositories/EMSYS-LAB/nios/software/jiwy_controller_bsp/\libhal_bsp.a(alt_icache_flush_all.o)
                0x0000000000015f2c                alt_icache_flush_all
 .text          0x0000000000015f4c       0x98 c:/Users/gteho/Repositories/EMSYS-LAB/nios/software/jiwy_controller_bsp/\libhal_bsp.a(alt_instruction_exception_entry.o)
                0x0000000000015f4c                alt_exception_cause_generated_bad_addr
 .text          0x0000000000015fe4      0x150 c:/Users/gteho/Repositories/EMSYS-LAB/nios/software/jiwy_controller_bsp/\libhal_bsp.a(alt_io_redirect.o)
                0x00000000000160b8                alt_io_redirect
 .text          0x0000000000016134      0x278 c:/Users/gteho/Repositories/EMSYS-LAB/nios/software/jiwy_controller_bsp/\libhal_bsp.a(alt_open.o)
                0x000000000001624c                open
 .text          0x00000000000163ac       0x70 c:/Users/gteho/Repositories/EMSYS-LAB/nios/software/jiwy_controller_bsp/\libhal_bsp.a(alt_release_fd.o)
                0x00000000000163ac                alt_release_fd
 .text          0x000000000001641c      0x1ac c:/Users/gteho/Repositories/EMSYS-LAB/nios/software/jiwy_controller_bsp/\libhal_bsp.a(alt_tick.o)
                0x000000000001641c                alt_alarm_stop
                0x00000000000164c0                alt_tick
 .text          0x00000000000165c8       0x24 c:/Users/gteho/Repositories/EMSYS-LAB/nios/software/jiwy_controller_bsp/\libhal_bsp.a(altera_nios2_gen2_irq.o)
                0x00000000000165c8                altera_nios2_gen2_irq_init
 .text          0x00000000000165ec       0x90 c:/Users/gteho/Repositories/EMSYS-LAB/nios/software/jiwy_controller_bsp/\libhal_bsp.a(alt_find_dev.o)
                0x00000000000165ec                alt_find_dev
 .text          0x000000000001667c      0x108 c:/Users/gteho/Repositories/EMSYS-LAB/nios/software/jiwy_controller_bsp/\libhal_bsp.a(alt_find_file.o)
                0x000000000001667c                alt_find_file
 .text          0x0000000000016784       0xb8 c:/Users/gteho/Repositories/EMSYS-LAB/nios/software/jiwy_controller_bsp/\libhal_bsp.a(alt_get_fd.o)
                0x0000000000016784                alt_get_fd
 .text          0x000000000001683c        0x0 c:/development/quartus/nios2eds/bin/gnu/h-x86_64-mingw32/bin/../lib/gcc/nios2-elf/10.1.1/../../../../../H-x86_64-mingw32/nios2-elf/lib/mno-hw-mul\libsmallc.a(lib_a-atexit.o)
 .text.atexit   0x000000000001683c       0x14 c:/development/quartus/nios2eds/bin/gnu/h-x86_64-mingw32/bin/../lib/gcc/nios2-elf/10.1.1/../../../../../H-x86_64-mingw32/nios2-elf/lib/mno-hw-mul\libsmallc.a(lib_a-atexit.o)
                0x000000000001683c                atexit
 .text          0x0000000000016850        0x0 c:/development/quartus/nios2eds/bin/gnu/h-x86_64-mingw32/bin/../lib/gcc/nios2-elf/10.1.1/../../../../../H-x86_64-mingw32/nios2-elf/lib/mno-hw-mul\libsmallc.a(lib_a-exit.o)
 .text.exit     0x0000000000016850       0x20 c:/development/quartus/nios2eds/bin/gnu/h-x86_64-mingw32/bin/../lib/gcc/nios2-elf/10.1.1/../../../../../H-x86_64-mingw32/nios2-elf/lib/mno-hw-mul\libsmallc.a(lib_a-exit.o)
                0x0000000000016850                exit
 .text          0x0000000000016870        0x0 c:/development/quartus/nios2eds/bin/gnu/h-x86_64-mingw32/bin/../lib/gcc/nios2-elf/10.1.1/../../../../../H-x86_64-mingw32/nios2-elf/lib/mno-hw-mul\libsmallc.a(lib_a-memcmp.o)
 .text.memcmp   0x0000000000016870       0x30 c:/development/quartus/nios2eds/bin/gnu/h-x86_64-mingw32/bin/../lib/gcc/nios2-elf/10.1.1/../../../../../H-x86_64-mingw32/nios2-elf/lib/mno-hw-mul\libsmallc.a(lib_a-memcmp.o)
                0x0000000000016870                memcmp
 .text          0x00000000000168a0        0x0 c:/development/quartus/nios2eds/bin/gnu/h-x86_64-mingw32/bin/../lib/gcc/nios2-elf/10.1.1/../../../../../H-x86_64-mingw32/nios2-elf/lib/mno-hw-mul\libsmallc.a(lib_a-__atexit.o)
 .text.__register_exitproc
                0x00000000000168a0      0x11c c:/development/quartus/nios2eds/bin/gnu/h-x86_64-mingw32/bin/../lib/gcc/nios2-elf/10.1.1/../../../../../H-x86_64-mingw32/nios2-elf/lib/mno-hw-mul\libsmallc.a(lib_a-__atexit.o)
                0x00000000000168a0                __register_exitproc
 .text          0x00000000000169bc        0x0 c:/development/quartus/nios2eds/bin/gnu/h-x86_64-mingw32/bin/../lib/gcc/nios2-elf/10.1.1/../../../../../H-x86_64-mingw32/nios2-elf/lib/mno-hw-mul\libsmallc.a(lib_a-__call_atexit.o)
 .text.__call_exitprocs
                0x00000000000169bc      0x12c c:/development/quartus/nios2eds/bin/gnu/h-x86_64-mingw32/bin/../lib/gcc/nios2-elf/10.1.1/../../../../../H-x86_64-mingw32/nios2-elf/lib/mno-hw-mul\libsmallc.a(lib_a-__call_atexit.o)
                0x00000000000169bc                __call_exitprocs
 *(.gnu.warning.*)
 *(.fini)