Info: Starting: Create block symbol file (.bsf)
Info: qsys-generate /home/kilian/Documents/201000168_embedded_systems_laboratory/project/practical_work_files/niosII_hw_dev_tutorial/decoder.qsys --block-symbol-file --output-directory=/home/kilian/Documents/201000168_embedded_systems_laboratory/project/practical_work_files/niosII_hw_dev_tutorial/decoder --family="Cyclone IV E" --part=EP4CE22F17C6
Progress: Loading niosII_hw_dev_tutorial/decoder.qsys
Progress: Reading input file
Progress: Adding clk_0 [clock_source 18.0]
Progress: Parameterizing module clk_0
Progress: Adding cpu [altera_nios2_qsys 16.1]
Progress: Parameterizing module cpu
Progress: Adding esl_encoder_0 [esl_encoder 1.0]
Progress: Parameterizing module esl_encoder_0
Progress: Adding jtag_uart [altera_avalon_jtag_uart 18.0]
Progress: Parameterizing module jtag_uart
Progress: Adding onchip_mem [altera_avalon_onchip_memory2 18.0]
Progress: Parameterizing module onchip_mem
Progress: Adding sys_clk_timer [altera_avalon_timer 18.0]
Progress: Parameterizing module sys_clk_timer
Progress: Adding sysid [altera_avalon_sysid_qsys 18.0]
Progress: Parameterizing module sysid
Progress: Building connections
Progress: Parameterizing connections
Progress: Validating
Progress: Done reading input file
Warning: decoder.cpu: Nios II Classic cores are no longer recommended for new projects
Info: decoder.jtag_uart: JTAG UART IP input clock need to be at least double (2x) the operating frequency of JTAG TCK on board
Info: decoder.sysid: System ID is not assigned automatically. Edit the System ID parameter to provide a unique ID
Info: decoder.sysid: Time stamp will be automatically updated when this component is generated.
Info: qsys-generate succeeded.
Info: Finished: Create block symbol file (.bsf)
Info: 
Info: Starting: Create HDL design files for synthesis
Info: qsys-generate /home/kilian/Documents/201000168_embedded_systems_laboratory/project/practical_work_files/niosII_hw_dev_tutorial/decoder.qsys --synthesis=VHDL --output-directory=/home/kilian/Documents/201000168_embedded_systems_laboratory/project/practical_work_files/niosII_hw_dev_tutorial/decoder/synthesis --family="Cyclone IV E" --part=EP4CE22F17C6
Progress: Loading niosII_hw_dev_tutorial/decoder.qsys
Progress: Reading input file
Progress: Adding clk_0 [clock_source 18.0]
Progress: Parameterizing module clk_0
Progress: Adding cpu [altera_nios2_qsys 16.1]
Progress: Parameterizing module cpu
Progress: Adding esl_encoder_0 [esl_encoder 1.0]
Progress: Parameterizing module esl_encoder_0
Progress: Adding jtag_uart [altera_avalon_jtag_uart 18.0]
Progress: Parameterizing module jtag_uart
Progress: Adding onchip_mem [altera_avalon_onchip_memory2 18.0]
Progress: Parameterizing module onchip_mem
Progress: Adding sys_clk_timer [altera_avalon_timer 18.0]
Progress: Parameterizing module sys_clk_timer
Progress: Adding sysid [altera_avalon_sysid_qsys 18.0]
Progress: Parameterizing module sysid
Progress: Building connections
Progress: Parameterizing connections
Progress: Validating
Progress: Done reading input file
Warning: decoder.cpu: Nios II Classic cores are no longer recommended for new projects
Info: decoder.jtag_uart: JTAG UART IP input clock need to be at least double (2x) the operating frequency of JTAG TCK on board
Info: decoder.sysid: System ID is not assigned automatically. Edit the System ID parameter to provide a unique ID
Info: decoder.sysid: Time stamp will be automatically updated when this component is generated.
Info: decoder: Generating decoder "decoder" for QUARTUS_SYNTH
Info: cpu: Starting RTL generation for module 'decoder_cpu'
Info: cpu:   Generation command is [exec /opt/intelFPGA_lite/18.0/quartus/linux64/eperlcmd -I /opt/intelFPGA_lite/18.0/quartus/linux64/perl/lib -I /opt/intelFPGA_lite/18.0/quartus/sopc_builder/bin/europa -I /opt/intelFPGA_lite/18.0/quartus/sopc_builder/bin/perl_lib -I /opt/intelFPGA_lite/18.0/quartus/sopc_builder/bin -I /opt/intelFPGA_lite/18.0/quartus/../ip/altera/nios2_ip/altera_nios2/cpu_lib -I /opt/intelFPGA_lite/18.0/quartus/../ip/altera/nios2_ip/altera_nios2/nios_lib -I /opt/intelFPGA_lite/18.0/quartus/../ip/altera/nios2_ip/altera_nios2 -I /opt/intelFPGA_lite/18.0/quartus/../ip/altera/nios2_ip/altera_nios2 -- /opt/intelFPGA_lite/18.0/quartus/../ip/altera/nios2_ip/altera_nios2/generate_rtl.epl --name=decoder_cpu --dir=/tmp/alt8758_1554262661654783669.dir/0003_cpu_gen/ --quartus_bindir=/opt/intelFPGA_lite/18.0/quartus/linux64 --verilog --config=/tmp/alt8758_1554262661654783669.dir/0003_cpu_gen//decoder_cpu_processor_configuration.pl  --do_build_sim=0  ]
Info: cpu: # 2021.05.11 14:57:49 (*) Starting Nios II generation
Info: cpu: # 2021.05.11 14:57:49 (*)   Checking for plaintext license.
Info: cpu: # 2021.05.11 14:57:49 (*)   Couldn't query license setup in Quartus directory /opt/intelFPGA_lite/18.0/quartus/linux64
Info: cpu: # 2021.05.11 14:57:49 (*)   Defaulting to contents of LM_LICENSE_FILE environment variable
Info: cpu: # 2021.05.11 14:57:49 (*)   LM_LICENSE_FILE environment variable is empty
Info: cpu: # 2021.05.11 14:57:49 (*)   Plaintext license not found.
Info: cpu: # 2021.05.11 14:57:49 (*)   Checking for encrypted license (non-evaluation).
Info: cpu: # 2021.05.11 14:57:50 (*)   Couldn't query license setup in Quartus directory /opt/intelFPGA_lite/18.0/quartus/linux64
Info: cpu: # 2021.05.11 14:57:50 (*)   Defaulting to contents of LM_LICENSE_FILE environment variable
Info: cpu: # 2021.05.11 14:57:50 (*)   LM_LICENSE_FILE environment variable is empty
Info: cpu: # 2021.05.11 14:57:50 (*)   Encrypted license not found.  Defaulting to OCP evaluation license (produces a time-limited SOF)
Info: cpu: # 2021.05.11 14:57:50 (*)   Elaborating CPU configuration settings
Info: cpu: # 2021.05.11 14:57:50 (*)   Creating all objects for CPU
Info: cpu: # 2021.05.11 14:57:50 (*)     Pipeline frontend
Info: cpu: # 2021.05.11 14:57:51 (*)   Generating RTL from CPU objects
Info: cpu: # 2021.05.11 14:57:53 (*)   Creating encrypted RTL
Info: cpu: # 2021.05.11 14:57:53 (*) Done Nios II generation
Info: cpu: Done RTL generation for module 'decoder_cpu'
Info: cpu: "decoder" instantiated altera_nios2_qsys "cpu"
Info: esl_encoder_0: "decoder" instantiated esl_encoder "esl_encoder_0"
Info: jtag_uart: Starting RTL generation for module 'decoder_jtag_uart'
Info: jtag_uart:   Generation command is [exec /opt/intelFPGA_lite/18.0/quartus/linux64/perl/bin/perl -I /opt/intelFPGA_lite/18.0/quartus/linux64/perl/lib -I /opt/intelFPGA_lite/18.0/quartus/sopc_builder/bin/europa -I /opt/intelFPGA_lite/18.0/quartus/sopc_builder/bin/perl_lib -I /opt/intelFPGA_lite/18.0/quartus/sopc_builder/bin -I /opt/intelFPGA_lite/18.0/quartus/../ip/altera/sopc_builder_ip/common -I /opt/intelFPGA_lite/18.0/quartus/../ip/altera/sopc_builder_ip/altera_avalon_jtag_uart -- /opt/intelFPGA_lite/18.0/quartus/../ip/altera/sopc_builder_ip/altera_avalon_jtag_uart/generate_rtl.pl --name=decoder_jtag_uart --dir=/tmp/alt8758_1554262661654783669.dir/0005_jtag_uart_gen/ --quartus_dir=/opt/intelFPGA_lite/18.0/quartus --verilog --config=/tmp/alt8758_1554262661654783669.dir/0005_jtag_uart_gen//decoder_jtag_uart_component_configuration.pl  --do_build_sim=0  ]
Info: jtag_uart: Done RTL generation for module 'decoder_jtag_uart'
Info: jtag_uart: "decoder" instantiated altera_avalon_jtag_uart "jtag_uart"
Info: onchip_mem: Starting RTL generation for module 'decoder_onchip_mem'
Info: onchip_mem:   Generation command is [exec /opt/intelFPGA_lite/18.0/quartus/linux64/perl/bin/perl -I /opt/intelFPGA_lite/18.0/quartus/linux64/perl/lib -I /opt/intelFPGA_lite/18.0/quartus/sopc_builder/bin/europa -I /opt/intelFPGA_lite/18.0/quartus/sopc_builder/bin/perl_lib -I /opt/intelFPGA_lite/18.0/quartus/sopc_builder/bin -I /opt/intelFPGA_lite/18.0/quartus/../ip/altera/sopc_builder_ip/common -I /opt/intelFPGA_lite/18.0/quartus/../ip/altera/sopc_builder_ip/altera_avalon_onchip_memory2 -- /opt/intelFPGA_lite/18.0/quartus/../ip/altera/sopc_builder_ip/altera_avalon_onchip_memory2/generate_rtl.pl --name=decoder_onchip_mem --dir=/tmp/alt8758_1554262661654783669.dir/0006_onchip_mem_gen/ --quartus_dir=/opt/intelFPGA_lite/18.0/quartus --verilog --config=/tmp/alt8758_1554262661654783669.dir/0006_onchip_mem_gen//decoder_onchip_mem_component_configuration.pl  --do_build_sim=0  ]
Info: onchip_mem: Done RTL generation for module 'decoder_onchip_mem'
Info: onchip_mem: "decoder" instantiated altera_avalon_onchip_memory2 "onchip_mem"
Info: sys_clk_timer: Starting RTL generation for module 'decoder_sys_clk_timer'
Info: sys_clk_timer:   Generation command is [exec /opt/intelFPGA_lite/18.0/quartus/linux64//perl/bin/perl -I /opt/intelFPGA_lite/18.0/quartus/linux64//perl/lib -I /opt/intelFPGA_lite/18.0/quartus/sopc_builder/bin/europa -I /opt/intelFPGA_lite/18.0/quartus/sopc_builder/bin/perl_lib -I /opt/intelFPGA_lite/18.0/quartus/sopc_builder/bin -I /opt/intelFPGA_lite/18.0/quartus/../ip/altera/sopc_builder_ip/common -I /opt/intelFPGA_lite/18.0/quartus/../ip/altera/sopc_builder_ip/altera_avalon_timer -- /opt/intelFPGA_lite/18.0/quartus/../ip/altera/sopc_builder_ip/altera_avalon_timer/generate_rtl.pl --name=decoder_sys_clk_timer --dir=/tmp/alt8758_1554262661654783669.dir/0007_sys_clk_timer_gen/ --quartus_dir=/opt/intelFPGA_lite/18.0/quartus --verilog --config=/tmp/alt8758_1554262661654783669.dir/0007_sys_clk_timer_gen//decoder_sys_clk_timer_component_configuration.pl  --do_build_sim=0  ]
Info: sys_clk_timer: Done RTL generation for module 'decoder_sys_clk_timer'
Info: sys_clk_timer: "decoder" instantiated altera_avalon_timer "sys_clk_timer"
Info: sysid: "decoder" instantiated altera_avalon_sysid_qsys "sysid"
Info: avalon_st_adapter: Inserting error_adapter: error_adapter_0
Info: avalon_st_adapter_001: Inserting error_adapter: error_adapter_0
Info: avalon_st_adapter_002: Inserting error_adapter: error_adapter_0
Info: avalon_st_adapter_003: Inserting error_adapter: error_adapter_0
Info: avalon_st_adapter_004: Inserting error_adapter: error_adapter_0
Info: mm_interconnect_0: "decoder" instantiated altera_mm_interconnect "mm_interconnect_0"
Info: irq_mapper: "decoder" instantiated altera_irq_mapper "irq_mapper"
Info: rst_controller: "decoder" instantiated altera_reset_controller "rst_controller"
Info: cpu_data_master_translator: "mm_interconnect_0" instantiated altera_merlin_master_translator "cpu_data_master_translator"
Info: jtag_uart_avalon_jtag_slave_translator: "mm_interconnect_0" instantiated altera_merlin_slave_translator "jtag_uart_avalon_jtag_slave_translator"
Info: cpu_data_master_agent: "mm_interconnect_0" instantiated altera_merlin_master_agent "cpu_data_master_agent"
Info: jtag_uart_avalon_jtag_slave_agent: "mm_interconnect_0" instantiated altera_merlin_slave_agent "jtag_uart_avalon_jtag_slave_agent"
Info: jtag_uart_avalon_jtag_slave_agent_rsp_fifo: "mm_interconnect_0" instantiated altera_avalon_sc_fifo "jtag_uart_avalon_jtag_slave_agent_rsp_fifo"
Info: router: "mm_interconnect_0" instantiated altera_merlin_router "router"
Info: router_001: "mm_interconnect_0" instantiated altera_merlin_router "router_001"
Info: router_002: "mm_interconnect_0" instantiated altera_merlin_router "router_002"
Info: router_004: "mm_interconnect_0" instantiated altera_merlin_router "router_004"
Info: cpu_instruction_master_limiter: "mm_interconnect_0" instantiated altera_merlin_traffic_limiter "cpu_instruction_master_limiter"
Info: Reusing file /home/kilian/Documents/201000168_embedded_systems_laboratory/project/practical_work_files/niosII_hw_dev_tutorial/decoder/synthesis/submodules/altera_avalon_sc_fifo.v
Info: cmd_demux: "mm_interconnect_0" instantiated altera_merlin_demultiplexer "cmd_demux"
Info: cmd_demux_001: "mm_interconnect_0" instantiated altera_merlin_demultiplexer "cmd_demux_001"
Info: cmd_mux: "mm_interconnect_0" instantiated altera_merlin_multiplexer "cmd_mux"
Info: cmd_mux_002: "mm_interconnect_0" instantiated altera_merlin_multiplexer "cmd_mux_002"
Info: Reusing file /home/kilian/Documents/201000168_embedded_systems_laboratory/project/practical_work_files/niosII_hw_dev_tutorial/decoder/synthesis/submodules/altera_merlin_arbitrator.sv
Info: rsp_demux: "mm_interconnect_0" instantiated altera_merlin_demultiplexer "rsp_demux"
Info: rsp_demux_002: "mm_interconnect_0" instantiated altera_merlin_demultiplexer "rsp_demux_002"
Info: rsp_mux: "mm_interconnect_0" instantiated altera_merlin_multiplexer "rsp_mux"
Info: Reusing file /home/kilian/Documents/201000168_embedded_systems_laboratory/project/practical_work_files/niosII_hw_dev_tutorial/decoder/synthesis/submodules/altera_merlin_arbitrator.sv
Info: rsp_mux_001: "mm_interconnect_0" instantiated altera_merlin_multiplexer "rsp_mux_001"
Info: Reusing file /home/kilian/Documents/201000168_embedded_systems_laboratory/project/practical_work_files/niosII_hw_dev_tutorial/decoder/synthesis/submodules/altera_merlin_arbitrator.sv
Info: avalon_st_adapter: "mm_interconnect_0" instantiated altera_avalon_st_adapter "avalon_st_adapter"
Info: error_adapter_0: "avalon_st_adapter" instantiated error_adapter "error_adapter_0"
Info: decoder: Done "decoder" with 30 modules, 49 files
Info: qsys-generate succeeded.
Info: Finished: Create HDL design files for synthesis
